Component: ARM Compiler 6.16 Tool: armlink [5dfeaa00]

==============================================================================

Section Cross References

    main_presence_ulp.o(.text.main) refers to at6010_clock.o(.text.clk_mcu_set) for clk_mcu_set
    main_presence_ulp.o(.text.main) refers to hal_dualtimer.o(.text.hal_dualtimer_init) for hal_dualtimer_init
    main_presence_ulp.o(.text.main) refers to app_hpd_ulp.o(.text.app_hpd_log_uart_init) for app_hpd_log_uart_init
    main_presence_ulp.o(.text.main) refers to atlog.o(.text.set_log_level) for set_log_level
    main_presence_ulp.o(.text.main) refers to radar_profile_init.o(.text.radar_profile_burst_init) for radar_profile_burst_init
    main_presence_ulp.o(.text.main) refers to hal_fft.o(.text.hal_fft_ulp_init) for hal_fft_ulp_init
    main_presence_ulp.o(.text.main) refers to hal_radar.o(.text.hal_radar_ulp_start) for hal_radar_ulp_start
    main_presence_ulp.o(.text.main) refers to app_hpd_ulp.o(.text.app_hpd_ulp_init) for app_hpd_ulp_init
    main_presence_ulp.o(.text.main) refers to app_hpd_ulp.o(.text.app_hpd_ulp_proc) for app_hpd_ulp_proc
    main_presence_ulp.o(.text.main) refers to atlog.o(.text.log_printf) for log_printf
    main_presence_ulp.o(.text.main) refers to at6010_pmu.o(.text.pmu_enter_sleep) for pmu_enter_sleep
    main_presence_ulp.o(.ARM.exidx.text.main) refers to main_presence_ulp.o(.text.main) for [Anonymous Symbol]
    output_config.o(.text.output_dma_config) refers to at6010_clock.o(.text.sys_clk_enable_dma) for sys_clk_enable_dma
    output_config.o(.text.output_dma_config) refers to at6010_dma.o(.text.dma_enable_global) for dma_enable_global
    output_config.o(.text.output_dma_config) refers to at6010_dma.o(.text.dma_set_dst_addr) for dma_set_dst_addr
    output_config.o(.text.output_dma_config) refers to at6010_dma.o(.text.dma_set_dst_handshake_if) for dma_set_dst_handshake_if
    output_config.o(.text.output_dma_config) refers to hal_uart.o(.text.hal_uart_state_get) for hal_uart_state_get
    output_config.o(.text.output_dma_config) refers to hal_uart.o(.text.hal_uart_deinit) for hal_uart_deinit
    output_config.o(.text.output_dma_config) refers to hal_uart.o(.text.hal_uart_init) for hal_uart_init
    output_config.o(.text.output_dma_config) refers to at6010_dma.o(.text.dma_set_int_en) for dma_set_int_en
    output_config.o(.text.output_dma_config) refers to at6010_dma.o(.text.dma_set_flowctrl) for dma_set_flowctrl
    output_config.o(.text.output_dma_config) refers to at6010_dma.o(.text.dma_set_block_transfer_size) for dma_set_block_transfer_size
    output_config.o(.text.output_dma_config) refers to at6010_dma.o(.text.dma_set_dst_handshake_type) for dma_set_dst_handshake_type
    output_config.o(.text.output_dma_config) refers to at6010_dma.o(.text.dma_set_dst_tr_width) for dma_set_dst_tr_width
    output_config.o(.text.output_dma_config) refers to at6010_dma.o(.text.dma_set_dst_burst_length) for dma_set_dst_burst_length
    output_config.o(.text.output_dma_config) refers to at6010_dma.o(.text.dma_set_dst_addr_inc) for dma_set_dst_addr_inc
    output_config.o(.text.output_dma_config) refers to at6010_dma.o(.text.dma_set_dst_scatter_en) for dma_set_dst_scatter_en
    output_config.o(.text.output_dma_config) refers to at6010_dma.o(.text.dma_set_src_tr_width) for dma_set_src_tr_width
    output_config.o(.text.output_dma_config) refers to at6010_dma.o(.text.dma_set_src_burst_length) for dma_set_src_burst_length
    output_config.o(.text.output_dma_config) refers to at6010_dma.o(.text.dma_set_src_addr_inc) for dma_set_src_addr_inc
    output_config.o(.text.output_dma_config) refers to at6010_dma.o(.text.dma_set_src_gather_en) for dma_set_src_gather_en
    output_config.o(.text.output_dma_config) refers to output_config.o(.rodata..L__const.output_dma_config.uart_cfg) for [Anonymous Symbol]
    output_config.o(.ARM.exidx.text.output_dma_config) refers to output_config.o(.text.output_dma_config) for [Anonymous Symbol]
    output_config.o(.text.wait_output_dma_done) refers to at6010_dma.o(.text.dma_is_active_channel) for dma_is_active_channel
    output_config.o(.text.wait_output_dma_done) refers to at6010_dma.o(.text.dma_clear_it_tfr) for dma_clear_it_tfr
    output_config.o(.ARM.exidx.text.wait_output_dma_done) refers to output_config.o(.text.wait_output_dma_done) for [Anonymous Symbol]
    output_config.o(.text.start_output_dma) refers to at6010_dma.o(.text.dma_set_src_addr) for dma_set_src_addr
    output_config.o(.text.start_output_dma) refers to at6010_dma.o(.text.dma_set_block_transfer_size) for dma_set_block_transfer_size
    output_config.o(.text.start_output_dma) refers to at6010_dma.o(.text.dma_enable_channel) for dma_enable_channel
    output_config.o(.ARM.exidx.text.start_output_dma) refers to output_config.o(.text.start_output_dma) for [Anonymous Symbol]
    output_config.o(.text.output_port_send_data) refers to output_config.o(.text.wait_output_dma_done) for wait_output_dma_done
[...]
    __arm_cp.23_0                            0x2000be6c   Number         4  mdet_fmcw_ulp.o(.text.dev_fifo_half_handler)
    [Anonymous Symbol]                       0x2000be70   Section        0  at6010_dualtimer.o(.text.dualtimer_get_default_config)
    __arm_cp.2_0                             0x2000be7c   Number         4  at6010_dualtimer.o(.text.dualtimer_get_default_config)
    [Anonymous Symbol]                       0x2000be80   Section        0  at6010_dualtimer.o(.text.dualtimer_get_value)
    [Anonymous Symbol]                       0x2000be8c   Section        0  at6010_dualtimer.o(.text.dualtimer_hdl_proc)
    [Anonymous Symbol]                       0x2000bebc   Section        0  at6010_dualtimer.o(.text.dualtimer_init)
    [Anonymous Symbol]                       0x2000bec4   Section        0  at6010_dualtimer.o(.text.dualtimer_set_config)
    [Anonymous Symbol]                       0x2000befc   Section        0  at6010_dualtimer.o(.text.dualtimer_start)
    __arm_cp.5_0                             0x2000bf10   Number         4  at6010_dualtimer.o(.text.dualtimer_start)
    [Anonymous Symbol]                       0x2000bf14   Section        0  at6010_fft.o(.text.fft_adc_fft_addr_set)
    __arm_cp.13_0                            0x2000bf34   Number         4  at6010_fft.o(.text.fft_adc_fft_addr_set)
    __arm_cp.13_1                            0x2000bf38   Number         4  at6010_fft.o(.text.fft_adc_fft_addr_set)
    [Anonymous Symbol]                       0x2000bf3c   Section        0  at6010_fft.o(.text.fft_adc_rdat_addr_set)
    __arm_cp.12_0                            0x2000bf58   Number         4  at6010_fft.o(.text.fft_adc_rdat_addr_set)
    __arm_cp.12_1                            0x2000bf5c   Number         4  at6010_fft.o(.text.fft_adc_rdat_addr_set)
    __arm_cp.12_2                            0x2000bf60   Number         4  at6010_fft.o(.text.fft_adc_rdat_addr_set)
    fft_fill_this_buffer                     0x2000bf65   Thumb Code    40  hal_fft.o(.text.fft_fill_this_buffer)
    [Anonymous Symbol]                       0x2000bf64   Section        0  hal_fft.o(.text.fft_fill_this_buffer)
    [Anonymous Symbol]                       0x2000bf8c   Section        0  at6010_fft.o(.text.fft_irq_callback_set)
    [Anonymous Symbol]                       0x2000bf94   Section        0  at6010_fft.o(.text.fft_isr)
    __arm_cp.20_0                            0x2000bfc4   Number         4  at6010_fft.o(.text.fft_isr)
    __arm_cp.20_1                            0x2000bfc8   Number         4  at6010_fft.o(.text.fft_isr)
    get_current_data_addr                    0x2000bfcd   Thumb Code    48  mdet_fmcw_ulp.o(.text.get_current_data_addr)
    [Anonymous Symbol]                       0x2000bfcc   Section        0  mdet_fmcw_ulp.o(.text.get_current_data_addr)
    [Anonymous Symbol]                       0x2000bffc   Section        0  at6010_gpio.o(.text.gpio_init)
    __arm_cp.12_1                            0x2000c0b0   Number         4  at6010_gpio.o(.text.gpio_init)
    [Anonymous Symbol]                       0x2000c0b4   Section        0  at6010_gpio.o(.text.gpio_set_value)
    __arm_cp.3_0                             0x2000c0ec   Number         4  at6010_gpio.o(.text.gpio_set_value)
    __arm_cp.3_1                             0x2000c0f0   Number         4  at6010_gpio.o(.text.gpio_set_value)
    [Anonymous Symbol]                       0x2000c0f4   Section        0  hal_dualtimer.o(.text.hal_dualtimer_delay_us)
    __arm_cp.5_0                             0x2000c128   Number         4  hal_dualtimer.o(.text.hal_dualtimer_delay_us)
    [Anonymous Symbol]                       0x2000c12c   Section        0  hal_dualtimer.o(.text.hal_dualtimer_init)
    __arm_cp.0_0                             0x2000c178   Number         4  hal_dualtimer.o(.text.hal_dualtimer_init)
    [Anonymous Symbol]                       0x2000c17c   Section        0  hal_fft.o(.text.hal_fft_notify_set)
    __arm_cp.3_1                             0x2000c190   Number         4  hal_fft.o(.text.hal_fft_notify_set)
    [Anonymous Symbol]                       0x2000c194   Section        0  hal_fft.o(.text.hal_fft_ulp_init)
    __arm_cp.2_0                             0x2000c1b0   Number         4  hal_fft.o(.text.hal_fft_ulp_init)
    __arm_cp.2_1                             0x2000c1b4   Number         4  hal_fft.o(.text.hal_fft_ulp_init)
    [Anonymous Symbol]                       0x2000c1b8   Section        0  hal_radar.o(.text.hal_radar_burst_init)
    [Anonymous Symbol]                       0x2000c1ca   Section        0  hal_radar.o(.text.hal_radar_start)
    [Anonymous Symbol]                       0x2000c1d6   Section        0  hal_radar.o(.text.hal_radar_ulp_start)
    [Anonymous Symbol]                       0x2000c1e0   Section        0  hal_uart.o(.text.hal_uart_init)
    m_uart_enable                            0x2000c2a4   Number         0  hal_uart.o(.text.hal_uart_init)
    m_uart_nvic                              0x2000c2b0   Number         0  hal_uart.o(.text.hal_uart_init)
    __arm_cp.0_2                             0x2000c2b4   Number         4  hal_uart.o(.text.hal_uart_init)
    __arm_cp.0_3                             0x2000c2b8   Number         4  hal_uart.o(.text.hal_uart_init)
    [Anonymous Symbol]                       0x2000c2bc   Section        0  hal_uart.o(.text.hal_uart_send_wait)
    [Anonymous Symbol]                       0x2000c2e0   Section        0  hal_uart.o(.text.hal_uart_state_get)
    __arm_cp.2_0                             0x2000c2e8   Number         4  hal_uart.o(.text.hal_uart_state_get)
    [Anonymous Symbol]                       0x2000c2ec   Section        0  handle_mdet_info.o(.text.handle_mdet_info_mot)
    __arm_cp.5_0                             0x2000c318   Number         4  handle_mdet_info.o(.text.handle_mdet_info_mot)
    invoke_fft_callback                      0x2000c31d   Thumb Code    80  hal_fft.o(.text.invoke_fft_callback)
    [Anonymous Symbol]                       0x2000c31c   Section        0  hal_fft.o(.text.invoke_fft_callback)
    __arm_cp.1_0                             0x2000c36c   Number         4  hal_fft.o(.text.invoke_fft_callback)
    [Anonymous Symbol]                       0x2000c370   Section        0  k_msg.o(.text.k_msg_post)
    __arm_cp.2_0                             0x2000c3c0   Number         4  k_msg.o(.text.k_msg_post)
    [Anonymous Symbol]                       0x2000c3ec   Section        0  atlog.o(.text.log_printf)
    __arm_cp.2_1                             0x2000c454   Number         4  atlog.o(.text.log_printf)
    [Anonymous Symbol]                       0x2000c458   Section        0  main_presence_ulp.o(.text.main)
    __arm_cp.0_0                             0x2000c494   Number         4  main_presence_ulp.o(.text.main)
    [Anonymous Symbol]                       0x2000c4ac   Section        0  string.o(.text.memchr)
    [Anonymous Symbol]                       0x2000c4c4   Section        0  at6010_pmu.o(.text.pmu_enable_wakeup_source)
    __arm_cp.19_0                            0x2000c4d0   Number         4  at6010_pmu.o(.text.pmu_enable_wakeup_source)
    [Anonymous Symbol]                       0x2000c4d4   Section        0  at6010_pmu.o(.text.pmu_enter_sleep)
    __arm_cp.17_0                            0x2000c4f4   Number         4  at6010_pmu.o(.text.pmu_enter_sleep)
    __arm_cp.17_1                            0x2000c4f8   Number         4  at6010_pmu.o(.text.pmu_enter_sleep)
    [Anonymous Symbol]                       0x2000c4fc   Section        0  at6010_pmu.o(.text.pmu_retention_select)
    __arm_cp.18_0                            0x2000c508   Number         4  at6010_pmu.o(.text.pmu_retention_select)
    [Anonymous Symbol]                       0x2000c50c   Section        0  at6010_pmu.o(.text.pmu_set_dig_vcore)
    __arm_cp.26_0                            0x2000c520   Number         4  at6010_pmu.o(.text.pmu_set_dig_vcore)
    [Anonymous Symbol]                       0x2000c524   Section        0  at6010_pmu.o(.text.pmu_set_wakeup_time)
    __arm_cp.14_0                            0x2000c534   Number         4  at6010_pmu.o(.text.pmu_set_wakeup_time)
    [Anonymous Symbol]                       0x2000c538   Section        0  at6010_radar.o(.text.radar_burst_init)
    __arm_cp.18_0                            0x2000c54c   Number         4  at6010_radar.o(.text.radar_burst_init)
    [Anonymous Symbol]                       0x2000c550   Section        0  at6010_radar.o(.text.radar_deinit)
    [Anonymous Symbol]                       0x2000c630   Section        0  mdet_fmcw_ulp.o(.text.radar_fmcw_md_det_info)
    [Anonymous Symbol]                       0x2000c644   Section        0  mdet_fmcw_ulp.o(.text.radar_fmcw_md_perform)
    __arm_cp.25_0                            0x2000c700   Number         4  mdet_fmcw_ulp.o(.text.radar_fmcw_md_perform)
    __arm_cp.25_1                            0x2000c704   Number         4  mdet_fmcw_ulp.o(.text.radar_fmcw_md_perform)
    __arm_cp.25_2                            0x2000c708   Number         4  mdet_fmcw_ulp.o(.text.radar_fmcw_md_perform)
    __arm_cp.25_3                            0x2000c70c   Number         4  mdet_fmcw_ulp.o(.text.radar_fmcw_md_perform)
    [Anonymous Symbol]                       0x2000c710   Section        0  at6010_radar_frame.o(.text.radar_frame_start)
    __arm_cp.6_0                             0x2000c71c   Number         4  at6010_radar_frame.o(.text.radar_frame_start)
    [Anonymous Symbol]                       0x2000c720   Section        0  at6010_radar.o(.text.radar_isr)
    __arm_cp.2_0                             0x2000c754   Number         4  at6010_radar.o(.text.radar_isr)
    [Anonymous Symbol]                       0x2000c758   Section        0  radar_profile_init.o(.text.radar_profile_burst_init)
    radar_rf_init                            0x2000c765   Thumb Code   456  at6010_radar.o(.text.radar_rf_init)
    [Anonymous Symbol]                       0x2000c764   Section        0  at6010_radar.o(.text.radar_rf_init)
    __arm_cp.13_0                            0x2000c92c   Number         4  at6010_radar.o(.text.radar_rf_init)
    __arm_cp.13_1                            0x2000c930   Number         4  at6010_radar.o(.text.radar_rf_init)
    __arm_cp.13_2                            0x2000c934   Number         4  at6010_radar.o(.text.radar_rf_init)
    __arm_cp.13_3                            0x2000c938   Number         4  at6010_radar.o(.text.radar_rf_init)
    [Anonymous Symbol]                       0x2000c93c   Section        0  at6010_radar.o(.text.radar_rf_pwr_on)
    radar_ulp_enter                          0x2000c949   Thumb Code    12  at6010_radar.o(.text.radar_ulp_enter)
    [Anonymous Symbol]                       0x2000c948   Section        0  at6010_radar.o(.text.radar_ulp_enter)
    __arm_cp.10_0                            0x2000c954   Number         4  at6010_radar.o(.text.radar_ulp_enter)
    [Anonymous Symbol]                       0x2000c958   Section        0  at6010_radar.o(.text.radar_ulp_init)
    __arm_cp.9_0                             0x2000c960   Number         4  at6010_radar.o(.text.radar_ulp_init)
    __arm_cp.9_1                             0x2000c964   Number         4  at6010_radar.o(.text.radar_ulp_init)
    [Anonymous Symbol]                       0x2000c968   Section        0  atlog.o(.text.set_log_level)
    __arm_cp.0_0                             0x2000c970   Number         4  atlog.o(.text.set_log_level)
    sprintf_out                              0x2000c975   Thumb Code    26  vsprintf.o(.text.sprintf_out)
    [Anonymous Symbol]                       0x2000c974   Section        0  vsprintf.o(.text.sprintf_out)
    [Anonymous Symbol]                       0x2000c990   Section        0  at6010_clock.o(.text.sys_clk_adc_sdm_inv_set)
    __arm_cp.12_0                            0x2000c9ac   Number         4  at6010_clock.o(.text.sys_clk_adc_sdm_inv_set)
    [Anonymous Symbol]                       0x2000c9b0   Section        0  at6010_clock.o(.text.sys_clk_enable_dualtimer)
    [Anonymous Symbol]                       0x2000c9c4   Section        0  at6010_clock.o(.text.sys_clk_enable_radar)
    __arm_cp.13_0                            0x2000c9d8   Number         4  at6010_clock.o(.text.sys_clk_enable_radar)
    [Anonymous Symbol]                       0x2000c9dc   Section        0  at6010_clock.o(.text.sys_clk_enable_uart0)
    [Anonymous Symbol]                       0x2000c9f0   Section        0  at6010_clock.o(.text.sys_clk_enable_uart1)
    [Anonymous Symbol]                       0x2000ca04   Section        0  at6010_clock.o(.text.sys_clk_enable_uart2)
    __arm_cp.33_0                            0x2000ca18   Number         4  at6010_clock.o(.text.sys_clk_enable_uart2)
    [Anonymous Symbol]                       0x2000ca1c   Section        0  jiffies.o(.text.sys_tick_handler)
    __arm_cp.1_0                             0x2000ca2c   Number         4  jiffies.o(.text.sys_tick_handler)
    [Anonymous Symbol]                       0x2000ca30   Section        0  sys_timer.o(.text.sys_timer_period)
    __arm_cp.0_0                             0x2000ca7c   Number         4  sys_timer.o(.text.sys_timer_period)
    [Anonymous Symbol]                       0x2000ca80   Section        0  at6010_timer.o(.text.timer_isr)
    __arm_cp.12_0                            0x2000ca9c   Number         4  at6010_timer.o(.text.timer_isr)
    [Anonymous Symbol]                       0x2000caa0   Section        0  at6010_uart.o(.text.uart_baudrate_set)
    [Anonymous Symbol]                       0x2000cae4   Section        0  at6010_uart.o(.text.uart_data_width_set)
    [Anonymous Symbol]                       0x2000caf8   Section        0  at6010_uart.o(.text.uart_fifo_init)
    [Anonymous Symbol]                       0x2000cb18   Section        0  at6010_uart.o(.text.uart_get_status)
    [Anonymous Symbol]                       0x2000cb90   Section        0  at6010_uart.o(.text.uart_isr)
    __arm_cp.14_0                            0x2000cbc4   Number         4  at6010_uart.o(.text.uart_isr)
    __arm_cp.14_1                            0x2000cbc8   Number         4  at6010_uart.o(.text.uart_isr)
    __arm_cp.14_2                            0x2000cbcc   Number         4  at6010_uart.o(.text.uart_isr)
    [Anonymous Symbol]                       0x2000cc04   Section        0  at6010_uart.o(.text.uart_parity_set)
    [Anonymous Symbol]                       0x2000cc2c   Section        0  at6010_uart.o(.text.uart_rx_fifo_clr)
    [Anonymous Symbol]                       0x2000cc40   Section        0  at6010_uart.o(.text.uart_send_bs)
    [Anonymous Symbol]                       0x2000cc60   Section        0  at6010_uart.o(.text.uart_send_str)
    [Anonymous Symbol]                       0x2000cc80   Section        0  at6010_uart.o(.text.uart_set_dma_mode)
    [Anonymous Symbol]                       0x2000cc8c   Section        0  at6010_uart.o(.text.uart_stop_bits_set)
    [Anonymous Symbol]                       0x2000cca4   Section        0  at6010_uart.o(.text.uart_tx_fifo_clr)
    __arm_cp.16_0                            0x2000ccb8   Number         4  at6010_uart.o(.text.uart_tx_fifo_clr)
    [Anonymous Symbol]                       0x2000ccbc   Section        0  ulp_mem.o(.text.ulp_mem_get_addr)
    __arm_cp.1_0                             0x2000ccc8   Number         4  ulp_mem.o(.text.ulp_mem_get_addr)
    updateReportRBx8                         0x2000cccd   Thumb Code   124  vitalmc_psm_det.o(.text.updateReportRBx8)
    [Anonymous Symbol]                       0x2000cccc   Section        0  vitalmc_psm_det.o(.text.updateReportRBx8)
    [Anonymous Symbol]                       0x2000cd48   Section        0  vitalmc_psm_respiration_mgr.o(.text.vitalPSM_respiration_mgr_inform_lastMoveFrameId)
    [Anonymous Symbol]                       0x2000cd4c   Section        0  vitalmc_psm_respiration_mgr.o(.text.vitalPSM_respiration_mgr_isCaptured)
    [Anonymous Symbol]                       0x2000cd56   Section        0  vitalmc_psm_respiration_mgr.o(.text.vitalPSM_respiration_mgr_perFrameInit)
    [Anonymous Symbol]                       0x2000cd70   Section        0  vitalmc_psm_respiration_mgr.o(.text.vitalPSM_respiration_mgr_reset)
    [Anonymous Symbol]                       0x2000cd7c   Section        0  vitalmc_psm_respiration_mgr.o(.text.vitalPSM_respiration_mgr_summary)
    __arm_cp.4_0                             0x2000cf98   Number         4  vitalmc_psm_respiration_mgr.o(.text.vitalPSM_respiration_mgr_summary)
    __arm_cp.4_1                             0x2000cf9c   Number         4  vitalmc_psm_respiration_mgr.o(.text.vitalPSM_respiration_mgr_summary)
    [Anonymous Symbol]                       0x2000cfa0   Section        0  vitalmc_psm_respiration_mgr.o(.text.vitalPSM_respiration_mgr_tag)
    [Anonymous Symbol]                       0x2000cfbe   Section        0  vitalmc_psm_respiration_mgr.o(.text.vitalPSM_respiration_mgr_untag)
    [Anonymous Symbol]                       0x2000cfcc   Section        0  vital_common.o(.text.vital_asin_pi_deg16x_LUT)
    [Anonymous Symbol]                       0x2000d004   Section        0  vital_common.o(.text.vital_atan2_rad_LUT)
    __arm_cp.7_0                             0x2000d07c   Number         4  vital_common.o(.text.vital_atan2_rad_LUT)
    [Anonymous Symbol]                       0x2000d080   Section        0  vital_common.o(.text.vital_common_bitscan_MSB32)
    [Anonymous Symbol]                       0x2000d0be   Section        0  vital_common.o(.text.vital_common_bitscan_MSB64)
    [Anonymous Symbol]                       0x2000d0d4   Section        0  vital_common.o(.text.vital_common_get_bitcount16)
    __arm_cp.0_0                             0x2000d0f8   Number         4  vital_common.o(.text.vital_common_get_bitcount16)
    __arm_cp.0_1                             0x2000d0fc   Number         4  vital_common.o(.text.vital_common_get_bitcount16)
    __arm_cp.0_2                             0x2000d100   Number         4  vital_common.o(.text.vital_common_get_bitcount16)
    [Anonymous Symbol]                       0x2000d104   Section        0  vital_common.o(.text.vital_common_get_complexMod)
    [Anonymous Symbol]                       0x2000d124   Section        0  vitalmc_psm_core.o(.text.vital_sign_PSM)
    __arm_cp.4_10                            0x2000d508   Number         4  vitalmc_psm_core.o(.text.vital_sign_PSM)
    __arm_cp.4_11                            0x2000d50c   Number         4  vitalmc_psm_core.o(.text.vital_sign_PSM)
    __arm_cp.4_0                             0x2000d9f8   Number         4  vitalmc_psm_core.o(.text.vital_sign_PSM)
    __arm_cp.4_1                             0x2000d9fc   Number         4  vitalmc_psm_core.o(.text.vital_sign_PSM)
    __arm_cp.4_4                             0x2000da00   Number         4  vitalmc_psm_core.o(.text.vital_sign_PSM)
    __arm_cp.4_5                             0x2000da04   Number         4  vitalmc_psm_core.o(.text.vital_sign_PSM)
    __arm_cp.4_7                             0x2000da08   Number         4  vitalmc_psm_core.o(.text.vital_sign_PSM)
    vital_sign_PSM_advance                   0x2000da0d   Thumb Code   132  vitalmc_psm_core.o(.text.vital_sign_PSM_advance)
    [Anonymous Symbol]                       0x2000da0c   Section        0  vitalmc_psm_core.o(.text.vital_sign_PSM_advance)
    __arm_cp.6_0                             0x2000da90   Number         4  vitalmc_psm_core.o(.text.vital_sign_PSM_advance)
    __arm_cp.6_1                             0x2000da94   Number         4  vitalmc_psm_core.o(.text.vital_sign_PSM_advance)
    __arm_cp.6_2                             0x2000da98   Number         4  vitalmc_psm_core.o(.text.vital_sign_PSM_advance)
    __arm_cp.6_3                             0x2000da9c   Number         4  vitalmc_psm_core.o(.text.vital_sign_PSM_advance)
    [Anonymous Symbol]                       0x2000daa0   Section        0  vitalmc_psm_det.o(.text.vital_sign_PSM_legacyDet_FramePrepare)
    [Anonymous Symbol]                       0x2000dad0   Section        0  vitalmc_psm_det.o(.text.vital_sign_PSM_legacyDet_Process)
    __arm_cp.1_0                             0x2000dda8   Number         4  vitalmc_psm_det.o(.text.vital_sign_PSM_legacyDet_Process)
    vital_sign_PSM_modeC_8FPS_Inject         0x2000ddad   Thumb Code   460  vitalmc_psm_core.o(.text.vital_sign_PSM_modeC_8FPS_Inject)
    [Anonymous Symbol]                       0x2000ddac   Section        0  vitalmc_psm_core.o(.text.vital_sign_PSM_modeC_8FPS_Inject)
    __arm_cp.5_1                             0x2000df78   Number         4  vitalmc_psm_core.o(.text.vital_sign_PSM_modeC_8FPS_Inject)
    __arm_cp.5_2                             0x2000df7c   Number         4  vitalmc_psm_core.o(.text.vital_sign_PSM_modeC_8FPS_Inject)
    __arm_cp.5_3                             0x2000df80   Number         4  vitalmc_psm_core.o(.text.vital_sign_PSM_modeC_8FPS_Inject)
    vital_sign_modeB_angle_hit               0x2000df85   Thumb Code   376  vitalmc_psm_core.o(.text.vital_sign_modeB_angle_hit)
    [Anonymous Symbol]                       0x2000df84   Section        0  vitalmc_psm_core.o(.text.vital_sign_modeB_angle_hit)
    __arm_cp.3_0                             0x2000e0fc   Number         4  vitalmc_psm_core.o(.text.vital_sign_modeB_angle_hit)
    __arm_cp.3_1                             0x2000e100   Number         4  vitalmc_psm_core.o(.text.vital_sign_modeB_angle_hit)
    __arm_cp.3_2                             0x2000e104   Number         4  vitalmc_psm_core.o(.text.vital_sign_modeB_angle_hit)
    __arm_cp.3_3                             0x2000e108   Number         4  vitalmc_psm_core.o(.text.vital_sign_modeB_angle_hit)
    __arm_cp.3_4                             0x2000e10c   Number         4  vitalmc_psm_core.o(.text.vital_sign_modeB_angle_hit)
    [Anonymous Symbol]                       0x2000e110   Section        0  vsprintf.o(.text.vsnprintf)
    __arm_cp.5_0                             0x2000e134   Number         4  vsprintf.o(.text.vsnprintf)
    [Anonymous Symbol]                       0x2000e138   Section        0  vsprintf.o(.text.z_prf)
    __arm_cp.1_4                             0x2000e2c4   Number         4  vsprintf.o(.text.z_prf)
    __arm_cp.1_2                             0x2000e578   Number         4  vsprintf.o(.text.z_prf)
    m_uart_hwd                               0x2000e57c   Data          12  at6010_uart.o(.rodata.m_uart_hwd)
    [Anonymous Symbol]                       0x2000e57c   Section        0  at6010_uart.o(.rodata.m_uart_hwd)
    [Anonymous Symbol]                       0x2000e588   Section        0  handle_mdet_info.o(.rodata.str1.1)
    [Anonymous Symbol]                       0x2000e590   Section        0  vsprintf.o(.rodata.str1.1)
    _ldiv5.shifts                            0x2000e596   Data           3  vsprintf.o(.rodata.str1.1)
    [Anonymous Symbol]                       0x20010000   Section        0  cpu-at601x.o(.ram_region)
    __arm_cp.0_0                             0x2001001c   Number         4  cpu-at601x.o(.ram_region)
    __arm_cp.0_1                             0x20010020   Number         4  cpu-at601x.o(.ram_region)
    __arm_cp.1_0                             0x2001003c   Number         4  cpu-at601x.o(.ram_region)
    __arm_cp.1_1                             0x20010040   Number         4  cpu-at601x.o(.ram_region)
    m_dualtimer_dev                          0x20010048   Data          16  at6010_dualtimer.o(.data.m_dualtimer_dev)
    [Anonymous Symbol]                       0x20010048   Section        0  at6010_dualtimer.o(.data.m_dualtimer_dev)
    m_log_print_level                        0x20010058   Data           1  atlog.o(.data.m_log_print_level)
    [Anonymous Symbol]                       0x20010058   Section        0  atlog.o(.data.m_log_print_level)
    m_timer_dev                              0x2001005c   Data          32  at6010_timer.o(.data.m_timer_dev)
    [Anonymous Symbol]                       0x2001005c   Section        0  at6010_timer.o(.data.m_timer_dev)
    __jiffies                                0x20010080   Data           4  jiffies.o(.bss.__jiffies)
    [Anonymous Symbol]                       0x20010080   Section        0  jiffies.o(.bss.__jiffies)
    _irqs_disabled_counter                   0x20010084   Data           4  cpu-at601x.o(.bss._irqs_disabled_counter)
    [Anonymous Symbol]                       0x20010084   Section        0  cpu-at601x.o(.bss._irqs_disabled_counter)
    _irqs_disabled_flag                      0x20010088   Data           4  cpu-at601x.o(.bss._irqs_disabled_flag)
    [Anonymous Symbol]                       0x20010088   Section        0  cpu-at601x.o(.bss._irqs_disabled_flag)
    app_hpd_log_uart_init.init_flag          0x2001008c   Data           1  app_hpd_ulp.o(.bss.app_hpd_log_uart_init.init_flag)
    [Anonymous Symbol]                       0x2001008c   Section        0  app_hpd_ulp.o(.bss.app_hpd_log_uart_init.init_flag)
    cfar_dev_irq_cb                          0x20010090   Data           4  at6010_cfar.o(.bss.cfar_dev_irq_cb)
    [Anonymous Symbol]                       0x20010090   Section        0  at6010_cfar.o(.bss.cfar_dev_irq_cb)
    fft_dev_irq_cb                           0x20010094   Data           4  at6010_fft.o(.bss.fft_dev_irq_cb)
    [Anonymous Symbol]                       0x20010094   Section        0  at6010_fft.o(.bss.fft_dev_irq_cb)
    fft_handle                               0x20010098   Data           4  hal_fft.o(.bss.fft_handle)
    [Anonymous Symbol]                       0x20010098   Section        0  hal_fft.o(.bss.fft_handle)
    m_adc_hdl                                0x200100a0   Data           4  at6010_aux_adc.o(.bss.m_adc_hdl)
    [Anonymous Symbol]                       0x200100a0   Section        0  at6010_aux_adc.o(.bss.m_adc_hdl)
    m_clk_mcu                                0x200100a4   Data           4  at6010_clock.o(.bss.m_clk_mcu)
    [Anonymous Symbol]                       0x200100a4   Section        0  at6010_clock.o(.bss.m_clk_mcu)
    m_hpd_ctx                                0x200100a8   Data           4  app_hpd_ulp.o(.bss.m_hpd_ctx)
    [Anonymous Symbol]                       0x200100a8   Section        0  app_hpd_ulp.o(.bss.m_hpd_ctx)
    m_msg_queue                              0x200100ac   Data         252  k_msg.o(.bss.m_msg_queue)
    [Anonymous Symbol]                       0x200100ac   Section        0  k_msg.o(.bss.m_msg_queue)
    m_radar_cb                               0x200101a8   Data           4  at6010_radar.o(.bss.m_radar_cb)
    [Anonymous Symbol]                       0x200101a8   Section        0  at6010_radar.o(.bss.m_radar_cb)
    m_report_stop                            0x200101ac   Data           1  handle_mdet_info.o(.bss.m_report_stop)
    [Anonymous Symbol]                       0x200101ac   Section        0  handle_mdet_info.o(.bss.m_report_stop)
    m_rx_num                                 0x200101ad   Data           1  at6010_radar.o(.bss.m_rx_num)
    [Anonymous Symbol]                       0x200101ad   Section        0  at6010_radar.o(.bss.m_rx_num)
    m_sys_tim_dev                            0x200101b0   Data         424  sys_timer.o(.bss.m_sys_tim_dev)
    [Anonymous Symbol]                       0x200101b0   Section        0  sys_timer.o(.bss.m_sys_tim_dev)
    m_uart_hdl                               0x20010358   Data          72  at6010_uart.o(.bss.m_uart_hdl)
    [Anonymous Symbol]                       0x20010358   Section        0  at6010_uart.o(.bss.m_uart_hdl)
    m_uart_state                             0x200103a0   Data           3  hal_uart.o(.bss.m_uart_state)
    [Anonymous Symbol]                       0x200103a0   Section        0  hal_uart.o(.bss.m_uart_state)
    md_handler                               0x200103a4   Data           4  mdet_fmcw_ulp.o(.bss.md_handler)
    [Anonymous Symbol]                       0x200103a4   Section        0  mdet_fmcw_ulp.o(.bss.md_handler)
    p_psm_sign                               0x200103a8   Data           4  vitalmc_psm_core.o(.bss.p_psm_sign)
    [Anonymous Symbol]                       0x200103a8   Section        0  vitalmc_psm_core.o(.bss.p_psm_sign)
    radar_fmcw_md_perform.algo_det_ret       0x200103b0   Data         128  mdet_fmcw_ulp.o(.bss.radar_fmcw_md_perform.algo_det_ret)
    [Anonymous Symbol]                       0x200103b0   Section        0  mdet_fmcw_ulp.o(.bss.radar_fmcw_md_perform.algo_det_ret)
    Heap_Mem                                 0x20010430   Data         256  startup_cmsdk_cm0plus.o(HEAP)
    HEAP                                     0x20010430   Section      256  startup_cmsdk_cm0plus.o(HEAP)
    Stack_Mem                                0x20010530   Data        2048  startup_cmsdk_cm0plus.o(STACK)
    STACK                                    0x20010530   Section     2048  startup_cmsdk_cm0plus.o(STACK)
    __initial_sp                             0x20010d30   Data           0  startup_cmsdk_cm0plus.o(STACK)

    Global Symbols

    Symbol Name                              Value     Ov Type        Size  Object(Section)

    BuildAttributes$$THM_ISAv3M$S$PE$A:L22$X:L11$S22$IEEE1$IW$~IW$USESV6$~STKCKD$USESV7$~SHL$OTIME$ROPI$IEEEX$EBA8$UX$STANDARDLIB$REQ8$PRES8$EABIv2 0x00000000   Number         0  anon$$obj.o ABSOLUTE
    __ARM_exceptions_init                     - Undefined Weak Reference
    __alloca_initialize                       - Undefined Weak Reference
    __arm_preinit_                            - Undefined Weak Reference
    __cpp_initialize__aeabi_                  - Undefined Weak Reference
    __cxa_finalize                            - Undefined Weak Reference
    __rt_locale                               - Undefined Weak Reference
    __sigvec_lookup                           - Undefined Weak Reference
    _atexit_init                              - Undefined Weak Reference
    _call_atexit_fns                          - Undefined Weak Reference
    _clock_init                               - Undefined Weak Reference
    _fp_trap_init                             - Undefined Weak Reference
    _fp_trap_shutdown                         - Undefined Weak Reference
    _get_lc_collate                           - Undefined Weak Reference
    _get_lc_ctype                             - Undefined Weak Reference
    _get_lc_monetary                          - Undefined Weak Reference
    _get_lc_numeric                           - Undefined Weak Reference
    _get_lc_time                              - Undefined Weak Reference
    _getenv_init                              - Undefined Weak Reference
    _handle_redirection                       - Undefined Weak Reference
    _init_alloc                               - Undefined Weak Reference
    _init_user_alloc                          - Undefined Weak Reference
    _initio                                   - Undefined Weak Reference
    _printf_mbtowc                            - Undefined Weak Reference
    _printf_post_padding                      - Undefined Weak Reference
    _printf_pre_padding                       - Undefined Weak Reference
    _printf_truncate_signed                   - Undefined Weak Reference
    _printf_truncate_unsigned                 - Undefined Weak Reference
    _rand_init                                - Undefined Weak Reference
    _signal_finish                            - Undefined Weak Reference
    _signal_init                              - Undefined Weak Reference
    _terminate_alloc                          - Undefined Weak Reference
    _terminate_user_alloc                     - Undefined Weak Reference
    _terminateio                              - Undefined Weak Reference
    __Vectors_Size                           0x000000c0   Number         0  startup_cmsdk_cm0plus.o ABSOLUTE
    __Vectors                                0x2000b000   Data           4  startup_cmsdk_cm0plus.o(RESET)
    __Vectors_End                            0x2000b0c0   Data           0  startup_cmsdk_cm0plus.o(RESET)
    __main                                   0x2000b0c1   Thumb Code     8  __main.o(!!!main)
    __scatterload                            0x2000b0c9   Thumb Code     0  __scatter.o(!!!scatter)
    __scatterload_rt2                        0x2000b0c9   Thumb Code    52  __scatter.o(!!!scatter)
    __scatterload_rt2_thumb_only             0x2000b0c9   Thumb Code     0  __scatter.o(!!!scatter)
    __scatterload_null                       0x2000b0d9   Thumb Code     0  __scatter.o(!!!scatter)
    __scatterload_copy                       0x2000b105   Thumb Code    26  __scatter_copy.o(!!handler_copy)
    __scatterload_zeroinit                   0x2000b121   Thumb Code    28  __scatter_zi.o(!!handler_zi)
    __rt_lib_init                            0x2000b13d   Thumb Code     0  libinit.o(.ARM.Collect$$libinit$$00000000)
    __rt_lib_init_alloca_1                   0x2000b13f   Thumb Code     0  libinit2.o(.ARM.Collect$$libinit$$0000002E)
    __rt_lib_init_argv_1                     0x2000b13f   Thumb Code     0  libinit2.o(.ARM.Collect$$libinit$$0000002C)
    __rt_lib_init_atexit_1                   0x2000b13f   Thumb Code     0  libinit2.o(.ARM.Collect$$libinit$$0000001B)
    __rt_lib_init_clock_1                    0x2000b13f   Thumb Code     0  libinit2.o(.ARM.Collect$$libinit$$00000021)
    __rt_lib_init_cpp_1                      0x2000b13f   Thumb Code     0  libinit2.o(.ARM.Collect$$libinit$$00000032)
    __rt_lib_init_exceptions_1               0x2000b13f   Thumb Code     0  libinit2.o(.ARM.Collect$$libinit$$00000030)
    __rt_lib_init_fp_1                       0x2000b13f   Thumb Code     0  libinit2.o(.ARM.Collect$$libinit$$00000002)
    __rt_lib_init_fp_trap_1                  0x2000b13f   Thumb Code     0  libinit2.o(.ARM.Collect$$libinit$$0000001F)
    __rt_lib_init_getenv_1                   0x2000b13f   Thumb Code     0  libinit2.o(.ARM.Collect$$libinit$$00000023)
    __rt_lib_init_heap_1                     0x2000b13f   Thumb Code     0  libinit2.o(.ARM.Collect$$libinit$$0000000A)
    __rt_lib_init_lc_collate_1               0x2000b13f   Thumb Code     0  libinit2.o(.ARM.Collect$$libinit$$00000011)
    __rt_lib_init_lc_ctype_1                 0x2000b13f   Thumb Code     0  libinit2.o(.ARM.Collect$$libinit$$00000013)
    __rt_lib_init_lc_monetary_1              0x2000b13f   Thumb Code     0  libinit2.o(.ARM.Collect$$libinit$$00000015)
    __rt_lib_init_lc_numeric_1               0x2000b13f   Thumb Code     0  libinit2.o(.ARM.Collect$$libinit$$00000017)
    __rt_lib_init_lc_time_1                  0x2000b13f   Thumb Code     0  libinit2.o(.ARM.Collect$$libinit$$00000019)
    __rt_lib_init_preinit_1                  0x2000b13f   Thumb Code     0  libinit2.o(.ARM.Collect$$libinit$$00000004)
    __rt_lib_init_rand_1                     0x2000b13f   Thumb Code     0  libinit2.o(.ARM.Collect$$libinit$$0000000E)
    __rt_lib_init_return                     0x2000b13f   Thumb Code     0  libinit2.o(.ARM.Collect$$libinit$$00000033)
    __rt_lib_init_signal_1                   0x2000b13f   Thumb Code     0  libinit2.o(.ARM.Collect$$libinit$$0000001D)
    __rt_lib_init_stdio_1                    0x2000b13f   Thumb Code     0  libinit2.o(.ARM.Collect$$libinit$$00000025)
    __rt_lib_init_user_alloc_1               0x2000b13f   Thumb Code     0  libinit2.o(.ARM.Collect$$libinit$$0000000C)
    __rt_lib_shutdown                        0x2000b141   Thumb Code     0  libshutdown.o(.ARM.Collect$$libshutdown$$00000000)
    __rt_lib_shutdown_cpp_1                  0x2000b143   Thumb Code     0  libshutdown2.o(.ARM.Collect$$libshutdown$$00000002)
    __rt_lib_shutdown_fp_trap_1              0x2000b143   Thumb Code     0  libshutdown2.o(.ARM.Collect$$libshutdown$$00000007)
    __rt_lib_shutdown_heap_1                 0x2000b143   Thumb Code     0  libshutdown2.o(.ARM.Collect$$libshutdown$$0000000F)
    __rt_lib_shutdown_return                 0x2000b143   Thumb Code     0  libshutdown2.o(.ARM.Collect$$libshutdown$$00000010)
    __rt_lib_shutdown_signal_1               0x2000b143   Thumb Code     0  libshutdown2.o(.ARM.Collect$$libshutdown$$0000000A)
    __rt_lib_shutdown_stdio_1                0x2000b143   Thumb Code     0  libshutdown2.o(.ARM.Collect$$libshutdown$$00000004)
    __rt_lib_shutdown_user_alloc_1           0x2000b143   Thumb Code     0  libshutdown2.o(.ARM.Collect$$libshutdown$$0000000C)
    __rt_entry                               0x2000b145   Thumb Code     0  __rtentry.o(.ARM.Collect$$rtentry$$00000000)
    __rt_entry_presh_1                       0x2000b145   Thumb Code     0  __rtentry2.o(.ARM.Collect$$rtentry$$00000002)
    __rt_entry_sh                            0x2000b145   Thumb Code     0  __rtentry7.o(.ARM.Collect$$rtentry$$00000007)
    __rt_entry_li                            0x2000b149   Thumb Code     0  __rtentry2.o(.ARM.Collect$$rtentry$$0000000A)
    __rt_entry_postsh_1                      0x2000b149   Thumb Code     0  __rtentry2.o(.ARM.Collect$$rtentry$$00000009)
    __rt_entry_main                          0x2000b14d   Thumb Code     0  __rtentry2.o(.ARM.Collect$$rtentry$$0000000D)
    __rt_entry_postli_1                      0x2000b14d   Thumb Code     0  __rtentry2.o(.ARM.Collect$$rtentry$$0000000C)
    __rt_exit                                0x2000b159   Thumb Code     0  rtexit.o(.ARM.Collect$$rtexit$$00000000)
    __rt_exit_ls                             0x2000b15b   Thumb Code     0  rtexit2.o(.ARM.Collect$$rtexit$$00000003)
    __rt_exit_prels_1                        0x2000b15b   Thumb Code     0  rtexit2.o(.ARM.Collect$$rtexit$$00000002)
    __rt_exit_exit                           0x2000b15f   Thumb Code     0  rtexit2.o(.ARM.Collect$$rtexit$$00000004)
    __aeabi_memcpy4                          0x2000b165   Thumb Code    56  rt_memcpy.o(.emb_text)
    __aeabi_memcpy8                          0x2000b165   Thumb Code     0  rt_memcpy.o(.emb_text)
    Reset_Handler                            0x2000b19d   Thumb Code     8  startup_cmsdk_cm0plus.o(.text)
    HardFault_Handler                        0x2000b1a7   Thumb Code     2  startup_cmsdk_cm0plus.o(.text)
    AFC_PLL_Handler                          0x2000b1af   Thumb Code     0  startup_cmsdk_cm0plus.o(.text)
    BOR_Handler                              0x2000b1af   Thumb Code     0  startup_cmsdk_cm0plus.o(.text)
    CACHE_Handler                            0x2000b1af   Thumb Code     0  startup_cmsdk_cm0plus.o(.text)
    EFUSE_Handler                            0x2000b1af   Thumb Code     0  startup_cmsdk_cm0plus.o(.text)
    LIGHT_Handler                            0x2000b1af   Thumb Code     0  startup_cmsdk_cm0plus.o(.text)
    LOW_BAT_Handler                          0x2000b1af   Thumb Code     0  startup_cmsdk_cm0plus.o(.text)
    PLL_Handler                              0x2000b1af   Thumb Code     0  startup_cmsdk_cm0plus.o(.text)
    RC_CAL_Handler                           0x2000b1af   Thumb Code     0  startup_cmsdk_cm0plus.o(.text)
    __user_initial_stackheap                 0x2000b1b1   Thumb Code    10  startup_cmsdk_cm0plus.o(.text)
    __use_no_semihosting                     0x2000b1d5   Thumb Code     2  use_no_semi_2.o(.text)
    __aeabi_llsl                             0x2000b1d7   Thumb Code    32  llshl.o(.text)
    _ll_shift_l                              0x2000b1d7   Thumb Code     0  llshl.o(.text)
    __aeabi_llsr                             0x2000b1f7   Thumb Code    34  llushr.o(.text)
    _ll_ushift_r                             0x2000b1f7   Thumb Code     0  llushr.o(.text)
    __aeabi_lasr                             0x2000b219   Thumb Code    38  llsshr.o(.text)
    _ll_sshift_r                             0x2000b219   Thumb Code     0  llsshr.o(.text)
    __aeabi_lmul                             0x2000b23f   Thumb Code    48  llmul.o(.text)
    _ll_mul                                  0x2000b23f   Thumb Code     0  llmul.o(.text)
    __aeabi_memcpy                           0x2000b26f   Thumb Code   130  rt_memcpy.o(.text)
    __rt_memcpy                              0x2000b26f   Thumb Code     0  rt_memcpy.o(.text)
    __aeabi_memmove4                         0x2000b2f1   Thumb Code    70  rt_memmove.o(.text)
    __aeabi_memmove8                         0x2000b2f1   Thumb Code     0  rt_memmove.o(.text)
    __aeabi_memmove                          0x2000b337   Thumb Code    80  rt_memmove.o(.text)
    __rt_memmove                             0x2000b337   Thumb Code     0  rt_memmove.o(.text)
    __aeabi_memset                           0x2000b387   Thumb Code    18  aeabi_memset.o(.text)
    _memset_w                                0x2000b399   Thumb Code    26  rt_memclr.o(.text)
    _memset                                  0x2000b3b3   Thumb Code    30  rt_memclr.o(.text)
    __aeabi_memclr                           0x2000b3d1   Thumb Code     4  rt_memclr.o(.text)
    __rt_memclr                              0x2000b3d1   Thumb Code     0  rt_memclr.o(.text)
    __aeabi_memclr4                          0x2000b3d5   Thumb Code     0  rt_memclr.o(.text)
    __aeabi_memclr8                          0x2000b3d5   Thumb Code     0  rt_memclr.o(.text)
    __rt_memclr_w                            0x2000b3d5   Thumb Code     4  rt_memclr.o(.text)
    __aeabi_uidiv                            0x2000b3d9   Thumb Code     0  aeabi_sdiv.o(.text)
    __aeabi_uidivmod                         0x2000b3d9   Thumb Code    20  aeabi_sdiv.o(.text)
    __aeabi_idiv                             0x2000b3ed   Thumb Code     0  aeabi_sdiv.o(.text)
    __aeabi_idivmod                          0x2000b3ed   Thumb Code   338  aeabi_sdiv.o(.text)
    __use_two_region_memory                  0x2000b545   Thumb Code     2  heapauxi.o(.text)
    __rt_heap_escrow$2region                 0x2000b547   Thumb Code     2  heapauxi.o(.text)
    __rt_heap_expand$2region                 0x2000b549   Thumb Code     2  heapauxi.o(.text)
    __I$use$semihosting                      0x2000b54b   Thumb Code     0  use_no_semi.o(.text)
    __use_no_semihosting_swi                 0x2000b54b   Thumb Code     2  use_no_semi.o(.text)
    exit                                     0x2000b54d   Thumb Code    16  exit.o(.text)
    AON_WDT_Handler                          0x2000b55d   Thumb Code     2  at6010_irq.o(.text.AON_WDT_Handler)
    AUX_ADC_Handler                          0x2000b55f   Thumb Code     8  at6010_irq.o(.text.AUX_ADC_Handler)
    DMA_Handler                              0x2000b567   Thumb Code     2  at6010_irq.o(.text.DMA_Handler)
    DUALTIMER_Handler                        0x2000b569   Thumb Code     8  at6010_irq.o(.text.DUALTIMER_Handler)
    GPIO0_Handler                            0x2000b571   Thumb Code     2  at6010_irq.o(.text.GPIO0_Handler)
    GPIO1_Handler                            0x2000b573   Thumb Code     2  at6010_irq.o(.text.GPIO1_Handler)
    GPIO2_Handler                            0x2000b575   Thumb Code     2  at6010_irq.o(.text.GPIO2_Handler)
    GPIO3_Handler                            0x2000b577   Thumb Code     2  at6010_irq.o(.text.GPIO3_Handler)
    GPIO4_Handler                            0x2000b579   Thumb Code     2  at6010_irq.o(.text.GPIO4_Handler)
    GPIO5_Handler                            0x2000b57b   Thumb Code     2  at6010_irq.o(.text.GPIO5_Handler)
    GPIO6_Handler                            0x2000b57d   Thumb Code     2  at6010_irq.o(.text.GPIO6_Handler)
    GPIO_Handler                             0x2000b57f   Thumb Code     2  at6010_irq.o(.text.GPIO_Handler)
    I2C_Handler                              0x2000b581   Thumb Code     2  at6010_irq.o(.text.I2C_Handler)
    KEY_Handler                              0x2000b583   Thumb Code     2  at6010_irq.o(.text.KEY_Handler)
    NMI_Handler                              0x2000b585   Thumb Code     2  at6010_irq.o(.text.NMI_Handler)
    PendSV_Handler                           0x2000b587   Thumb Code     2  at6010_irq.o(.text.PendSV_Handler)
    RADAR_Handler                            0x2000b589   Thumb Code     8  at6010_irq.o(.text.RADAR_Handler)
    SPI0_Handler                             0x2000b591   Thumb Code     2  at6010_irq.o(.text.SPI0_Handler)
    SPI1_Handler                             0x2000b593   Thumb Code     2  at6010_irq.o(.text.SPI1_Handler)
    SVC_Handler                              0x2000b595   Thumb Code     2  at6010_irq.o(.text.SVC_Handler)
    SysTick_Handler                          0x2000b597   Thumb Code     8  at6010_irq.o(.text.SysTick_Handler)
    SystemInit                               0x2000b5a1   Thumb Code    32  system_cmsdk_cm0plus.o(.text.SystemInit)
    TIMER0_Handler                           0x2000b5d5   Thumb Code    10  at6010_irq.o(.text.TIMER0_Handler)
    TIMER1_Handler                           0x2000b5df   Thumb Code    10  at6010_irq.o(.text.TIMER1_Handler)
    TIMER2_Handler                           0x2000b5e9   Thumb Code    10  at6010_irq.o(.text.TIMER2_Handler)
    TIMER3_Handler                           0x2000b5f3   Thumb Code    10  at6010_irq.o(.text.TIMER3_Handler)
    UART0_Handler                            0x2000b5fd   Thumb Code    10  at6010_irq.o(.text.UART0_Handler)
    UART1_Handler                            0x2000b607   Thumb Code    10  at6010_irq.o(.text.UART1_Handler)
    UART2_Handler                            0x2000b611   Thumb Code    10  at6010_irq.o(.text.UART2_Handler)
    _sys_exit                                0x2000b61b   Thumb Code     2  retarget.o(.text._sys_exit)
    _to_float                                0x2000b61d   Thumb Code  1264  vsprintf.o(.text._to_float)
    adc_aux_isr                              0x2000bb85   Thumb Code    32  at6010_aux_adc.o(.text.adc_aux_isr)
    app_hpd_log_uart_init                    0x2000bbad   Thumb Code    48  app_hpd_ulp.o(.text.app_hpd_log_uart_init)
    app_hpd_ulp_init                         0x2000bbe1   Thumb Code    24  app_hpd_ulp.o(.text.app_hpd_ulp_init)
    app_hpd_ulp_proc                         0x2000bbf9   Thumb Code   112  app_hpd_ulp.o(.text.app_hpd_ulp_proc)
    auto_report_resp_para                    0x2000bc6d   Thumb Code   124  handle_mdet_info.o(.text.auto_report_resp_para)
    cfar_isr                                 0x2000bcf5   Thumb Code    24  at6010_cfar.o(.text.cfar_isr)
    clk_mcu_get                              0x2000bd11   Thumb Code     8  at6010_clock.o(.text.clk_mcu_get)
    clk_mcu_set                              0x2000bd19   Thumb Code   256  at6010_clock.o(.text.clk_mcu_set)
    delay_us                                 0x2000be35   Thumb Code     8  retarget.o(.text.delay_us)
    dualtimer_get_default_config             0x2000be71   Thumb Code    12  at6010_dualtimer.o(.text.dualtimer_get_default_config)
    dualtimer_get_value                      0x2000be81   Thumb Code    12  at6010_dualtimer.o(.text.dualtimer_get_value)
    dualtimer_hdl_proc                       0x2000be8d   Thumb Code    48  at6010_dualtimer.o(.text.dualtimer_hdl_proc)
    dualtimer_init                           0x2000bebd   Thumb Code     8  at6010_dualtimer.o(.text.dualtimer_init)
    dualtimer_set_config                     0x2000bec5   Thumb Code    56  at6010_dualtimer.o(.text.dualtimer_set_config)
    dualtimer_start                          0x2000befd   Thumb Code    20  at6010_dualtimer.o(.text.dualtimer_start)
    fft_adc_fft_addr_set                     0x2000bf15   Thumb Code    32  at6010_fft.o(.text.fft_adc_fft_addr_set)
    fft_adc_rdat_addr_set                    0x2000bf3d   Thumb Code    28  at6010_fft.o(.text.fft_adc_rdat_addr_set)
    fft_irq_callback_set                     0x2000bf8d   Thumb Code     8  at6010_fft.o(.text.fft_irq_callback_set)
    fft_isr                                  0x2000bf95   Thumb Code    48  at6010_fft.o(.text.fft_isr)
    gpio_init                                0x2000bffd   Thumb Code   180  at6010_gpio.o(.text.gpio_init)
    gpio_set_value                           0x2000c0b5   Thumb Code    56  at6010_gpio.o(.text.gpio_set_value)
    hal_dualtimer_delay_us                   0x2000c0f5   Thumb Code    52  hal_dualtimer.o(.text.hal_dualtimer_delay_us)
    hal_dualtimer_init                       0x2000c12d   Thumb Code    76  hal_dualtimer.o(.text.hal_dualtimer_init)
    hal_fft_notify_set                       0x2000c17d   Thumb Code    20  hal_fft.o(.text.hal_fft_notify_set)
    hal_fft_ulp_init                         0x2000c195   Thumb Code    28  hal_fft.o(.text.hal_fft_ulp_init)
    hal_radar_burst_init                     0x2000c1b9   Thumb Code    18  hal_radar.o(.text.hal_radar_burst_init)
    hal_radar_start                          0x2000c1cb   Thumb Code    12  hal_radar.o(.text.hal_radar_start)
    hal_radar_ulp_start                      0x2000c1d7   Thumb Code     8  hal_radar.o(.text.hal_radar_ulp_start)
    hal_uart_init                            0x2000c1e1   Thumb Code   196  hal_uart.o(.text.hal_uart_init)
    hal_uart_send_wait                       0x2000c2bd   Thumb Code    36  hal_uart.o(.text.hal_uart_send_wait)
    hal_uart_state_get                       0x2000c2e1   Thumb Code     8  hal_uart.o(.text.hal_uart_state_get)
    handle_mdet_info_mot                     0x2000c2ed   Thumb Code    44  handle_mdet_info.o(.text.handle_mdet_info_mot)
    k_msg_post                               0x2000c371   Thumb Code    80  k_msg.o(.text.k_msg_post)
    log_printf                               0x2000c3ed   Thumb Code    96  atlog.o(.text.log_printf)
    main                                     0x2000c459   Thumb Code    60  main_presence_ulp.o(.text.main)
    memchr                                   0x2000c4ad   Thumb Code    24  string.o(.text.memchr)
    pmu_enable_wakeup_source                 0x2000c4c5   Thumb Code    12  at6010_pmu.o(.text.pmu_enable_wakeup_source)
    pmu_enter_sleep                          0x2000c4d5   Thumb Code    32  at6010_pmu.o(.text.pmu_enter_sleep)
    pmu_retention_select                     0x2000c4fd   Thumb Code    12  at6010_pmu.o(.text.pmu_retention_select)
    pmu_set_dig_vcore                        0x2000c50d   Thumb Code    20  at6010_pmu.o(.text.pmu_set_dig_vcore)
    pmu_set_wakeup_time                      0x2000c525   Thumb Code    16  at6010_pmu.o(.text.pmu_set_wakeup_time)
    radar_burst_init                         0x2000c539   Thumb Code    20  at6010_radar.o(.text.radar_burst_init)
    radar_deinit                             0x2000c551   Thumb Code   224  at6010_radar.o(.text.radar_deinit)
    radar_fmcw_md_det_info                   0x2000c631   Thumb Code    18  mdet_fmcw_ulp.o(.text.radar_fmcw_md_det_info)
    radar_fmcw_md_perform                    0x2000c645   Thumb Code   188  mdet_fmcw_ulp.o(.text.radar_fmcw_md_perform)
    radar_frame_start                        0x2000c711   Thumb Code    12  at6010_radar_frame.o(.text.radar_frame_start)
    radar_isr                                0x2000c721   Thumb Code    52  at6010_radar.o(.text.radar_isr)
    radar_profile_burst_init                 0x2000c759   Thumb Code    10  radar_profile_init.o(.text.radar_profile_burst_init)
    radar_rf_pwr_on                          0x2000c93d   Thumb Code    12  at6010_radar.o(.text.radar_rf_pwr_on)
    radar_ulp_init                           0x2000c959   Thumb Code     8  at6010_radar.o(.text.radar_ulp_init)
    set_log_level                            0x2000c969   Thumb Code     8  atlog.o(.text.set_log_level)
    sys_clk_adc_sdm_inv_set                  0x2000c991   Thumb Code    28  at6010_clock.o(.text.sys_clk_adc_sdm_inv_set)
    sys_clk_enable_dualtimer                 0x2000c9b1   Thumb Code    20  at6010_clock.o(.text.sys_clk_enable_dualtimer)
    sys_clk_enable_radar                     0x2000c9c5   Thumb Code    20  at6010_clock.o(.text.sys_clk_enable_radar)
    sys_clk_enable_uart0                     0x2000c9dd   Thumb Code    20  at6010_clock.o(.text.sys_clk_enable_uart0)
    sys_clk_enable_uart1                     0x2000c9f1   Thumb Code    20  at6010_clock.o(.text.sys_clk_enable_uart1)
    sys_clk_enable_uart2                     0x2000ca05   Thumb Code    20  at6010_clock.o(.text.sys_clk_enable_uart2)
    sys_tick_handler                         0x2000ca1d   Thumb Code    16  jiffies.o(.text.sys_tick_handler)
    sys_timer_period                         0x2000ca31   Thumb Code    76  sys_timer.o(.text.sys_timer_period)
    timer_isr                                0x2000ca81   Thumb Code    28  at6010_timer.o(.text.timer_isr)
    uart_baudrate_set                        0x2000caa1   Thumb Code    68  at6010_uart.o(.text.uart_baudrate_set)
    uart_data_width_set                      0x2000cae5   Thumb Code    20  at6010_uart.o(.text.uart_data_width_set)
    uart_fifo_init                           0x2000caf9   Thumb Code    32  at6010_uart.o(.text.uart_fifo_init)
    uart_get_status                          0x2000cb19   Thumb Code   120  at6010_uart.o(.text.uart_get_status)
    uart_isr                                 0x2000cb91   Thumb Code    52  at6010_uart.o(.text.uart_isr)
    uart_parity_set                          0x2000cc05   Thumb Code    40  at6010_uart.o(.text.uart_parity_set)
    uart_rx_fifo_clr                         0x2000cc2d   Thumb Code    20  at6010_uart.o(.text.uart_rx_fifo_clr)
    uart_send_bs                             0x2000cc41   Thumb Code    32  at6010_uart.o(.text.uart_send_bs)
    uart_send_str                            0x2000cc61   Thumb Code    32  at6010_uart.o(.text.uart_send_str)
    uart_set_dma_mode                        0x2000cc81   Thumb Code    12  at6010_uart.o(.text.uart_set_dma_mode)
    uart_stop_bits_set                       0x2000cc8d   Thumb Code    24  at6010_uart.o(.text.uart_stop_bits_set)
    uart_tx_fifo_clr                         0x2000cca5   Thumb Code    20  at6010_uart.o(.text.uart_tx_fifo_clr)
    ulp_mem_get_addr                         0x2000ccbd   Thumb Code    12  ulp_mem.o(.text.ulp_mem_get_addr)
    vitalPSM_respiration_mgr_inform_lastMoveFrameId 0x2000cd49   Thumb Code     4  vitalmc_psm_respiration_mgr.o(.text.vitalPSM_respiration_mgr_inform_lastMoveFrameId)
    vitalPSM_respiration_mgr_isCaptured      0x2000cd4d   Thumb Code    10  vitalmc_psm_respiration_mgr.o(.text.vitalPSM_respiration_mgr_isCaptured)
    vitalPSM_respiration_mgr_perFrameInit    0x2000cd57   Thumb Code    26  vitalmc_psm_respiration_mgr.o(.text.vitalPSM_respiration_mgr_perFrameInit)
    vitalPSM_respiration_mgr_reset           0x2000cd71   Thumb Code    12  vitalmc_psm_respiration_mgr.o(.text.vitalPSM_respiration_mgr_reset)
    vitalPSM_respiration_mgr_summary         0x2000cd7d   Thumb Code   540  vitalmc_psm_respiration_mgr.o(.text.vitalPSM_respiration_mgr_summary)
    vitalPSM_respiration_mgr_tag             0x2000cfa1   Thumb Code    30  vitalmc_psm_respiration_mgr.o(.text.vitalPSM_respiration_mgr_tag)
    vitalPSM_respiration_mgr_untag           0x2000cfbf   Thumb Code    14  vitalmc_psm_respiration_mgr.o(.text.vitalPSM_respiration_mgr_untag)
    vital_asin_pi_deg16x_LUT                 0x2000cfcd   Thumb Code    56  vital_common.o(.text.vital_asin_pi_deg16x_LUT)
    vital_atan2_rad_LUT                      0x2000d005   Thumb Code   120  vital_common.o(.text.vital_atan2_rad_LUT)
    vital_common_bitscan_MSB32               0x2000d081   Thumb Code    62  vital_common.o(.text.vital_common_bitscan_MSB32)
    vital_common_bitscan_MSB64               0x2000d0bf   Thumb Code    22  vital_common.o(.text.vital_common_bitscan_MSB64)
    vital_common_get_bitcount16              0x2000d0d5   Thumb Code    36  vital_common.o(.text.vital_common_get_bitcount16)
    vital_common_get_complexMod              0x2000d105   Thumb Code    32  vital_common.o(.text.vital_common_get_complexMod)
    vital_sign_PSM                           0x2000d125   Thumb Code  2260  vitalmc_psm_core.o(.text.vital_sign_PSM)
    vital_sign_PSM_legacyDet_FramePrepare    0x2000daa1   Thumb Code    48  vitalmc_psm_det.o(.text.vital_sign_PSM_legacyDet_FramePrepare)
    vital_sign_PSM_legacyDet_Process         0x2000dad1   Thumb Code   728  vitalmc_psm_det.o(.text.vital_sign_PSM_legacyDet_Process)
    vsnprintf                                0x2000e111   Thumb Code    36  vsprintf.o(.text.vsnprintf)
    z_prf                                    0x2000e139   Thumb Code  1080  vsprintf.o(.text.z_prf)
    Region$$Table$$Base                      0x2000e59c   Number         0  anon$$obj.o(Region$$Table)
    Region$$Table$$Limit                     0x2000e5cc   Number         0  anon$$obj.o(Region$$Table)
    critical_section_start                   0x20010001   Thumb Code    28  cpu-at601x.o(.ram_region)
    critical_section_end                     0x20010025   Thumb Code    24  cpu-at601x.o(.ram_region)
    SystemCoreClock                          0x20010044   Data           4  system_cmsdk_cm0plus.o(.data.SystemCoreClock)
    ret_ram_addr_tbl_ptr                     0x2001007c   Data           4  ulp_mem.o(.data.ret_ram_addr_tbl_ptr)
    g_config                                 0x2001009c   Data           4  vital_config.o(.bss.g_config)
    Image$$ARM_LIB_HEAP$$ZI$$Base            0x20010d30   Number         0  anon$$obj.o ABSOLUTE
    Image$$ARM_LIB_HEAP$$ZI$$Limit           0x20010f30   Number         0  anon$$obj.o ABSOLUTE
    Image$$ARM_LIB_STACK$$ZI$$Limit          0x20020000   Number         0  anon$$obj.o ABSOLUTE



==============================================================================

Memory Map of the image

  Image Entry point : 0x2000b0c1

  Load Region LR_IROM1 (Base: 0x2000b000, Size: 0x00003650, Max: 0x00005000, ABSOLUTE)

    Execution Region RET_RAM_ADDR_TBL (Exec base: 0x20004000, Load base: 0x2000e5cc, Size: 0x00000080, Max: 0x00000080, ABSOLUTE)

    Exec Addr    Load Addr    Size         Type   Attr      Idx    E Section Name        Object

    0x20004000        -       0x00000080   Zero   RW            1    RET_RAM_ADDR_TBL.bss  anon$$obj.o


    Execution Region RET_SYS_MEM (Exec base: 0x20004080, Load base: 0x2000e5cc, Size: 0x00000780, Max: 0x00000780, ABSOLUTE)

    Exec Addr    Load Addr    Size         Type   Attr      Idx    E Section Name        Object

    0x20004080        -       0x00000780   Zero   RW            2    RET_SYS_MEM.bss     anon$$obj.o


    Execution Region RET_DSP_MEM (Exec base: 0x20004800, Load base: 0x2000e5cc, Size: 0x00006800, Max: 0x00006800, ABSOLUTE)

    Exec Addr    Load Addr    Size         Type   Attr      Idx    E Section Name        Object

    0x20004800        -       0x00006800   Zero   RW            3    RET_DSP_MEM.bss     anon$$obj.o


    Execution Region ER_IROM1 (Exec base: 0x2000b000, Load base: 0x2000b000, Size: 0x000035cc, Max: 0x00005000, ABSOLUTE)

    Exec Addr    Load Addr    Size         Type   Attr      Idx    E Section Name        Object

    0x2000b000   0x2000b000   0x000000c0   Data   RO          925    RESET               startup_cmsdk_cm0plus.o
    0x2000b0c0   0x2000b0c0   0x00000008   Code   RO         2140  * !!!main             c_p.l(__main.o)
    0x2000b0c8   0x2000b0c8   0x0000003c   Code   RO         2434    !!!scatter          c_p.l(__scatter.o)
    0x2000b104   0x2000b104   0x0000001a   Code   RO         2436    !!handler_copy      c_p.l(__scatter_copy.o)
    0x2000b11e   0x2000b11e   0x00000002   PAD
    0x2000b120   0x2000b120   0x0000001c   Code   RO         2438    !!handler_zi        c_p.l(__scatter_zi.o)
    0x2000b13c   0x2000b13c   0x00000002   Code   RO         2300    .ARM.Collect$$libinit$$00000000  c_p.l(libinit.o)
    0x2000b13e   0x2000b13e   0x00000000   Code   RO         2315    .ARM.Collect$$libinit$$00000002  c_p.l(libinit2.o)
    0x2000b13e   0x2000b13e   0x00000000   Code   RO         2317    .ARM.Collect$$libinit$$00000004  c_p.l(libinit2.o)
    0x2000b13e   0x2000b13e   0x00000000   Code   RO         2320    .ARM.Collect$$libinit$$0000000A  c_p.l(libinit2.o)
    0x2000b13e   0x2000b13e   0x00000000   Code   RO         2322    .ARM.Collect$$libinit$$0000000C  c_p.l(libinit2.o)
    0x2000b13e   0x2000b13e   0x00000000   Code   RO         2324    .ARM.Collect$$libinit$$0000000E  c_p.l(libinit2.o)
    0x2000b13e   0x2000b13e   0x00000000   Code   RO         2327    .ARM.Collect$$libinit$$00000011  c_p.l(libinit2.o)
    0x2000b13e   0x2000b13e   0x00000000   Code   RO         2329    .ARM.Collect$$libinit$$00000013  c_p.l(libinit2.o)
    0x2000b13e   0x2000b13e   0x00000000   Code   RO         2331    .ARM.Collect$$libinit$$00000015  c_p.l(libinit2.o)
    0x2000b13e   0x2000b13e   0x00000000   Code   RO         2333    .ARM.Collect$$libinit$$00000017  c_p.l(libinit2.o)
    0x2000b13e   0x2000b13e   0x00000000   Code   RO         2335    .ARM.Collect$$libinit$$00000019  c_p.l(libinit2.o)
    0x2000b13e   0x2000b13e   0x00000000   Code   RO         2337    .ARM.Collect$$libinit$$0000001B  c_p.l(libinit2.o)
    0x2000b13e   0x2000b13e   0x00000000   Code   RO         2339    .ARM.Collect$$libinit$$0000001D  c_p.l(libinit2.o)
    0x2000b13e   0x2000b13e   0x00000000   Code   RO         2341    .ARM.Collect$$libinit$$0000001F  c_p.l(libinit2.o)
    0x2000b13e   0x2000b13e   0x00000000   Code   RO         2343    .ARM.Collect$$libinit$$00000021  c_p.l(libinit2.o)
    0x2000b13e   0x2000b13e   0x00000000   Code   RO         2345    .ARM.Collect$$libinit$$00000023  c_p.l(libinit2.o)
    0x2000b13e   0x2000b13e   0x00000000   Code   RO         2347    .ARM.Collect$$libinit$$00000025  c_p.l(libinit2.o)
    0x2000b13e   0x2000b13e   0x00000000   Code   RO         2351    .ARM.Collect$$libinit$$0000002C  c_p.l(libinit2.o)
    0x2000b13e   0x2000b13e   0x00000000   Code   RO         2353    .ARM.Collect$$libinit$$0000002E  c_p.l(libinit2.o)
    0x2000b13e   0x2000b13e   0x00000000   Code   RO         2355    .ARM.Collect$$libinit$$00000030  c_p.l(libinit2.o)
    0x2000b13e   0x2000b13e   0x00000000   Code   RO         2357    .ARM.Collect$$libinit$$00000032  c_p.l(libinit2.o)
    0x2000b13e   0x2000b13e   0x00000002   Code   RO         2358    .ARM.Collect$$libinit$$00000033  c_p.l(libinit2.o)
    0x2000b140   0x2000b140   0x00000002   Code   RO         2388    .ARM.Collect$$libshutdown$$00000000  c_p.l(libshutdown.o)
    0x2000b142   0x2000b142   0x00000000   Code   RO         2416    .ARM.Collect$$libshutdown$$00000002  c_p.l(libshutdown2.o)
    0x2000b142   0x2000b142   0x00000000   Code   RO         2418    .ARM.Collect$$libshutdown$$00000004  c_p.l(libshutdown2.o)
    0x2000b142   0x2000b142   0x00000000   Code   RO         2421    .ARM.Collect$$libshutdown$$00000007  c_p.l(libshutdown2.o)
    0x2000b142   0x2000b142   0x00000000   Code   RO         2424    .ARM.Collect$$libshutdown$$0000000A  c_p.l(libshutdown2.o)
    0x2000b142   0x2000b142   0x00000000   Code   RO         2426    .ARM.Collect$$libshutdown$$0000000C  c_p.l(libshutdown2.o)
    0x2000b142   0x2000b142   0x00000000   Code   RO         2429    .ARM.Collect$$libshutdown$$0000000F  c_p.l(libshutdown2.o)
    0x2000b142   0x2000b142   0x00000002   Code   RO         2430    .ARM.Collect$$libshutdown$$00000010  c_p.l(libshutdown2.o)
    0x2000b144   0x2000b144   0x00000000   Code   RO         2194    .ARM.Collect$$rtentry$$00000000  c_p.l(__rtentry.o)
    0x2000b144   0x2000b144   0x00000000   Code   RO         2251    .ARM.Collect$$rtentry$$00000002  c_p.l(__rtentry2.o)
    0x2000b144   0x2000b144   0x00000004   Code   RO         2265    .ARM.Collect$$rtentry$$00000007  c_p.l(__rtentry7.o)
    0x2000b148   0x2000b148   0x00000000   Code   RO         2253    .ARM.Collect$$rtentry$$00000009  c_p.l(__rtentry2.o)
    0x2000b148   0x2000b148   0x00000004   Code   RO         2254    .ARM.Collect$$rtentry$$0000000A  c_p.l(__rtentry2.o)
    0x2000b14c   0x2000b14c   0x00000000   Code   RO         2256    .ARM.Collect$$rtentry$$0000000C  c_p.l(__rtentry2.o)
    0x2000b14c   0x2000b14c   0x00000008   Code   RO         2257    .ARM.Collect$$rtentry$$0000000D  c_p.l(__rtentry2.o)
    0x2000b154   0x2000b154   0x00000004   Code   RO         2266    .ARM.Collect$$rtentry$$00002718  c_p.l(__rtentry7.o)
    0x2000b158   0x2000b158   0x00000002   Code   RO         2306    .ARM.Collect$$rtexit$$00000000  c_p.l(rtexit.o)
    0x2000b15a   0x2000b15a   0x00000000   Code   RO         2366    .ARM.Collect$$rtexit$$00000002  c_p.l(rtexit2.o)
    0x2000b15a   0x2000b15a   0x00000004   Code   RO         2367    .ARM.Collect$$rtexit$$00000003  c_p.l(rtexit2.o)
    0x2000b15e   0x2000b15e   0x00000006   Code   RO         2368    .ARM.Collect$$rtexit$$00000004  c_p.l(rtexit2.o)
    0x2000b164   0x2000b164   0x00000038   Code   RO         2124    .emb_text           c_p.l(rt_memcpy.o)
    0x2000b19c   0x2000b19c   0x00000038   Code   RO          926    .text               startup_cmsdk_cm0plus.o
    0x2000b1d4   0x2000b1d4   0x00000002   Code   RO         2057    .text               c_p.l(use_no_semi_2.o)
    0x2000b1d6   0x2000b1d6   0x00000020   Code   RO         2059    .text               c_p.l(llshl.o)
    0x2000b1f6   0x2000b1f6   0x00000022   Code   RO         2061    .text               c_p.l(llushr.o)
    0x2000b218   0x2000b218   0x00000026   Code   RO         2063    .text               c_p.l(llsshr.o)
    0x2000b23e   0x2000b23e   0x00000030   Code   RO         2065    .text               c_p.l(llmul.o)
    0x2000b26e   0x2000b26e   0x00000082   Code   RO         2125    .text               c_p.l(rt_memcpy.o)
    0x2000b2f0   0x2000b2f0   0x00000096   Code   RO         2128    .text               c_p.l(rt_memmove.o)
    0x2000b386   0x2000b386   0x00000012   Code   RO         2130    .text               c_p.l(aeabi_memset.o)
    0x2000b398   0x2000b398   0x00000040   Code   RO         2132    .text               c_p.l(rt_memclr.o)
    0x2000b3d8   0x2000b3d8   0x0000016c   Code   RO         2134    .text               c_p.l(aeabi_sdiv.o)
    0x2000b544   0x2000b544   0x00000006   Code   RO         2138    .text               c_p.l(heapauxi.o)
    0x2000b54a   0x2000b54a   0x00000002   Code   RO         2192    .text               c_p.l(use_no_semi.o)
    0x2000b54c   0x2000b54c   0x00000010   Code   RO         2289    .text               c_p.l(exit.o)
    0x2000b55c   0x2000b55c   0x00000002   Code   RO          561    .text.AON_WDT_Handler  at6010_irq.o
    0x2000b55e   0x2000b55e   0x00000008   Code   RO          545    .text.AUX_ADC_Handler  at6010_irq.o
    0x2000b566   0x2000b566   0x00000002   Code   RO          539    .text.DMA_Handler   at6010_irq.o
    0x2000b568   0x2000b568   0x00000008   Code   RO          523    .text.DUALTIMER_Handler  at6010_irq.o
    0x2000b570   0x2000b570   0x00000002   Code   RO          547    .text.GPIO0_Handler  at6010_irq.o
    0x2000b572   0x2000b572   0x00000002   Code   RO          549    .text.GPIO1_Handler  at6010_irq.o
    0x2000b574   0x2000b574   0x00000002   Code   RO          551    .text.GPIO2_Handler  at6010_irq.o
    0x2000b576   0x2000b576   0x00000002   Code   RO          553    .text.GPIO3_Handler  at6010_irq.o
    0x2000b578   0x2000b578   0x00000002   Code   RO          555    .text.GPIO4_Handler  at6010_irq.o
    0x2000b57a   0x2000b57a   0x00000002   Code   RO          557    .text.GPIO5_Handler  at6010_irq.o
    0x2000b57c   0x2000b57c   0x00000002   Code   RO          559    .text.GPIO6_Handler  at6010_irq.o
    0x2000b57e   0x2000b57e   0x00000002   Code   RO          537    .text.GPIO_Handler  at6010_irq.o
    0x2000b580   0x2000b580   0x00000002   Code   RO          535    .text.I2C_Handler   at6010_irq.o
    0x2000b582   0x2000b582   0x00000002   Code   RO          543    .text.KEY_Handler   at6010_irq.o
    0x2000b584   0x2000b584   0x00000002   Code   RO          507    .text.NMI_Handler   at6010_irq.o
    0x2000b586   0x2000b586   0x00000002   Code   RO          511    .text.PendSV_Handler  at6010_irq.o
    0x2000b588   0x2000b588   0x00000008   Code   RO          541    .text.RADAR_Handler  at6010_irq.o
    0x2000b590   0x2000b590   0x00000002   Code   RO          531    .text.SPI0_Handler  at6010_irq.o
    0x2000b592   0x2000b592   0x00000002   Code   RO          533    .text.SPI1_Handler  at6010_irq.o
    0x2000b594   0x2000b594   0x00000002   Code   RO          509    .text.SVC_Handler   at6010_irq.o
    0x2000b596   0x2000b596   0x00000008   Code   RO          513    .text.SysTick_Handler  at6010_irq.o
    0x2000b59e   0x2000b59e   0x00000002   PAD
    0x2000b5a0   0x2000b5a0   0x00000034   Code   RO          913    .text.SystemInit    system_cmsdk_cm0plus.o
    0x2000b5d4   0x2000b5d4   0x0000000a   Code   RO          515    .text.TIMER0_Handler  at6010_irq.o
    0x2000b5de   0x2000b5de   0x0000000a   Code   RO          517    .text.TIMER1_Handler  at6010_irq.o
    0x2000b5e8   0x2000b5e8   0x0000000a   Code   RO          519    .text.TIMER2_Handler  at6010_irq.o
    0x2000b5f2   0x2000b5f2   0x0000000a   Code   RO          521    .text.TIMER3_Handler  at6010_irq.o
    0x2000b5fc   0x2000b5fc   0x0000000a   Code   RO          525    .text.UART0_Handler  at6010_irq.o
    0x2000b606   0x2000b606   0x0000000a   Code   RO          527    .text.UART1_Handler  at6010_irq.o
    0x2000b610   0x2000b610   0x0000000a   Code   RO          529    .text.UART2_Handler  at6010_irq.o
    0x2000b61a   0x2000b61a   0x00000002   Code   RO          293    .text._sys_exit     retarget.o
    0x2000b61c   0x2000b61c   0x000004fc   Code   RO          933    .text._to_float     vsprintf.o
    0x2000bb18   0x2000bb18   0x0000006a   Code   RO          947    .text._to_x         vsprintf.o
    0x2000bb82   0x2000bb82   0x00000002   PAD
    0x2000bb84   0x2000bb84   0x00000028   Code   RO         1242    .text.adc_aux_isr   lib_platform.lib(at6010_aux_adc.o)
    0x2000bbac   0x2000bbac   0x00000034   Code   RO           33    .text.app_hpd_log_uart_init  app_hpd_ulp.o
    0x2000bbe0   0x2000bbe0   0x00000018   Code   RO           35    .text.app_hpd_ulp_init  app_hpd_ulp.o
    0x2000bbf8   0x2000bbf8   0x00000074   Code   RO           37    .text.app_hpd_ulp_proc  app_hpd_ulp.o
    0x2000bc6c   0x2000bc6c   0x00000088   Code   RO           49    .text.auto_report_resp_para  handle_mdet_info.o
    0x2000bcf4   0x2000bcf4   0x0000001c   Code   RO         1602    .text.cfar_isr      lib_radar.lib(at6010_cfar.o)
    0x2000bd10   0x2000bd10   0x00000008   Code   RO          664    .text.clk_mcu_get   at6010_clock.o
    0x2000bd18   0x2000bd18   0x0000011c   Code   RO          662    .text.clk_mcu_set   at6010_clock.o
    0x2000be34   0x2000be34   0x00000008   Code   RO          297    .text.delay_us      retarget.o
    0x2000be3c   0x2000be3c   0x00000018   Code   RO         1162    .text.dev_fifo_end_handler  lib_alg_ulp_bhr.lib(mdet_fmcw_ulp.o)
    0x2000be54   0x2000be54   0x0000001c   Code   RO         1160    .text.dev_fifo_half_handler  lib_alg_ulp_bhr.lib(mdet_fmcw_ulp.o)
    0x2000be70   0x2000be70   0x00000010   Code   RO          871    .text.dualtimer_get_default_config  at6010_dualtimer.o
    0x2000be80   0x2000be80   0x0000000c   Code   RO          883    .text.dualtimer_get_value  at6010_dualtimer.o
    0x2000be8c   0x2000be8c   0x00000030   Code   RO          889    .text.dualtimer_hdl_proc  at6010_dualtimer.o
    0x2000bebc   0x2000bebc   0x00000008   Code   RO          867    .text.dualtimer_init  at6010_dualtimer.o
    0x2000bec4   0x2000bec4   0x00000038   Code   RO          873    .text.dualtimer_set_config  at6010_dualtimer.o
    0x2000befc   0x2000befc   0x00000018   Code   RO          877    .text.dualtimer_start  at6010_dualtimer.o
    0x2000bf14   0x2000bf14   0x00000028   Code   RO         1639    .text.fft_adc_fft_addr_set  lib_radar.lib(at6010_fft.o)
    0x2000bf3c   0x2000bf3c   0x00000028   Code   RO         1637    .text.fft_adc_rdat_addr_set  lib_radar.lib(at6010_fft.o)
    0x2000bf64   0x2000bf64   0x00000028   Code   RO          400    .text.fft_fill_this_buffer  hal_fft.o
    0x2000bf8c   0x2000bf8c   0x00000008   Code   RO         1631    .text.fft_irq_callback_set  lib_radar.lib(at6010_fft.o)
    0x2000bf94   0x2000bf94   0x00000038   Code   RO         1653    .text.fft_isr       lib_radar.lib(at6010_fft.o)
    0x2000bfcc   0x2000bfcc   0x00000030   Code   RO         1166    .text.get_current_data_addr  lib_alg_ulp_bhr.lib(mdet_fmcw_ulp.o)
    0x2000bffc   0x2000bffc   0x000000b8   Code   RO          609    .text.gpio_init     at6010_gpio.o
    0x2000c0b4   0x2000c0b4   0x00000040   Code   RO          591    .text.gpio_set_value  at6010_gpio.o
    0x2000c0f4   0x2000c0f4   0x00000038   Code   RO          374    .text.hal_dualtimer_delay_us  hal_dualtimer.o
    0x2000c12c   0x2000c12c   0x00000050   Code   RO          364    .text.hal_dualtimer_init  hal_dualtimer.o
    0x2000c17c   0x2000c17c   0x00000018   Code   RO          398    .text.hal_fft_notify_set  hal_fft.o
    0x2000c194   0x2000c194   0x00000024   Code   RO          396    .text.hal_fft_ulp_init  hal_fft.o
    0x2000c1b8   0x2000c1b8   0x00000012   Code   RO          478    .text.hal_radar_burst_init  hal_radar.o
    0x2000c1ca   0x2000c1ca   0x0000000c   Code   RO          482    .text.hal_radar_start  hal_radar.o
    0x2000c1d6   0x2000c1d6   0x00000008   Code   RO          490    .text.hal_radar_ulp_start  hal_radar.o
    0x2000c1de   0x2000c1de   0x00000002   PAD
    0x2000c1e0   0x2000c1e0   0x000000dc   Code   RO          457    .text.hal_uart_init  hal_uart.o
    0x2000c2bc   0x2000c2bc   0x00000024   Code   RO          463    .text.hal_uart_send_wait  hal_uart.o
    0x2000c2e0   0x2000c2e0   0x0000000c   Code   RO          461    .text.hal_uart_state_get  hal_uart.o
    0x2000c2ec   0x2000c2ec   0x00000030   Code   RO           59    .text.handle_mdet_info_mot  handle_mdet_info.o
    0x2000c31c   0x2000c31c   0x00000054   Code   RO          394    .text.invoke_fft_callback  hal_fft.o
    0x2000c370   0x2000c370   0x0000007c   Code   RO          113    .text.k_msg_post    k_msg.o
    0x2000c3ec   0x2000c3ec   0x0000006c   Code   RO         1073    .text.log_printf    atlog.o
    0x2000c458   0x2000c458   0x00000054   Code   RO            7    .text.main          main_presence_ulp.o
    0x2000c4ac   0x2000c4ac   0x00000018   Code   RO          978    .text.memchr        string.o
    0x2000c4c4   0x2000c4c4   0x00000010   Code   RO         1564    .text.pmu_enable_wakeup_source  lib_platform.lib(at6010_pmu.o)
    0x2000c4d4   0x2000c4d4   0x00000028   Code   RO         1560    .text.pmu_enter_sleep  lib_platform.lib(at6010_pmu.o)
    0x2000c4fc   0x2000c4fc   0x00000010   Code   RO         1562    .text.pmu_retention_select  lib_platform.lib(at6010_pmu.o)
    0x2000c50c   0x2000c50c   0x00000018   Code   RO         1578    .text.pmu_set_dig_vcore  lib_platform.lib(at6010_pmu.o)
    0x2000c524   0x2000c524   0x00000014   Code   RO         1554    .text.pmu_set_wakeup_time  lib_platform.lib(at6010_pmu.o)
    0x2000c538   0x2000c538   0x00000018   Code   RO         1700    .text.radar_burst_init  lib_radar.lib(at6010_radar.o)
    0x2000c550   0x2000c550   0x000000e0   Code   RO         1694    .text.radar_deinit  lib_radar.lib(at6010_radar.o)
    0x2000c630   0x2000c630   0x00000012   Code   RO         1156    .text.radar_fmcw_md_det_info  lib_alg_ulp_bhr.lib(mdet_fmcw_ulp.o)
    0x2000c642   0x2000c642   0x00000002   PAD
    0x2000c644   0x2000c644   0x000000cc   Code   RO         1164    .text.radar_fmcw_md_perform  lib_alg_ulp_bhr.lib(mdet_fmcw_ulp.o)
    0x2000c710   0x2000c710   0x00000010   Code   RO         1794    .text.radar_frame_start  lib_radar.lib(at6010_radar_frame.o)
    0x2000c720   0x2000c720   0x00000038   Code   RO         1668    .text.radar_isr     lib_radar.lib(at6010_radar.o)
    0x2000c758   0x2000c758   0x0000000a   Code   RO          228    .text.radar_profile_burst_init  radar_profile_init.o
    0x2000c762   0x2000c762   0x00000002   PAD
    0x2000c764   0x2000c764   0x000001d8   Code   RO         1690    .text.radar_rf_init  lib_radar.lib(at6010_radar.o)
    0x2000c93c   0x2000c93c   0x0000000c   Code   RO         1688    .text.radar_rf_pwr_on  lib_radar.lib(at6010_radar.o)
    0x2000c948   0x2000c948   0x00000010   Code   RO         1684    .text.radar_ulp_enter  lib_radar.lib(at6010_radar.o)
    0x2000c958   0x2000c958   0x00000010   Code   RO         1682    .text.radar_ulp_init  lib_radar.lib(at6010_radar.o)
    0x2000c968   0x2000c968   0x0000000c   Code   RO         1069    .text.set_log_level  atlog.o
    0x2000c974   0x2000c974   0x0000001a   Code   RO          939    .text.sprintf_out   vsprintf.o
    0x2000c98e   0x2000c98e   0x00000002   PAD
    0x2000c990   0x2000c990   0x00000020   Code   RO          666    .text.sys_clk_adc_sdm_inv_set  at6010_clock.o
    0x2000c9b0   0x2000c9b0   0x00000014   Code   RO          672    .text.sys_clk_enable_dualtimer  at6010_clock.o
    0x2000c9c4   0x2000c9c4   0x00000018   Code   RO          668    .text.sys_clk_enable_radar  at6010_clock.o
    0x2000c9dc   0x2000c9dc   0x00000014   Code   RO          700    .text.sys_clk_enable_uart0  at6010_clock.o
    0x2000c9f0   0x2000c9f0   0x00000014   Code   RO          704    .text.sys_clk_enable_uart1  at6010_clock.o
    0x2000ca04   0x2000ca04   0x00000018   Code   RO          708    .text.sys_clk_enable_uart2  at6010_clock.o
    0x2000ca1c   0x2000ca1c   0x00000014   Code   RO          572    .text.sys_tick_handler  jiffies.o
    0x2000ca30   0x2000ca30   0x00000050   Code   RO          312    .text.sys_timer_period  sys_timer.o
    0x2000ca80   0x2000ca80   0x00000020   Code   RO          856    .text.timer_isr     at6010_timer.o
    0x2000caa0   0x2000caa0   0x00000044   Code   RO          737    .text.uart_baudrate_set  at6010_uart.o
    0x2000cae4   0x2000cae4   0x00000014   Code   RO          741    .text.uart_data_width_set  at6010_uart.o
    0x2000caf8   0x2000caf8   0x00000020   Code   RO          767    .text.uart_fifo_init  at6010_uart.o
    0x2000cb18   0x2000cb18   0x00000078   Code   RO          757    .text.uart_get_status  at6010_uart.o
    0x2000cb90   0x2000cb90   0x00000074   Code   RO          765    .text.uart_isr      at6010_uart.o
    0x2000cc04   0x2000cc04   0x00000028   Code   RO          743    .text.uart_parity_set  at6010_uart.o
    0x2000cc2c   0x2000cc2c   0x00000014   Code   RO          771    .text.uart_rx_fifo_clr  at6010_uart.o
    0x2000cc40   0x2000cc40   0x00000020   Code   RO          751    .text.uart_send_bs  at6010_uart.o
    0x2000cc60   0x2000cc60   0x00000020   Code   RO          753    .text.uart_send_str  at6010_uart.o
    0x2000cc80   0x2000cc80   0x0000000c   Code   RO          747    .text.uart_set_dma_mode  at6010_uart.o
    0x2000cc8c   0x2000cc8c   0x00000018   Code   RO          745    .text.uart_stop_bits_set  at6010_uart.o
    0x2000cca4   0x2000cca4   0x00000018   Code   RO          769    .text.uart_tx_fifo_clr  at6010_uart.o
    0x2000ccbc   0x2000ccbc   0x00000010   Code   RO          254    .text.ulp_mem_get_addr  ulp_mem.o
    0x2000cccc   0x2000cccc   0x0000007c   Code   RO         2003    .text.updateReportRBx8  lib_alg_ulp_bhr.lib(vitalmc_psm_det.o)
    0x2000cd48   0x2000cd48   0x00000004   Code   RO         2019    .text.vitalPSM_respiration_mgr_inform_lastMoveFrameId  lib_alg_ulp_bhr.lib(vitalmc_psm_respiration_mgr.o)
    0x2000cd4c   0x2000cd4c   0x0000000a   Code   RO         2023    .text.vitalPSM_respiration_mgr_isCaptured  lib_alg_ulp_bhr.lib(vitalmc_psm_respiration_mgr.o)
    0x2000cd56   0x2000cd56   0x0000001a   Code   RO         2013    .text.vitalPSM_respiration_mgr_perFrameInit  lib_alg_ulp_bhr.lib(vitalmc_psm_respiration_mgr.o)
    0x2000cd70   0x2000cd70   0x0000000c   Code   RO         2025    .text.vitalPSM_respiration_mgr_reset  lib_alg_ulp_bhr.lib(vitalmc_psm_respiration_mgr.o)
    0x2000cd7c   0x2000cd7c   0x00000224   Code   RO         2021    .text.vitalPSM_respiration_mgr_summary  lib_alg_ulp_bhr.lib(vitalmc_psm_respiration_mgr.o)
    0x2000cfa0   0x2000cfa0   0x0000001e   Code   RO         2015    .text.vitalPSM_respiration_mgr_tag  lib_alg_ulp_bhr.lib(vitalmc_psm_respiration_mgr.o)
    0x2000cfbe   0x2000cfbe   0x0000000e   Code   RO         2017    .text.vitalPSM_respiration_mgr_untag  lib_alg_ulp_bhr.lib(vitalmc_psm_respiration_mgr.o)
    0x2000cfcc   0x2000cfcc   0x00000038   Code   RO         1976    .text.vital_asin_pi_deg16x_LUT  lib_alg_ulp_bhr.lib(vital_common.o)
    0x2000d004   0x2000d004   0x0000007c   Code   RO         1962    .text.vital_atan2_rad_LUT  lib_alg_ulp_bhr.lib(vital_common.o)
    0x2000d080   0x2000d080   0x0000003e   Code   RO         1956    .text.vital_common_bitscan_MSB32  lib_alg_ulp_bhr.lib(vital_common.o)
    0x2000d0be   0x2000d0be   0x00000016   Code   RO         1958    .text.vital_common_bitscan_MSB64  lib_alg_ulp_bhr.lib(vital_common.o)
    0x2000d0d4   0x2000d0d4   0x00000030   Code   RO         1948    .text.vital_common_get_bitcount16  lib_alg_ulp_bhr.lib(vital_common.o)
    0x2000d104   0x2000d104   0x00000020   Code   RO         1970    .text.vital_common_get_complexMod  lib_alg_ulp_bhr.lib(vital_common.o)
    0x2000d124   0x2000d124   0x000008e8   Code   RO         1903    .text.vital_sign_PSM  lib_alg_ulp_bhr.lib(vitalmc_psm_core.o)
    0x2000da0c   0x2000da0c   0x00000094   Code   RO         1907    .text.vital_sign_PSM_advance  lib_alg_ulp_bhr.lib(vitalmc_psm_core.o)
    0x2000daa0   0x2000daa0   0x00000030   Code   RO         1999    .text.vital_sign_PSM_legacyDet_FramePrepare  lib_alg_ulp_bhr.lib(vitalmc_psm_det.o)
    0x2000dad0   0x2000dad0   0x000002dc   Code   RO         2001    .text.vital_sign_PSM_legacyDet_Process  lib_alg_ulp_bhr.lib(vitalmc_psm_det.o)
    0x2000ddac   0x2000ddac   0x000001d8   Code   RO         1905    .text.vital_sign_PSM_modeC_8FPS_Inject  lib_alg_ulp_bhr.lib(vitalmc_psm_core.o)
    0x2000df84   0x2000df84   0x0000018c   Code   RO         1901    .text.vital_sign_modeB_angle_hit  lib_alg_ulp_bhr.lib(vitalmc_psm_core.o)
    0x2000e110   0x2000e110   0x00000028   Code   RO          943    .text.vsnprintf     vsprintf.o
    0x2000e138   0x2000e138   0x00000444   Code   RO          935    .text.z_prf         vsprintf.o
    0x2000e57c   0x2000e57c   0x0000000c   Data   RO          775    .rodata.m_uart_hwd  at6010_uart.o
    0x2000e588   0x2000e588   0x00000008   Data   RO           70    .rodata.str1.1      handle_mdet_info.o
    0x2000e590   0x2000e590   0x00000009   Data   RO          949    .rodata.str1.1      vsprintf.o
    0x2000e599   0x2000e599   0x00000003   PAD
    0x2000e59c   0x2000e59c   0x00000030   Data   RO         2433    Region$$Table       anon$$obj.o


    Execution Region RAM2_NORET (Exec base: 0x20010000, Load base: 0x2000e5d0, Size: 0x00000d30, Max: 0x0000fc00, ABSOLUTE)

    Exec Addr    Load Addr    Size         Type   Attr      Idx    E Section Name        Object

    0x20010000   0x2000e5d0   0x00000044   Code   RO          900    .ram_region         cpu-at601x.o
    0x20010044   0x2000e614   0x00000004   Data   RW          916    .data.SystemCoreClock  system_cmsdk_cm0plus.o
    0x20010048   0x2000e618   0x00000010   Data   RW          891    .data.m_dualtimer_dev  at6010_dualtimer.o
    0x20010058   0x2000e628   0x00000001   Data   RW         1079    .data.m_log_print_level  atlog.o
    0x20010059   0x2000e629   0x00000003   PAD
    0x2001005c   0x2000e62c   0x00000020   Data   RW          858    .data.m_timer_dev   at6010_timer.o
    0x2001007c   0x2000e64c   0x00000004   Data   RW          258    .data.ret_ram_addr_tbl_ptr  ulp_mem.o
    0x20010080        -       0x00000004   Zero   RW          576    .bss.__jiffies      jiffies.o
    0x20010084        -       0x00000004   Zero   RW          902    .bss._irqs_disabled_counter  cpu-at601x.o
    0x20010088        -       0x00000004   Zero   RW          903    .bss._irqs_disabled_flag  cpu-at601x.o
    0x2001008c        -       0x00000001   Zero   RW           39    .bss.app_hpd_log_uart_init.init_flag  app_hpd_ulp.o
    0x2001008d   0x2000e650   0x00000003   PAD
    0x20010090        -       0x00000004   Zero   RW         1604    .bss.cfar_dev_irq_cb  lib_radar.lib(at6010_cfar.o)
    0x20010094        -       0x00000004   Zero   RW         1655    .bss.fft_dev_irq_cb  lib_radar.lib(at6010_fft.o)
    0x20010098        -       0x00000004   Zero   RW          422    .bss.fft_handle     hal_fft.o
    0x2001009c        -       0x00000004   Zero   RW         1886    .bss.g_config       lib_alg_ulp_bhr.lib(vital_config.o)
    0x200100a0        -       0x00000004   Zero   RW         1244    .bss.m_adc_hdl      lib_platform.lib(at6010_aux_adc.o)
    0x200100a4        -       0x00000004   Zero   RW          728    .bss.m_clk_mcu      at6010_clock.o
    0x200100a8        -       0x00000004   Zero   RW           40    .bss.m_hpd_ctx      app_hpd_ulp.o
    0x200100ac        -       0x000000fc   Zero   RW          117    .bss.m_msg_queue    k_msg.o
    0x200101a8        -       0x00000004   Zero   RW         1740    .bss.m_radar_cb     lib_radar.lib(at6010_radar.o)
    0x200101ac        -       0x00000001   Zero   RW           69    .bss.m_report_stop  handle_mdet_info.o
    0x200101ad        -       0x00000001   Zero   RW         1743    .bss.m_rx_num       lib_radar.lib(at6010_radar.o)
    0x200101ae   0x2000e650   0x00000002   PAD
    0x200101b0        -       0x000001a8   Zero   RW          330    .bss.m_sys_tim_dev  sys_timer.o
    0x20010358        -       0x00000048   Zero   RW          776    .bss.m_uart_hdl     at6010_uart.o
    0x200103a0        -       0x00000003   Zero   RW          467    .bss.m_uart_state   hal_uart.o
    0x200103a3   0x2000e650   0x00000001   PAD
    0x200103a4        -       0x00000004   Zero   RW         1180    .bss.md_handler     lib_alg_ulp_bhr.lib(mdet_fmcw_ulp.o)
    0x200103a8        -       0x00000004   Zero   RW         1909    .bss.p_psm_sign     lib_alg_ulp_bhr.lib(vitalmc_psm_core.o)
    0x200103ac   0x2000e650   0x00000004   PAD
    0x200103b0        -       0x00000080   Zero   RW         1182    .bss.radar_fmcw_md_perform.algo_det_ret  lib_alg_ulp_bhr.lib(mdet_fmcw_ulp.o)
    0x20010430        -       0x00000100   Zero   RW          924    HEAP                startup_cmsdk_cm0plus.o
    0x20010530        -       0x00000800   Zero   RW          923    STACK               startup_cmsdk_cm0plus.o


    Execution Region ARM_LIB_HEAP (Exec base: 0x20010d30, Load base: 0x2000e650, Size: 0x00000200, Max: 0x00000200, ABSOLUTE)

    Exec Addr    Load Addr    Size         Type   Attr      Idx    E Section Name        Object

    0x20010d30        -       0x00000200   Zero   RW            4    ARM_LIB_HEAP.bss    anon$$obj.o


    Execution Region ARM_LIB_STACK (Exec base: 0x2001fe00, Load base: 0x2000e650, Size: 0x00000200, Max: 0x00000200, ABSOLUTE)

    Exec Addr    Load Addr    Size         Type   Attr      Idx    E Section Name        Object

    0x2001fe00        -       0x00000200   Zero   RW            5    ARM_LIB_STACK.bss   anon$$obj.o


    Execution Region RAM3_NORET (Exec base: 0x20020000, Load base: 0x2000e650, Size: 0x00000000, Max: 0x00010000, ABSOLUTE)

    **** No section assigned to this execution region ****


    Execution Region FFT_WIN_RAM (Exec base: 0x40011000, Load base: 0x2000e650, Size: 0x00000000, Max: 0x00001000, ABSOLUTE)

    **** No section assigned to this execution region ****


==============================================================================

Image component sizes


      Code (inc. data)   RO Data    RW Data    ZI Data      Debug   Object Name

       192          8          0          0          5       5392   app_hpd_ulp.o
       432         40          0          0          4       8945   at6010_clock.o
       164          8          0         16          0       4322   at6010_dualtimer.o
       248         12          0          0          0      18957   at6010_gpio.o
       136          0          0          0          0       2947   at6010_irq.o
        32          4          0         32          0       6029   at6010_timer.o
       540         92         12          0         72      11183   at6010_uart.o
       120         16          0          1          0       2349   atlog.o
        68         16          0          0          8       1135   cpu-at601x.o
       136          8          0          0          0       5777   hal_dualtimer.o
       184         16          0          0          4      12977   hal_fft.o
        38          0          0          0          0       9892   hal_radar.o
       268         28          0          0          3       8856   hal_uart.o
       184         16          8          0          1       8250   handle_mdet_info.o
        20          4          0          0          4       3015   jiffies.o
       124         44          0          0        252       3639   k_msg.o
        84         24          0          0          0        975   main_presence_ulp.o
        10          0          0          0          0       2643   radar_profile_init.o
        10          0          0          0          0       3903   retarget.o
        56         26        192          0       2304        724   startup_cmsdk_cm0plus.o
        24          0          0          0          0      13696   string.o
        80          4          0          0        424       8578   sys_timer.o
        52         20          0          4          0       2669   system_cmsdk_cm0plus.o
        16          4          0          4          0       2508   ulp_mem.o
      2540         68          9          0          0      15907   vsprintf.o

    ----------------------------------------------------------------------
      5768        458        272         60      32781     165268   Object Totals
         0          0         48          0      29696          0   (incl. Generated)
        10          0          3          3          4          0   (incl. Padding)

    ----------------------------------------------------------------------

      Code (inc. data)   RO Data    RW Data    ZI Data      Debug   Library Member Name

         8          0          0          0          0         68   __main.o
         0          0          0          0          0          0   __rtentry.o
        12          0          0          0          0          0   __rtentry2.o
         8          4          0          0          0          0   __rtentry7.o
        60          8          0          0          0          0   __scatter.o
        26          0          0          0          0          0   __scatter_copy.o
        28          0          0          0          0          0   __scatter_zi.o
        18          0          0          0          0         68   aeabi_memset.o
       364          4          0          0          0         92   aeabi_sdiv.o
        16          0          0          0          0         68   exit.o
         6          0          0          0          0        136   heapauxi.o
         2          0          0          0          0          0   libinit.o
         2          0          0          0          0          0   libinit2.o
         2          0          0          0          0          0   libshutdown.o
         2          0          0          0          0          0   libshutdown2.o
        48          0          0          0          0         72   llmul.o
        32          0          0          0          0         68   llshl.o
        38          0          0          0          0         68   llsshr.o
        34          0          0          0          0         68   llushr.o
        64          0          0          0          0        108   rt_memclr.o
       186          0          0          0          0        144   rt_memcpy.o
       150          0          0          0          0        104   rt_memmove.o
         2          0          0          0          0          0   rtexit.o
        10          0          0          0          0          0   rtexit2.o
         2          0          0          0          0         68   use_no_semi.o
         2          0          0          0          0         68   use_no_semi_2.o
       322         20          0          0        132      14933   mdet_fmcw_ulp.o
       344         16          0          0          0       9264   vital_common.o
         0          0          0          0          4       8203   vital_config.o
      3296         88          0          0          4      25674   vitalmc_psm_core.o
       904          4          0          0          0       8829   vitalmc_psm_det.o
       644          8          0          0          0       4752   vitalmc_psm_respiration_mgr.o
        40          8          0          0          4       8005   at6010_aux_adc.o
       116         24          0          0          0       7996   at6010_pmu.o
        28          4          0          0          4       4975   at6010_cfar.o
       144         28          0          0          4       8988   at6010_fft.o
       820         36          0          0          5      16273   at6010_radar.o
        16          4          0          0          0       7917   at6010_radar_frame.o

    ----------------------------------------------------------------------
      7800        256          0          0        163     127009   Library Totals
         4          0          0          0          6          0   (incl. Padding)

    ----------------------------------------------------------------------

      Code (inc. data)   RO Data    RW Data    ZI Data      Debug   Library Name

      1122         16          0          0          0       1200   c_p.l
      5510        136          0          0        140      71655   lib_alg_ulp_bhr.lib
       156         32          0          0          4      16001   lib_platform.lib
      1008         72          0          0         13      38153   lib_radar.lib

    ----------------------------------------------------------------------
      7800        256          0          0        163     127009   Library Totals

    ----------------------------------------------------------------------

==============================================================================


      Code (inc. data)   RO Data    RW Data    ZI Data      Debug   

     13568        714        272         60      32944     291145   Grand Totals
     13568        714        272         60      32944     291145   ELF Image Totals
     13568        714        272         60          0          0   ROM Totals

==============================================================================

    Total RO  Size (Code + RO Data)                13840 (  13.52kB)
    Total RW  Size (RW Data + ZI Data)             33004 (  32.23kB)
    Total ROM Size (Code + RO Data + RW Data)      13900 (  13.57kB)

==============================================================================

