Component: ARM Compiler 6.16 Tool: armlink [5dfeaa00]

==============================================================================

Section Cross References

    startup_cmsdk_cm0plus.o(STACK) refers (Special) to heapauxi.o(.text) for __use_two_region_memory
    startup_cmsdk_cm0plus.o(HEAP) refers (Special) to heapauxi.o(.text) for __use_two_region_memory
    startup_cmsdk_cm0plus.o(RESET) refers (Special) to heapauxi.o(.text) for __use_two_region_memory
    startup_cmsdk_cm0plus.o(RESET) refers to startup_cmsdk_cm0plus.o(STACK) for __initial_sp
    startup_cmsdk_cm0plus.o(RESET) refers to startup_cmsdk_cm0plus.o(.text) for Reset_Handler
    startup_cmsdk_cm0plus.o(RESET) refers to at6010_irq.o(.text) for NMI_Handler
    startup_cmsdk_cm0plus.o(.text) refers (Special) to heapauxi.o(.text) for __use_two_region_memory
    startup_cmsdk_cm0plus.o(.text) refers to system_cmsdk_cm0plus.o(.text) for SystemInit
    startup_cmsdk_cm0plus.o(.text) refers to __main.o(!!!main) for __main
    startup_cmsdk_cm0plus.o(.text) refers to startup_cmsdk_cm0plus.o(HEAP) for Heap_Mem
    startup_cmsdk_cm0plus.o(.text) refers to startup_cmsdk_cm0plus.o(STACK) for Stack_Mem
    retarget.o(.text) refers (Special) to use_no_semi_2.o(.text) for __use_no_semihosting
    retarget.o(.text) refers to at6010_uart.o(.text) for uart_send_byte
    retarget.o(.text) refers to hal_dualtimer.o(.text) for hal_dualtimer_delay_us
    retarget.o(.ARM.exidx) refers (Special) to use_no_semi_2.o(.text) for __use_no_semihosting
    retarget.o(.ARM.exidx) refers to retarget.o(.text) for [Anonymous Symbol]
    retarget.o(.bss.__stdout) refers (Special) to use_no_semi_2.o(.text) for __use_no_semihosting
    retarget.o(.bss.__stdin) refers (Special) to use_no_semi_2.o(.text) for __use_no_semihosting
    retarget.o(.bss.__stderr) refers (Special) to use_no_semi_2.o(.text) for __use_no_semihosting
    ca_cfar_base_main.o(.text) refers to at6010_clock.o(.text) for clk_mcu_set
    ca_cfar_base_main.o(.text) refers to hal_uart.o(.text) for hal_uart_init
    ca_cfar_base_main.o(.text) refers to hal_dualtimer.o(.text) for hal_dualtimer_init
    ca_cfar_base_main.o(.text) refers to frame_header.o(.text) for write_data_frame_header
    ca_cfar_base_main.o(.text) refers to hal_fft.o(.text) for hal_fft_init
    ca_cfar_base_main.o(.text) refers to radar_cfg_hal.o(.text) for radar_fmcw_cfg
    ca_cfar_base_main.o(.text) refers to output_config.o(.text) for output_dma_config
    ca_cfar_base_main.o(.text) refers to at6010_radar_frame.o(.text.radar_frame_trigger_mode_set) for radar_frame_trigger_mode_set
    ca_cfar_base_main.o(.text) refers to at6010_radar_frame.o(.text.radar_frame_start) for radar_frame_start
    ca_cfar_base_main.o(.text) refers to ca_cfar_base_main.o(.radar_mem) for [Anonymous Symbol]
    ca_cfar_base_main.o(.text) refers to ca_cfar_base_main.o(.bss.doppler_fft_buffer) for [Anonymous Symbol]
    ca_cfar_base_main.o(.text) refers to ca_cfar_base_main.o(.bss.fifo_state) for [Anonymous Symbol]
    ca_cfar_base_main.o(.text) refers to ca_cfar_base_main.o(.data.frame_header) for [Anonymous Symbol]
    ca_cfar_base_main.o(.text) refers to ca_cfar_base_main.o(.rodata..L__const.adc_fft_win_cfg.win_cfg) for [Anonymous Symbol]
    ca_cfar_base_main.o(.text) refers to ca_cfar_base_main.o(.fft_win_mem) for [Anonymous Symbol]
    ca_cfar_base_main.o(.text) refers to cpu-at601x.o(.ram_region) for critical_section_start
    ca_cfar_base_main.o(.ARM.exidx) refers to ca_cfar_base_main.o(.text) for [Anonymous Symbol]
    ca_cfar_base_main.o(.data.frame_header) refers to ca_cfar_base_main.o(.radar_mem) for [Anonymous Symbol]
    ca_cfar_base_main.o(.rodata..L__const.adc_fft_win_cfg.win_cfg) refers to ca_cfar_base_main.o(.fft_win_mem) for [Anonymous Symbol]
    system_cmsdk_cm0plus.o(.text) refers to system_cmsdk_cm0plus.o(.data.SystemCoreClock) for SystemCoreClock
    system_cmsdk_cm0plus.o(.text) refers to startup_cmsdk_cm0plus.o(RESET) for __Vectors
    system_cmsdk_cm0plus.o(.ARM.exidx) refers to system_cmsdk_cm0plus.o(.text) for [Anonymous Symbol]
    hal_dualtimer.o(.text) refers to at6010_dualtimer.o(.text) for dualtimer_init
    hal_dualtimer.o(.text) refers to at6010_clock.o(.text) for clk_mcu_get
    hal_dualtimer.o(.text) refers to aeabi_sdiv.o(.text) for __aeabi_uidiv
    hal_dualtimer.o(.ARM.exidx) refers to hal_dualtimer.o(.text) for [Anonymous Symbol]
    hal_clock.o(.text) refers to at6010_clock.o(.text) for clock_init
    hal_clock.o(.text) refers to hal_clock.o(.data.m_clk_inst) for [Anonymous Symbol]
    hal_clock.o(.text) refers to aeabi_sdiv.o(.text) for __aeabi_uidiv
    hal_clock.o(.ARM.exidx) refers to hal_clock.o(.text) for [Anonymous Symbol]
    hal_uart.o(.text) refers to at6010_uart.o(.text) for uart_rx_fifo_clr
    hal_uart.o(.text) refers to hal_uart.o(.bss.m_uart_state) for [Anonymous Symbol]
    hal_uart.o(.text) refers to at6010_gpio.o(.text) for gpio_init
[...]
    clk_mcu_src_set                          0x080049b9   Thumb Code    84  at6010_clock.o(.text)
    set_sys_clk_divider                      0x08004a11   Thumb Code   112  at6010_clock.o(.text)
    set_spi_flash_clk_divider                0x08004a91   Thumb Code    92  at6010_clock.o(.text)
    sys_clk_set_adc_clk                      0x08004af1   Thumb Code    10  at6010_clock.o(.text)
    xtal_freq_get                            0x08004afd   Thumb Code    12  at6010_clock.o(.text)
    clk_mcu_set                              0x08004b11   Thumb Code   336  at6010_clock.o(.text)
    clk_mcu_get                              0x08004cd5   Thumb Code     8  at6010_clock.o(.text)
    sys_clk_adc_sdm_inv_set                  0x08004ce1   Thumb Code    44  at6010_clock.o(.text)
    sys_clk_enable_radar                     0x08004d11   Thumb Code    14  at6010_clock.o(.text)
    sys_clk_disable_radar                    0x08004d49   Thumb Code    14  at6010_clock.o(.text)
    sys_clk_enable_dualtimer                 0x08004d81   Thumb Code    12  at6010_clock.o(.text)
    sys_clk_disable_dualtimer                0x08004db5   Thumb Code    12  at6010_clock.o(.text)
    sys_clk_enable_gpio                      0x08004de9   Thumb Code    14  at6010_clock.o(.text)
    sys_clk_disable_gpio                     0x08004df7   Thumb Code    14  at6010_clock.o(.text)
    sys_clk_enable_spi0                      0x08004e05   Thumb Code    14  at6010_clock.o(.text)
    sys_clk_enable_spi1                      0x08004e13   Thumb Code    14  at6010_clock.o(.text)
    sys_clk_disable_spi0                     0x08004e21   Thumb Code    14  at6010_clock.o(.text)
    sys_clk_disable_spi1                     0x08004e2f   Thumb Code    14  at6010_clock.o(.text)
    sys_clk_enable_dma                       0x08004e3d   Thumb Code    12  at6010_clock.o(.text)
    sys_clk_disable_dma                      0x08004e49   Thumb Code    12  at6010_clock.o(.text)
    sys_clk_enable_pwm                       0x08004e55   Thumb Code    14  at6010_clock.o(.text)
    sys_clk_disable_pwm                      0x08004e63   Thumb Code    14  at6010_clock.o(.text)
    sys_clk_enable_i2c                       0x08004e71   Thumb Code    14  at6010_clock.o(.text)
    sys_clk_disable_i2c                      0x08004e7f   Thumb Code    14  at6010_clock.o(.text)
    sys_clk_enable_uart0                     0x08004e8d   Thumb Code    12  at6010_clock.o(.text)
    sys_clk_disable_uart0                    0x08004e99   Thumb Code    12  at6010_clock.o(.text)
    sys_clk_enable_uart1                     0x08004ea5   Thumb Code    12  at6010_clock.o(.text)
    sys_clk_disable_uart1                    0x08004eb1   Thumb Code    12  at6010_clock.o(.text)
    sys_clk_enable_uart2                     0x08004ebd   Thumb Code    14  at6010_clock.o(.text)
    sys_clk_disable_uart2                    0x08004ecb   Thumb Code    14  at6010_clock.o(.text)
    sys_clk_enable_timer0                    0x08004ed9   Thumb Code    12  at6010_clock.o(.text)
    sys_clk_enable_timer1                    0x08004ee5   Thumb Code    12  at6010_clock.o(.text)
    sys_clk_enable_timer2                    0x08004ef1   Thumb Code    12  at6010_clock.o(.text)
    sys_clk_enable_timer3                    0x08004efd   Thumb Code    12  at6010_clock.o(.text)
    sys_clk_disable_timer0                   0x08004f09   Thumb Code    12  at6010_clock.o(.text)
    sys_clk_disable_timer1                   0x08004f15   Thumb Code    12  at6010_clock.o(.text)
    sys_clk_disable_timer2                   0x08004f21   Thumb Code    12  at6010_clock.o(.text)
    sys_clk_disable_timer3                   0x08004f2d   Thumb Code    12  at6010_clock.o(.text)
    NMI_Handler                              0x08004f39   Thumb Code     2  at6010_irq.o(.text)
    HardFault_Handler                        0x08004f3b   Thumb Code     2  at6010_irq.o(.text)
    SVC_Handler                              0x08004f3d   Thumb Code     2  at6010_irq.o(.text)
    PendSV_Handler                           0x08004f3f   Thumb Code     2  at6010_irq.o(.text)
    SysTick_Handler                          0x08004f41   Thumb Code     2  at6010_irq.o(.text)
    TIMER0_Handler                           0x08004f43   Thumb Code    10  at6010_irq.o(.text)
    TIMER1_Handler                           0x08004f4d   Thumb Code    10  at6010_irq.o(.text)
    TIMER2_Handler                           0x08004f57   Thumb Code    10  at6010_irq.o(.text)
    TIMER3_Handler                           0x08004f61   Thumb Code    10  at6010_irq.o(.text)
    DUALTIMER_Handler                        0x08004f6b   Thumb Code     8  at6010_irq.o(.text)
    UART0_Handler                            0x08004f73   Thumb Code     2  at6010_irq.o(.text)
    UART1_Handler                            0x08004f75   Thumb Code     2  at6010_irq.o(.text)
    UART2_Handler                            0x08004f77   Thumb Code     2  at6010_irq.o(.text)
    SPI0_Handler                             0x08004f79   Thumb Code     2  at6010_irq.o(.text)
    SPI1_Handler                             0x08004f7b   Thumb Code     2  at6010_irq.o(.text)
    I2C_Handler                              0x08004f7d   Thumb Code     2  at6010_irq.o(.text)
    GPIO_Handler                             0x08004f7f   Thumb Code     2  at6010_irq.o(.text)
    DMA_Handler                              0x08004f81   Thumb Code     2  at6010_irq.o(.text)
    RADAR_Handler                            0x08004f83   Thumb Code     8  at6010_irq.o(.text)
    KEY_Handler                              0x08004f8b   Thumb Code     2  at6010_irq.o(.text)
    GPIO0_Handler                            0x08004f8d   Thumb Code     2  at6010_irq.o(.text)
    GPIO1_Handler                            0x08004f8f   Thumb Code     2  at6010_irq.o(.text)
    GPIO2_Handler                            0x08004f91   Thumb Code     2  at6010_irq.o(.text)
    GPIO3_Handler                            0x08004f93   Thumb Code     2  at6010_irq.o(.text)
    GPIO4_Handler                            0x08004f95   Thumb Code     2  at6010_irq.o(.text)
    GPIO5_Handler                            0x08004f97   Thumb Code     2  at6010_irq.o(.text)
    GPIO6_Handler                            0x08004f99   Thumb Code     2  at6010_irq.o(.text)
    AON_WDT_Handler                          0x08004f9b   Thumb Code     2  at6010_irq.o(.text)
    gpio_get_direction                       0x08004f9d   Thumb Code    32  at6010_gpio.o(.text)
    gpio_set_direction                       0x08005021   Thumb Code    78  at6010_gpio.o(.text)
    gpio_get_value                           0x080050f9   Thumb Code   116  at6010_gpio.o(.text)
    gpio_set_value                           0x08005185   Thumb Code    74  at6010_gpio.o(.text)
    gpio_direction_input                     0x080051cf   Thumb Code    22  at6010_gpio.o(.text)
    gpio_direction_output                    0x080051e5   Thumb Code    32  at6010_gpio.o(.text)
    gpio_set_pinmux                          0x08005205   Thumb Code    60  at6010_gpio.o(.text)
    gpio_set_alternate_function              0x080052c5   Thumb Code    88  at6010_gpio.o(.text)
    gpio_set_analog_en                       0x08005353   Thumb Code    72  at6010_gpio.o(.text)
    gpio_set_rd_en                           0x0800539d   Thumb Code    56  at6010_gpio.o(.text)
    gpio_set_pull_up                         0x080053d9   Thumb Code    72  at6010_gpio.o(.text)
    gpio_set_pull_down                       0x08005421   Thumb Code    72  at6010_gpio.o(.text)
    gpio_init                                0x08005469   Thumb Code   256  at6010_gpio.o(.text)
    gpio_set_irq_type                        0x08005569   Thumb Code   232  at6010_gpio.o(.text)
    gpio_irq_hdl                             0x08005689   Thumb Code    36  at6010_gpio.o(.text)
    gpio_isr                                 0x080056b1   Thumb Code    76  at6010_gpio.o(.text)
    gpio_irq_set_hdl                         0x08005701   Thumb Code    36  at6010_gpio.o(.text)
    gpio_irq_enable                          0x08005729   Thumb Code    32  at6010_gpio.o(.text)
    gpio_irq_disable                         0x0800574d   Thumb Code    32  at6010_gpio.o(.text)
    gpio_irq_clr_flag                        0x08005771   Thumb Code    32  at6010_gpio.o(.text)
    gpio_irq_get_status                      0x08005795   Thumb Code    44  at6010_gpio.o(.text)
    gpio_irq_rise_get_status                 0x080057c5   Thumb Code    44  at6010_gpio.o(.text)
    gpio_toggle_init                         0x080057f5   Thumb Code    40  at6010_gpio.o(.text)
    gpio_toggle                              0x0800581d   Thumb Code    42  at6010_gpio.o(.text)
    timer_init                               0x08005895   Thumb Code    80  at6010_timer.o(.text)
    timer_irq_enable                         0x080058e9   Thumb Code    64  at6010_timer.o(.text)
    timer_irq_disable                        0x08005985   Thumb Code    52  at6010_timer.o(.text)
    timer_start                              0x080059f1   Thumb Code    36  at6010_timer.o(.text)
    timer_stop                               0x08005a19   Thumb Code    36  at6010_timer.o(.text)
    timer_value_get                          0x08005a41   Thumb Code    28  at6010_timer.o(.text)
    timer_value_set                          0x08005a61   Thumb Code    32  at6010_timer.o(.text)
    timer_reload_get                         0x08005a85   Thumb Code    28  at6010_timer.o(.text)
    timer_reload_set                         0x08005aa5   Thumb Code    32  at6010_timer.o(.text)
    timer_irq_clear                          0x08005ac9   Thumb Code    32  at6010_timer.o(.text)
    timer_irq_status                         0x08005aed   Thumb Code    28  at6010_timer.o(.text)
    timer_cb_set                             0x08005b0d   Thumb Code    28  at6010_timer.o(.text)
    timer_isr                                0x08005b2d   Thumb Code    52  at6010_timer.o(.text)
    output_dma_config                        0x08005b65   Thumb Code   164  output_config.o(.text)
    output_port_send_data                    0x08005c59   Thumb Code   128  output_config.o(.text)
    write_data_frame_header                  0x08005d2d   Thumb Code   372  frame_header.o(.text)
    __use_no_semihosting                     0x08005ef1   Thumb Code     2  use_no_semi_2.o(.text)
    __aeabi_uldivmod                         0x08005ef3   Thumb Code   272  lludiv.o(.text)
    _ll_udiv                                 0x08005ef3   Thumb Code     0  lludiv.o(.text)
    printf                                   0x08006005   Thumb Code    22  printf.o(.text)
    __aeabi_memcpy                           0x08006021   Thumb Code   130  rt_memcpy.o(.text)
    __rt_memcpy                              0x08006021   Thumb Code     0  rt_memcpy.o(.text)
    __aeabi_uidiv                            0x080060a5   Thumb Code     0  aeabi_sdiv.o(.text)
    __aeabi_uidivmod                         0x080060a5   Thumb Code    20  aeabi_sdiv.o(.text)
    __aeabi_idiv                             0x080060b9   Thumb Code     0  aeabi_sdiv.o(.text)
    __aeabi_idivmod                          0x080060b9   Thumb Code   338  aeabi_sdiv.o(.text)
    __use_two_region_memory                  0x08006211   Thumb Code     2  heapauxi.o(.text)
    __rt_heap_escrow$2region                 0x08006213   Thumb Code     2  heapauxi.o(.text)
    __rt_heap_expand$2region                 0x08006215   Thumb Code     2  heapauxi.o(.text)
    __aeabi_dadd                             0x08006511   Thumb Code     0  daddsub.o(.text)
    _dadd                                    0x08006511   Thumb Code    26  daddsub.o(.text)
    __aeabi_dsub                             0x0800652b   Thumb Code     0  daddsub.o(.text)
    _dsub                                    0x0800652b   Thumb Code    22  daddsub.o(.text)
    __aeabi_drsub                            0x08006541   Thumb Code     0  daddsub.o(.text)
    _drsb                                    0x08006541   Thumb Code    28  daddsub.o(.text)
    __aeabi_d2uiz                            0x08006571   Thumb Code     0  dfixui.o(.text)
    _dfixu                                   0x08006571   Thumb Code    68  dfixui.o(.text)
    __aeabi_f2d                              0x080065b9   Thumb Code     0  f2d.o(.text)
    _f2d                                     0x080065b9   Thumb Code    80  f2d.o(.text)
    __aeabi_fdiv                             0x0800660d   Thumb Code     0  fdiv.o(.text)
    _fdiv                                    0x0800660d   Thumb Code   334  fdiv.o(.text)
    _frdiv                                   0x0800675b   Thumb Code     8  fdiv.o(.text)
    __aeabi_i2f_normalise                    0x0800676d   Thumb Code    72  fflti.o(.text)
    __aeabi_i2f                              0x080067b5   Thumb Code    16  fflti.o(.text)
    _fflt                                    0x080067b5   Thumb Code     0  fflti.o(.text)
    __aeabi_ui2f                             0x080067c5   Thumb Code     6  fflti.o(.text)
    _ffltu                                   0x080067c5   Thumb Code     0  fflti.o(.text)
    __I$use$semihosting                      0x080067cb   Thumb Code     0  use_no_semi.o(.text)
    __use_no_semihosting_swi                 0x080067cb   Thumb Code     2  use_no_semi.o(.text)
    _printf_pre_padding                      0x080067cd   Thumb Code    44  _printf_pad.o(.text)
    _printf_post_padding                     0x080067f9   Thumb Code    34  _printf_pad.o(.text)
    _printf_truncate_signed                  0x0800681b   Thumb Code    18  _printf_truncate.o(.text)
    _printf_truncate_unsigned                0x0800682d   Thumb Code    18  _printf_truncate.o(.text)
    _printf_str                              0x0800683f   Thumb Code    82  _printf_str.o(.text)
    _printf_int_dec                          0x08006891   Thumb Code    90  _printf_dec.o(.text)
    _printf_charcount                        0x080068fd   Thumb Code    38  _printf_charcount.o(.text)
    _printf_char_file                        0x08006925   Thumb Code    34  _printf_char_file.o(.text)
    _printf_wctomb                           0x0800694d   Thumb Code   182  _printf_wctomb.o(.text)
    _printf_longlong_dec                     0x08006a09   Thumb Code    94  _printf_longlong_dec.o(.text)
    _printf_longlong_oct                     0x08006a79   Thumb Code    68  _printf_oct_int_ll.o(.text)
    _printf_int_oct                          0x08006abd   Thumb Code    24  _printf_oct_int_ll.o(.text)
    _printf_ll_oct                           0x08006ad5   Thumb Code    10  _printf_oct_int_ll.o(.text)
    _printf_longlong_hex                     0x08006ae9   Thumb Code    88  _printf_hex_int_ll_ptr.o(.text)
    _printf_int_hex                          0x08006b41   Thumb Code    28  _printf_hex_int_ll_ptr.o(.text)
    _printf_ll_hex                           0x08006b5d   Thumb Code    10  _printf_hex_int_ll_ptr.o(.text)
    _printf_hex_ptr                          0x08006b67   Thumb Code    22  _printf_hex_int_ll_ptr.o(.text)
    __printf                                 0x08006b81   Thumb Code   386  __printf_flags_ss_wp.o(.text)
    _ll_udiv10                               0x08006d09   Thumb Code   122  lludiv10.o(.text)
    _printf_int_common                       0x08006d83   Thumb Code   176  _printf_intcommon.o(.text)
    _printf_fp_dec_real                      0x08006fd1   Thumb Code   620  _printf_fp_dec.o(.text)
    _printf_fp_hex_real                      0x08007249   Thumb Code   718  _printf_fp_hex.o(.text)
    _printf_char_common                      0x0800752b   Thumb Code    32  _printf_char_common.o(.text)
    _printf_cs_common                        0x08007551   Thumb Code    22  _printf_char.o(.text)
    _printf_char                             0x08007567   Thumb Code    16  _printf_char.o(.text)
    _printf_string                           0x08007577   Thumb Code     8  _printf_char.o(.text)
    _printf_lcs_common                       0x0800757f   Thumb Code    22  _printf_wchar.o(.text)
    _printf_wchar                            0x08007595   Thumb Code    16  _printf_wchar.o(.text)
    _printf_wstring                          0x080075a5   Thumb Code     8  _printf_wchar.o(.text)
    _c16rtomb                                0x080075ad   Thumb Code    66  _c16rtomb.o(.text)
    _wcrtomb                                 0x080075ad   Thumb Code     0  _c16rtomb.o(.text)
    __rt_udiv10                              0x080075ef   Thumb Code    40  rtudiv10.o(.text)
    __rt_ctype_table                         0x08007619   Thumb Code    16  rt_ctype_table.o(.text)
    __rt_locale                              0x08007629   Thumb Code     8  rt_locale_intlibspace.o(.text)
    _printf_fp_infnan                        0x08007631   Thumb Code   120  _printf_fp_infnan.o(.text)
    _btod_etento                             0x080076b9   Thumb Code   210  bigflt0.o(.text)
    _btod_d2e                                0x08007791   Thumb Code    64  btod.o(.text)
    _btod_emul                               0x08007bc5   Thumb Code    28  btod.o(.text)
    _btod_emuld                              0x08007be1   Thumb Code   144  btod.o(.text)
    _btod_ediv                               0x08007c71   Thumb Code    26  btod.o(.text)
    _btod_edivd                              0x08007c8b   Thumb Code   124  btod.o(.text)
    exit                                     0x08007d11   Thumb Code    16  exit.o(.text)
    strcmp                                   0x08007d21   Thumb Code   132  strcmp.o(.text)
    __decompress                             0x08007da9   Thumb Code     0  __dczerorl.o(.text)
    __decompress0                            0x08007da9   Thumb Code    58  __dczerorl.o(.text)
    cfar_abs_threshold_cfg                   0x08007de5   Thumb Code     8  at6010_cfar.o(.text.cfar_abs_threshold_cfg)
    cfar_det_bmap_addr_cfg                   0x08007df1   Thumb Code    40  at6010_cfar.o(.text.cfar_det_bmap_addr_cfg)
    cfar_enable                              0x08007e21   Thumb Code    16  at6010_cfar.o(.text.cfar_enable)
    cfar_irq_callback_set                    0x08007e31   Thumb Code     8  at6010_cfar.o(.text.cfar_irq_callback_set)
    cfar_irq_enable                          0x08007e39   Thumb Code    28  at6010_cfar.o(.text.cfar_irq_enable)
    cfar_isr                                 0x08007e59   Thumb Code    24  at6010_cfar.o(.text.cfar_isr)
    cfar_range_dim_cfg                       0x08007e79   Thumb Code    56  at6010_cfar.o(.text.cfar_range_dim_cfg)
    cfar_vel_dim_cfg                         0x08007eb5   Thumb Code    44  at6010_cfar.o(.text.cfar_vel_dim_cfg)
    dma_clear_block_done_flag                0x08007ee9   Thumb Code    24  at6010_dma.o(.text.dma_clear_block_done_flag)
    dma_clear_it_block                       0x08007f01   Thumb Code    20  at6010_dma.o(.text.dma_clear_it_block)
    dma_clear_it_dst_tran                    0x08007f15   Thumb Code    20  at6010_dma.o(.text.dma_clear_it_dst_tran)
    dma_clear_it_error                       0x08007f29   Thumb Code    20  at6010_dma.o(.text.dma_clear_it_error)
    dma_clear_it_src_tran                    0x08007f3d   Thumb Code    20  at6010_dma.o(.text.dma_clear_it_src_tran)
    dma_clear_it_tfr                         0x08007f51   Thumb Code    20  at6010_dma.o(.text.dma_clear_it_tfr)
    dma_disable_channel                      0x08007f65   Thumb Code    20  at6010_dma.o(.text.dma_disable_channel)
    dma_disable_it_block                     0x08007f79   Thumb Code    20  at6010_dma.o(.text.dma_disable_it_block)
    dma_disable_it_dst_tran                  0x08007f8d   Thumb Code    20  at6010_dma.o(.text.dma_disable_it_dst_tran)
    dma_disable_it_error                     0x08007fa1   Thumb Code    20  at6010_dma.o(.text.dma_disable_it_error)
    dma_disable_it_src_tran                  0x08007fb5   Thumb Code    20  at6010_dma.o(.text.dma_disable_it_src_tran)
    dma_disable_it_tfr                       0x08007fc9   Thumb Code    20  at6010_dma.o(.text.dma_disable_it_tfr)
    dma_enable_channel                       0x08007fdd   Thumb Code    24  at6010_dma.o(.text.dma_enable_channel)
    dma_enable_global                        0x08007ff5   Thumb Code    22  at6010_dma.o(.text.dma_enable_global)
    dma_enable_it_block                      0x0800800d   Thumb Code    24  at6010_dma.o(.text.dma_enable_it_block)
    dma_enable_it_dst_tran                   0x08008025   Thumb Code    24  at6010_dma.o(.text.dma_enable_it_dst_tran)
    dma_enable_it_error                      0x0800803d   Thumb Code    24  at6010_dma.o(.text.dma_enable_it_error)
    dma_enable_it_src_tran                   0x08008055   Thumb Code    24  at6010_dma.o(.text.dma_enable_it_src_tran)
    dma_enable_it_tfr                        0x0800806d   Thumb Code    24  at6010_dma.o(.text.dma_enable_it_tfr)
    dma_get_raw_tfr                          0x08008085   Thumb Code    24  at6010_dma.o(.text.dma_get_raw_tfr)
    dma_get_status_block                     0x0800809d   Thumb Code    24  at6010_dma.o(.text.dma_get_status_block)
    dma_get_status_dst_tran                  0x080080b5   Thumb Code    24  at6010_dma.o(.text.dma_get_status_dst_tran)
    dma_get_status_error                     0x080080cd   Thumb Code    24  at6010_dma.o(.text.dma_get_status_error)
    dma_get_status_src_tran                  0x080080e5   Thumb Code    24  at6010_dma.o(.text.dma_get_status_src_tran)
    dma_get_status_tfr                       0x080080fd   Thumb Code    24  at6010_dma.o(.text.dma_get_status_tfr)
    dma_is_active_channel                    0x08008115   Thumb Code    24  at6010_dma.o(.text.dma_is_active_channel)
    dma_is_enabled_it_block                  0x0800812d   Thumb Code    24  at6010_dma.o(.text.dma_is_enabled_it_block)
    dma_is_enabled_it_dst_tran               0x08008145   Thumb Code    24  at6010_dma.o(.text.dma_is_enabled_it_dst_tran)
    dma_is_enabled_it_error                  0x0800815d   Thumb Code    24  at6010_dma.o(.text.dma_is_enabled_it_error)
    dma_is_enabled_it_src_tran               0x08008175   Thumb Code    24  at6010_dma.o(.text.dma_is_enabled_it_src_tran)
    dma_is_enabled_it_tfr                    0x0800818d   Thumb Code    24  at6010_dma.o(.text.dma_is_enabled_it_tfr)
    dma_set_block_transfer_size              0x080081a9   Thumb Code    28  at6010_dma.o(.text.dma_set_block_transfer_size)
    dma_set_channel_priority                 0x080081cd   Thumb Code    28  at6010_dma.o(.text.dma_set_channel_priority)
    dma_set_channel_suspend                  0x080081e9   Thumb Code    32  at6010_dma.o(.text.dma_set_channel_suspend)
    dma_set_dst_addr                         0x08008209   Thumb Code    20  at6010_dma.o(.text.dma_set_dst_addr)
    dma_set_dst_addr_inc                     0x0800821d   Thumb Code    32  at6010_dma.o(.text.dma_set_dst_addr_inc)
    dma_set_dst_burst_length                 0x0800823d   Thumb Code    32  at6010_dma.o(.text.dma_set_dst_burst_length)
    dma_set_dst_handshake_if                 0x08008261   Thumb Code    32  at6010_dma.o(.text.dma_set_dst_handshake_if)
    dma_set_dst_handshake_polarity           0x08008281   Thumb Code    32  at6010_dma.o(.text.dma_set_dst_handshake_polarity)
    dma_set_dst_handshake_type               0x080082a1   Thumb Code    32  at6010_dma.o(.text.dma_set_dst_handshake_type)
    dma_set_dst_linked_list_en               0x080082c1   Thumb Code    32  at6010_dma.o(.text.dma_set_dst_linked_list_en)
    dma_set_dst_reload_en                    0x080082e1   Thumb Code    28  at6010_dma.o(.text.dma_set_dst_reload_en)
    dma_set_dst_scatter_cnt                  0x080082fd   Thumb Code    28  at6010_dma.o(.text.dma_set_dst_scatter_cnt)
    dma_set_dst_scatter_en                   0x08008319   Thumb Code    32  at6010_dma.o(.text.dma_set_dst_scatter_en)
    dma_set_dst_scatter_interval             0x08008339   Thumb Code    28  at6010_dma.o(.text.dma_set_dst_scatter_interval)
    dma_set_dst_status_addr                  0x08008355   Thumb Code    20  at6010_dma.o(.text.dma_set_dst_status_addr)
    dma_set_dst_status_update_en             0x08008369   Thumb Code    28  at6010_dma.o(.text.dma_set_dst_status_update_en)
    dma_set_dst_tr_width                     0x08008385   Thumb Code    28  at6010_dma.o(.text.dma_set_dst_tr_width)
    dma_set_fifo_mode                        0x080083a1   Thumb Code    28  at6010_dma.o(.text.dma_set_fifo_mode)
    dma_set_flow_control_mode                0x080083bd   Thumb Code    28  at6010_dma.o(.text.dma_set_flow_control_mode)
    dma_set_flowctrl                         0x080083d9   Thumb Code    32  at6010_dma.o(.text.dma_set_flowctrl)
    dma_set_int_en                           0x080083f9   Thumb Code    28  at6010_dma.o(.text.dma_set_int_en)
    dma_set_linked_list_loc                  0x08008415   Thumb Code    28  at6010_dma.o(.text.dma_set_linked_list_loc)
    dma_set_lock_bus                         0x08008431   Thumb Code    32  at6010_dma.o(.text.dma_set_lock_bus)
    dma_set_lock_bus_level                   0x08008451   Thumb Code    32  at6010_dma.o(.text.dma_set_lock_bus_level)
    dma_set_lock_channel                     0x08008471   Thumb Code    32  at6010_dma.o(.text.dma_set_lock_channel)
    dma_set_lock_channel_level               0x08008491   Thumb Code    32  at6010_dma.o(.text.dma_set_lock_channel_level)
    dma_set_protection_control               0x080084b1   Thumb Code    28  at6010_dma.o(.text.dma_set_protection_control)
    dma_set_src_addr                         0x080084cd   Thumb Code    20  at6010_dma.o(.text.dma_set_src_addr)
    dma_set_src_addr_inc                     0x080084e1   Thumb Code    32  at6010_dma.o(.text.dma_set_src_addr_inc)
    dma_set_src_burst_length                 0x08008501   Thumb Code    32  at6010_dma.o(.text.dma_set_src_burst_length)
    dma_set_src_gather_cnt                   0x08008525   Thumb Code    28  at6010_dma.o(.text.dma_set_src_gather_cnt)
    dma_set_src_gather_en                    0x08008545   Thumb Code    32  at6010_dma.o(.text.dma_set_src_gather_en)
    dma_set_src_gather_interval              0x08008569   Thumb Code    28  at6010_dma.o(.text.dma_set_src_gather_interval)
    dma_set_src_handshake_if                 0x08008591   Thumb Code    32  at6010_dma.o(.text.dma_set_src_handshake_if)
    dma_set_src_handshake_polarity           0x080085b5   Thumb Code    32  at6010_dma.o(.text.dma_set_src_handshake_polarity)
    dma_set_src_handshake_type               0x080085d9   Thumb Code    32  at6010_dma.o(.text.dma_set_src_handshake_type)
    dma_set_src_linked_list_en               0x080085fd   Thumb Code    32  at6010_dma.o(.text.dma_set_src_linked_list_en)
    dma_set_src_realod_en                    0x08008621   Thumb Code    32  at6010_dma.o(.text.dma_set_src_realod_en)
    dma_set_src_status_addr                  0x08008641   Thumb Code    20  at6010_dma.o(.text.dma_set_src_status_addr)
    dma_set_src_status_update_en             0x08008659   Thumb Code    28  at6010_dma.o(.text.dma_set_src_status_update_en)
    dma_set_src_tr_width                     0x08008679   Thumb Code    28  at6010_dma.o(.text.dma_set_src_tr_width)
    fft_adc_1d_fft_cfg                       0x08008699   Thumb Code   108  at6010_fft.o(.text.fft_adc_1d_fft_cfg)
    fft_adc_1d_fft_enable                    0x0800870d   Thumb Code    16  at6010_fft.o(.text.fft_adc_1d_fft_enable)
    fft_adc_2d_fft_cfg                       0x0800871d   Thumb Code   140  at6010_fft.o(.text.fft_adc_2d_fft_cfg)
    fft_adc_2d_fft_enable                    0x080087b1   Thumb Code    16  at6010_fft.o(.text.fft_adc_2d_fft_enable)
    fft_adc_fft_addr_set                     0x080087c5   Thumb Code    32  at6010_fft.o(.text.fft_adc_fft_addr_set)
    fft_adc_rdat_addr_set                    0x080087e9   Thumb Code    28  at6010_fft.o(.text.fft_adc_rdat_addr_set)
    fft_adc_rdat_cfg                         0x08008805   Thumb Code    68  at6010_fft.o(.text.fft_adc_rdat_cfg)
    fft_adc_rdat_enable                      0x08008859   Thumb Code    20  at6010_fft.o(.text.fft_adc_rdat_enable)
    fft_adc_win_cfg                          0x0800886d   Thumb Code    48  at6010_fft.o(.text.fft_adc_win_cfg)
    fft_adc_win_enable                       0x080088a5   Thumb Code    44  at6010_fft.o(.text.fft_adc_win_enable)
    fft_dc_cut_enable                        0x080088d5   Thumb Code    20  at6010_fft.o(.text.fft_dc_cut_enable)
    fft_dev_deinit                           0x080088e9   Thumb Code    52  at6010_fft.o(.text.fft_dev_deinit)
    fft_dev_init                             0x0800891d   Thumb Code    52  at6010_fft.o(.text.fft_dev_init)
    fft_input_data_type_set                  0x08008955   Thumb Code    20  at6010_fft.o(.text.fft_input_data_type_set)
    fft_irq_callback_set                     0x08008969   Thumb Code     8  at6010_fft.o(.text.fft_irq_callback_set)
    fft_irq_enable                           0x08008971   Thumb Code    80  at6010_fft.o(.text.fft_irq_enable)
    fft_isr                                  0x080089d5   Thumb Code    48  at6010_fft.o(.text.fft_isr)
    fft_user_fft_cfg                         0x08008a0d   Thumb Code    92  at6010_fft.o(.text.fft_user_fft_cfg)
    fft_user_fft_start                       0x08008a7d   Thumb Code    20  at6010_fft.o(.text.fft_user_fft_start)
    fft_user_win_cfg                         0x08008a91   Thumb Code    28  at6010_fft.o(.text.fft_user_win_cfg)
    fft_user_win_enable                      0x08008ab5   Thumb Code    24  at6010_fft.o(.text.fft_user_win_enable)
    fmcw_afc_freq_set                        0x08008ad1   Thumb Code    88  at6010_radar.o(.text.fmcw_afc_freq_set)
    pmu_clk_dcdc_set                         0x08008b3d   Thumb Code    64  at6010_pmu.o(.text.pmu_clk_dcdc_set)
    pmu_por_osc_disable                      0x08008b81   Thumb Code    12  at6010_pmu.o(.text.pmu_por_osc_disable)
    pmu_rf_pwr_on                            0x08008b91   Thumb Code    12  at6010_pmu.o(.text.pmu_rf_pwr_on)
    pmu_set_dig_vcore                        0x08008ba1   Thumb Code    20  at6010_pmu.o(.text.pmu_set_dig_vcore)
    radar_ant_rx_num_get                     0x08008bb9   Thumb Code     8  at6010_radar.o(.text.radar_ant_rx_num_get)
    radar_ant_rx_num_set                     0x08008bc1   Thumb Code    12  at6010_radar.o(.text.radar_ant_rx_num_set)
    radar_burst_init                         0x08008bcd   Thumb Code    20  at6010_radar.o(.text.radar_burst_init)
    radar_chirp_profile_config               0x08008be5   Thumb Code   300  at6010_radar_frame.o(.text.radar_chirp_profile_config)
    radar_deinit                             0x08008d21   Thumb Code   224  at6010_radar.o(.text.radar_deinit)
    radar_faston_time_set                    0x08008e0d   Thumb Code    20  at6010_radar_frame.o(.text.radar_faston_time_set)
    radar_filter_cfg                         0x08008e25   Thumb Code   116  at6010_radar_adc.o(.text.radar_filter_cfg)
    radar_filter_dma_cfg                     0x08008e9d   Thumb Code    40  at6010_radar_adc.o(.text.radar_filter_dma_cfg)
    radar_frame_config                       0x08008ec9   Thumb Code   112  at6010_radar_frame.o(.text.radar_frame_config)
    radar_frame_interval_get                 0x08008f39   Thumb Code    20  at6010_radar_frame.o(.text.radar_frame_interval_get)
    radar_frame_interval_set                 0x08008f4d   Thumb Code    28  at6010_radar_frame.o(.text.radar_frame_interval_set)
    radar_frame_repeat_times_get             0x08008f69   Thumb Code    12  at6010_radar_frame.o(.text.radar_frame_repeat_times_get)
    radar_frame_repeat_times_set             0x08008f75   Thumb Code    20  at6010_radar_frame.o(.text.radar_frame_repeat_times_set)
    radar_frame_start                        0x08008f91   Thumb Code    12  at6010_radar_frame.o(.text.radar_frame_start)
    radar_frame_stop                         0x08008f9d   Thumb Code    12  at6010_radar_frame.o(.text.radar_frame_stop)
    radar_frame_trigger_mode_set             0x08008fa9   Thumb Code    20  at6010_radar_frame.o(.text.radar_frame_trigger_mode_set)
    radar_init                               0x08008fc1   Thumb Code   908  at6010_radar.o(.text.radar_init)
    radar_isr                                0x08009369   Thumb Code    52  at6010_radar.o(.text.radar_isr)
    radar_lp_init                            0x080093d1   Thumb Code    24  at6010_radar.o(.text.radar_lp_init)
    radar_lp_pause                           0x080093f5   Thumb Code    20  at6010_radar.o(.text.radar_lp_pause)
    radar_lp_resume                          0x08009409   Thumb Code    48  at6010_radar.o(.text.radar_lp_resume)
    radar_lp_timer_get                       0x08009441   Thumb Code     8  at6010_radar.o(.text.radar_lp_timer_get)
    radar_param_hpf1_freq_get                0x0800944d   Thumb Code    12  at6010_radar.o(.text.radar_param_hpf1_freq_get)
    radar_param_hpf1_freq_set                0x08009459   Thumb Code    36  at6010_radar.o(.text.radar_param_hpf1_freq_set)
    radar_param_hpf1_gain_get                0x0800947d   Thumb Code    12  at6010_radar.o(.text.radar_param_hpf1_gain_get)
    radar_param_hpf1_gain_set                0x08009489   Thumb Code    36  at6010_radar.o(.text.radar_param_hpf1_gain_set)
    radar_param_hpf2_freq_get                0x080094b1   Thumb Code    12  at6010_radar.o(.text.radar_param_hpf2_freq_get)
    radar_param_hpf2_freq_set                0x080094bd   Thumb Code    36  at6010_radar.o(.text.radar_param_hpf2_freq_set)
    radar_param_hpf2_gain_get                0x080094e1   Thumb Code    12  at6010_radar.o(.text.radar_param_hpf2_gain_get)
    radar_param_hpf2_gain_set                0x080094ed   Thumb Code    36  at6010_radar.o(.text.radar_param_hpf2_gain_set)
    radar_param_lpf_freq_get                 0x08009515   Thumb Code    12  at6010_radar.o(.text.radar_param_lpf_freq_get)
    radar_param_lpf_freq_set                 0x08009521   Thumb Code    36  at6010_radar.o(.text.radar_param_lpf_freq_set)
    radar_param_lpf_gain_get                 0x08009549   Thumb Code    12  at6010_radar.o(.text.radar_param_lpf_gain_get)
    radar_param_lpf_gain_set                 0x08009555   Thumb Code    36  at6010_radar.o(.text.radar_param_lpf_gain_set)
    radar_rf_pwr_off                         0x08009759   Thumb Code    12  at6010_radar.o(.text.radar_rf_pwr_off)
    radar_rf_pwr_on                          0x08009769   Thumb Code    12  at6010_radar.o(.text.radar_rf_pwr_on)
    radar_rx_pf_cfg                          0x08009779   Thumb Code    88  at6010_radar.o(.text.radar_rx_pf_cfg)
    radar_subframe_profile_config            0x080097d5   Thumb Code   116  at6010_radar_frame.o(.text.radar_subframe_profile_config)
    radar_tx_profile_config                  0x08009855   Thumb Code    28  at6010_radar_frame.o(.text.radar_tx_profile_config)
    radar_ulp_deinit                         0x08009875   Thumb Code     8  at6010_radar.o(.text.radar_ulp_deinit)
    radar_ulp_init                           0x0800988d   Thumb Code     8  at6010_radar.o(.text.radar_ulp_init)
    Long Thumb to Thumb Veneer to critical_section_start 0x0800989d   Thumb Code    12  anon$$obj.o(Veneer$$Code)
    Long Thumb to Thumb Veneer to critical_section_end 0x080098a9   Thumb Code    12  anon$$obj.o(Veneer$$Code)
    __ARM_common_ll_muluu                    0x080098b5   Thumb Code    48  btod.o(i.__ARM_common_ll_muluu)
    __ARM_fpclassify                         0x080098e5   Thumb Code    40  fpclassify.o(i.__ARM_fpclassify)
    _is_digit                                0x08009911   Thumb Code    14  __printf_wp.o(i._is_digit)
    _get_lc_numeric                          0x08009921   Thumb Code    44  lc_numeric_c.o(locale$$code)
    _get_lc_ctype                            0x0800994d   Thumb Code    44  lc_ctype_c.o(locale$$code)
    __aeabi_fmul                             0x08009979   Thumb Code     0  fmul.o(x$fpl$fmul)
    _fmul                                    0x08009979   Thumb Code   172  fmul.o(x$fpl$fmul)
    _printf_fp_dec                           0x08009a29   Thumb Code    16  printf1.o(x$fpl$printf1)
    _printf_fp_hex                           0x08009a39   Thumb Code    16  printf2.o(x$fpl$printf2)
    __I$use$fp                               0x08009a48   Number         0  usenofp.o(x$fpl$usenofp)
    Region$$Table$$Base                      0x0800a260   Number         0  anon$$obj.o(Region$$Table)
    Region$$Table$$Limit                     0x0800a2b0   Number         0  anon$$obj.o(Region$$Table)
    __ctype                                  0x0800a2d9   Data           0  lc_ctype_c.o(locale$$data)
    Image$$ARM_LIB_STACK$$ZI$$Limit          0x20001000   Number         0  anon$$obj.o ABSOLUTE
    critical_section_start                   0x20001001   Thumb Code    32  cpu-at601x.o(.ram_region)
    critical_section_end                     0x20001029   Thumb Code    32  cpu-at601x.o(.ram_region)
    SystemCoreClock                          0x20001068   Data           4  system_cmsdk_cm0plus.o(.data.SystemCoreClock)
    __libspace_start                         0x200010b8   Data          96  libspace.o(.bss)
    __stdout                                 0x20001118   Data          84  retarget.o(.bss.__stdout)
    __temporary_stack_top$libspace           0x20001118   Data           0  libspace.o(.bss)
    Image$$ARM_LIB_HEAP$$ZI$$Base            0x2000f000   Number         0  anon$$obj.o ABSOLUTE
    Image$$ARM_LIB_HEAP$$ZI$$Limit           0x20010000   Number         0  anon$$obj.o ABSOLUTE



==============================================================================

Memory Map of the image

  Image Entry point : 0x080001c1

  Load Region LR_IROM1 (Base: 0x08000100, Size: 0x00017240, Max: 0x0003cf00, ABSOLUTE, COMPRESSED[0x0000a9b8])

    Execution Region ER_IROM1 (Exec base: 0x08000100, Load base: 0x08000100, Size: 0x0000a2dc, Max: 0x0003cf00, ABSOLUTE)

    Exec Addr    Load Addr    Size         Type   Attr      Idx    E Section Name        Object

    0x08000100   0x08000100   0x000000c0   Data   RO            5    RESET               startup_cmsdk_cm0plus.o
    0x080001c0   0x080001c0   0x00000008   Code   RO          995  * !!!main             c_p.l(__main.o)
    0x080001c8   0x080001c8   0x0000003c   Code   RO         1346    !!!scatter          c_p.l(__scatter.o)
    0x08000204   0x08000204   0x0000001a   Code   RO         1348    !!handler_copy      c_p.l(__scatter_copy.o)
    0x0800021e   0x0800021e   0x00000002   PAD
    0x08000220   0x08000220   0x0000001c   Code   RO         1350    !!handler_zi        c_p.l(__scatter_zi.o)
    0x0800023c   0x0800023c   0x00000002   Code   RO         1100    .ARM.Collect$$_printf_percent$$00000000  c_p.l(_printf_percent.o)
    0x0800023e   0x0800023e   0x0000000a   Code   RO         1089    .ARM.Collect$$_printf_percent$$00000001  c_p.l(_printf_n.o)
    0x08000248   0x08000248   0x0000000a   Code   RO         1091    .ARM.Collect$$_printf_percent$$00000002  c_p.l(_printf_p.o)
    0x08000252   0x08000252   0x0000000a   Code   RO         1096    .ARM.Collect$$_printf_percent$$00000003  c_p.l(_printf_f.o)
    0x0800025c   0x0800025c   0x0000000a   Code   RO         1097    .ARM.Collect$$_printf_percent$$00000004  c_p.l(_printf_e.o)
    0x08000266   0x08000266   0x0000000a   Code   RO         1098    .ARM.Collect$$_printf_percent$$00000005  c_p.l(_printf_g.o)
    0x08000270   0x08000270   0x0000000a   Code   RO         1099    .ARM.Collect$$_printf_percent$$00000006  c_p.l(_printf_a.o)
    0x0800027a   0x0800027a   0x0000000a   Code   RO         1104    .ARM.Collect$$_printf_percent$$00000007  c_p.l(_printf_ll.o)
    0x08000284   0x08000284   0x0000000a   Code   RO         1093    .ARM.Collect$$_printf_percent$$00000008  c_p.l(_printf_i.o)
    0x0800028e   0x0800028e   0x0000000a   Code   RO         1094    .ARM.Collect$$_printf_percent$$00000009  c_p.l(_printf_d.o)
    0x08000298   0x08000298   0x0000000a   Code   RO         1095    .ARM.Collect$$_printf_percent$$0000000A  c_p.l(_printf_u.o)
    0x080002a2   0x080002a2   0x0000000a   Code   RO         1092    .ARM.Collect$$_printf_percent$$0000000B  c_p.l(_printf_o.o)
    0x080002ac   0x080002ac   0x0000000a   Code   RO         1090    .ARM.Collect$$_printf_percent$$0000000C  c_p.l(_printf_x.o)
    0x080002b6   0x080002b6   0x0000000a   Code   RO         1101    .ARM.Collect$$_printf_percent$$0000000D  c_p.l(_printf_lli.o)
    0x080002c0   0x080002c0   0x0000000a   Code   RO         1102    .ARM.Collect$$_printf_percent$$0000000E  c_p.l(_printf_lld.o)
    0x080002ca   0x080002ca   0x0000000a   Code   RO         1103    .ARM.Collect$$_printf_percent$$0000000F  c_p.l(_printf_llu.o)
    0x080002d4   0x080002d4   0x0000000a   Code   RO         1108    .ARM.Collect$$_printf_percent$$00000010  c_p.l(_printf_llo.o)
    0x080002de   0x080002de   0x0000000a   Code   RO         1109    .ARM.Collect$$_printf_percent$$00000011  c_p.l(_printf_llx.o)
    0x080002e8   0x080002e8   0x0000000a   Code   RO         1105    .ARM.Collect$$_printf_percent$$00000012  c_p.l(_printf_l.o)
    0x080002f2   0x080002f2   0x0000000a   Code   RO         1087    .ARM.Collect$$_printf_percent$$00000013  c_p.l(_printf_c.o)
    0x080002fc   0x080002fc   0x0000000a   Code   RO         1088    .ARM.Collect$$_printf_percent$$00000014  c_p.l(_printf_s.o)
    0x08000306   0x08000306   0x0000000a   Code   RO         1106    .ARM.Collect$$_printf_percent$$00000015  c_p.l(_printf_lc.o)
    0x08000310   0x08000310   0x0000000a   Code   RO         1107    .ARM.Collect$$_printf_percent$$00000016  c_p.l(_printf_ls.o)
    0x0800031a   0x0800031a   0x00000004   Code   RO         1158    .ARM.Collect$$_printf_percent$$00000017  c_p.l(_printf_percent_end.o)
    0x0800031e   0x0800031e   0x00000002   Code   RO         1200    .ARM.Collect$$libinit$$00000000  c_p.l(libinit.o)
    0x08000320   0x08000320   0x00000000   Code   RO         1225    .ARM.Collect$$libinit$$00000002  c_p.l(libinit2.o)
    0x08000320   0x08000320   0x00000000   Code   RO         1227    .ARM.Collect$$libinit$$00000004  c_p.l(libinit2.o)
    0x08000320   0x08000320   0x00000000   Code   RO         1230    .ARM.Collect$$libinit$$0000000A  c_p.l(libinit2.o)
    0x08000320   0x08000320   0x00000000   Code   RO         1232    .ARM.Collect$$libinit$$0000000C  c_p.l(libinit2.o)
    0x08000320   0x08000320   0x00000000   Code   RO         1234    .ARM.Collect$$libinit$$0000000E  c_p.l(libinit2.o)
    0x08000320   0x08000320   0x00000006   Code   RO         1235    .ARM.Collect$$libinit$$0000000F  c_p.l(libinit2.o)
    0x08000326   0x08000326   0x00000000   Code   RO         1237    .ARM.Collect$$libinit$$00000011  c_p.l(libinit2.o)
    0x08000326   0x08000326   0x0000000c   Code   RO         1238    .ARM.Collect$$libinit$$00000012  c_p.l(libinit2.o)
    0x08000332   0x08000332   0x00000000   Code   RO         1239    .ARM.Collect$$libinit$$00000013  c_p.l(libinit2.o)
    0x08000332   0x08000332   0x00000000   Code   RO         1241    .ARM.Collect$$libinit$$00000015  c_p.l(libinit2.o)
    0x08000332   0x08000332   0x0000000a   Code   RO         1242    .ARM.Collect$$libinit$$00000016  c_p.l(libinit2.o)
    0x0800033c   0x0800033c   0x00000000   Code   RO         1243    .ARM.Collect$$libinit$$00000017  c_p.l(libinit2.o)
    0x0800033c   0x0800033c   0x00000000   Code   RO         1245    .ARM.Collect$$libinit$$00000019  c_p.l(libinit2.o)
    0x0800033c   0x0800033c   0x00000000   Code   RO         1247    .ARM.Collect$$libinit$$0000001B  c_p.l(libinit2.o)
    0x0800033c   0x0800033c   0x00000000   Code   RO         1249    .ARM.Collect$$libinit$$0000001D  c_p.l(libinit2.o)
    0x0800033c   0x0800033c   0x00000000   Code   RO         1251    .ARM.Collect$$libinit$$0000001F  c_p.l(libinit2.o)
    0x0800033c   0x0800033c   0x00000000   Code   RO         1253    .ARM.Collect$$libinit$$00000021  c_p.l(libinit2.o)
    0x0800033c   0x0800033c   0x00000000   Code   RO         1255    .ARM.Collect$$libinit$$00000023  c_p.l(libinit2.o)
    0x0800033c   0x0800033c   0x00000000   Code   RO         1257    .ARM.Collect$$libinit$$00000025  c_p.l(libinit2.o)
    0x0800033c   0x0800033c   0x00000000   Code   RO         1261    .ARM.Collect$$libinit$$0000002C  c_p.l(libinit2.o)
    0x0800033c   0x0800033c   0x00000000   Code   RO         1263    .ARM.Collect$$libinit$$0000002E  c_p.l(libinit2.o)
    0x0800033c   0x0800033c   0x00000000   Code   RO         1265    .ARM.Collect$$libinit$$00000030  c_p.l(libinit2.o)
    0x0800033c   0x0800033c   0x00000000   Code   RO         1267    .ARM.Collect$$libinit$$00000032  c_p.l(libinit2.o)
    0x0800033c   0x0800033c   0x00000002   Code   RO         1268    .ARM.Collect$$libinit$$00000033  c_p.l(libinit2.o)
    0x0800033e   0x0800033e   0x00000002   Code   RO         1298    .ARM.Collect$$libshutdown$$00000000  c_p.l(libshutdown.o)
    0x08000340   0x08000340   0x00000000   Code   RO         1326    .ARM.Collect$$libshutdown$$00000002  c_p.l(libshutdown2.o)
    0x08000340   0x08000340   0x00000000   Code   RO         1328    .ARM.Collect$$libshutdown$$00000004  c_p.l(libshutdown2.o)
    0x08000340   0x08000340   0x00000000   Code   RO         1331    .ARM.Collect$$libshutdown$$00000007  c_p.l(libshutdown2.o)
    0x08000340   0x08000340   0x00000000   Code   RO         1334    .ARM.Collect$$libshutdown$$0000000A  c_p.l(libshutdown2.o)
    0x08000340   0x08000340   0x00000000   Code   RO         1336    .ARM.Collect$$libshutdown$$0000000C  c_p.l(libshutdown2.o)
    0x08000340   0x08000340   0x00000000   Code   RO         1339    .ARM.Collect$$libshutdown$$0000000F  c_p.l(libshutdown2.o)
    0x08000340   0x08000340   0x00000002   Code   RO         1340    .ARM.Collect$$libshutdown$$00000010  c_p.l(libshutdown2.o)
    0x08000342   0x08000342   0x00000000   Code   RO         1012    .ARM.Collect$$rtentry$$00000000  c_p.l(__rtentry.o)
    0x08000342   0x08000342   0x00000000   Code   RO         1120    .ARM.Collect$$rtentry$$00000002  c_p.l(__rtentry2.o)
    0x08000342   0x08000342   0x00000004   Code   RO         1134    .ARM.Collect$$rtentry$$00000007  c_p.l(__rtentry7.o)
    0x08000346   0x08000346   0x00000000   Code   RO         1122    .ARM.Collect$$rtentry$$00000009  c_p.l(__rtentry2.o)
    0x08000346   0x08000346   0x00000004   Code   RO         1123    .ARM.Collect$$rtentry$$0000000A  c_p.l(__rtentry2.o)
    0x0800034a   0x0800034a   0x00000000   Code   RO         1125    .ARM.Collect$$rtentry$$0000000C  c_p.l(__rtentry2.o)
    0x0800034a   0x0800034a   0x00000008   Code   RO         1126    .ARM.Collect$$rtentry$$0000000D  c_p.l(__rtentry2.o)
    0x08000352   0x08000352   0x00000002   PAD
    0x08000354   0x08000354   0x00000004   Code   RO         1135    .ARM.Collect$$rtentry$$00002718  c_p.l(__rtentry7.o)
    0x08000358   0x08000358   0x00000002   Code   RO         1209    .ARM.Collect$$rtexit$$00000000  c_p.l(rtexit.o)
    0x0800035a   0x0800035a   0x00000000   Code   RO         1274    .ARM.Collect$$rtexit$$00000002  c_p.l(rtexit2.o)
    0x0800035a   0x0800035a   0x00000004   Code   RO         1275    .ARM.Collect$$rtexit$$00000003  c_p.l(rtexit2.o)
    0x0800035e   0x0800035e   0x00000006   Code   RO         1276    .ARM.Collect$$rtexit$$00000004  c_p.l(rtexit2.o)
    0x08000364   0x08000364   0x00000038   Code   RO          985    .emb_text           c_p.l(rt_memcpy.o)
    0x0800039c   0x0800039c   0x00000030   Code   RO            6    .text               startup_cmsdk_cm0plus.o
    0x080003cc   0x080003cc   0x000000f4   Code   RO           12    .text               retarget.o
    0x080004c0   0x080004c0   0x000002c4   Code   RO           22    .text               ca_cfar_base_main.o
    0x08000784   0x08000784   0x00000068   Code   RO           36    .text               system_cmsdk_cm0plus.o
    0x080007ec   0x080007ec   0x000002a8   Code   RO           45    .text               hal_dualtimer.o
    0x08000a94   0x08000a94   0x00000398   Code   RO           52    .text               hal_clock.o
    0x08000e2c   0x08000e2c   0x0000048c   Code   RO           60    .text               hal_uart.o
    0x080012b8   0x080012b8   0x0000093c   Code   RO           71    .text               hal_fft.o
    0x08001bf4   0x08001bf4   0x00000034   Code   RO           80    .text               radar_cfg_hal.o
    0x08001c28   0x08001c28   0x000005f8   Code   RO           89    .text               hal_radar.o
    0x08002220   0x08002220   0x0000036c   Code   RO           97    .text               hal_timer.o
    0x0800258c   0x0800258c   0x00001a50   Code   RO          105    .text               hal_dma.o
    0x08003fdc   0x08003fdc   0x00000224   Code   RO          121    .text               at6010_dualtimer.o
    0x08004200   0x08004200   0x0000070c   Code   RO          129    .text               at6010_uart.o
    0x0800490c   0x0800490c   0x0000062c   Code   RO          138    .text               at6010_clock.o
    0x08004f38   0x08004f38   0x00000064   Code   RO          148    .text               at6010_irq.o
    0x08004f9c   0x08004f9c   0x000008d2   Code   RO          155    .text               at6010_gpio.o
    0x0800586e   0x0800586e   0x00000002   PAD
    0x08005870   0x08005870   0x00000022   Code   RO          163    .text               cpu-at601x.o
    0x08005892   0x08005892   0x00000002   PAD
    0x08005894   0x08005894   0x000002d0   Code   RO          175    .text               at6010_timer.o
    0x08005b64   0x08005b64   0x000001c8   Code   RO          183    .text               output_config.o
    0x08005d2c   0x08005d2c   0x000001c4   Code   RO          192    .text               frame_header.o
    0x08005ef0   0x08005ef0   0x00000002   Code   RO          979    .text               c_p.l(use_no_semi_2.o)
    0x08005ef2   0x08005ef2   0x00000110   Code   RO          981    .text               c_p.l(lludiv.o)
    0x08006002   0x08006002   0x00000002   PAD
    0x08006004   0x08006004   0x0000001c   Code   RO          983    .text               c_p.l(printf.o)
    0x08006020   0x08006020   0x00000082   Code   RO          986    .text               c_p.l(rt_memcpy.o)
    0x080060a2   0x080060a2   0x00000002   PAD
    0x080060a4   0x080060a4   0x0000016c   Code   RO          989    .text               c_p.l(aeabi_sdiv.o)
    0x08006210   0x08006210   0x00000006   Code   RO          993    .text               c_p.l(heapauxi.o)
    0x08006216   0x08006216   0x00000002   PAD
    0x08006218   0x08006218   0x00000358   Code   RO          997    .text               fz_ps.l(daddsub.o)
    0x08006570   0x08006570   0x00000048   Code   RO          999    .text               fz_ps.l(dfixui.o)
    0x080065b8   0x080065b8   0x00000054   Code   RO         1001    .text               fz_ps.l(f2d.o)
    0x0800660c   0x0800660c   0x00000160   Code   RO         1003    .text               fz_ps.l(fdiv.o)
    0x0800676c   0x0800676c   0x0000005e   Code   RO         1006    .text               fz_ps.l(fflti.o)
    0x080067ca   0x080067ca   0x00000002   Code   RO         1010    .text               c_p.l(use_no_semi.o)
    0x080067cc   0x080067cc   0x0000004e   Code   RO         1023    .text               c_p.l(_printf_pad.o)
    0x0800681a   0x0800681a   0x00000024   Code   RO         1025    .text               c_p.l(_printf_truncate.o)
    0x0800683e   0x0800683e   0x00000052   Code   RO         1027    .text               c_p.l(_printf_str.o)
    0x08006890   0x08006890   0x0000006c   Code   RO         1029    .text               c_p.l(_printf_dec.o)
    0x080068fc   0x080068fc   0x00000026   Code   RO         1031    .text               c_p.l(_printf_charcount.o)
    0x08006922   0x08006922   0x00000002   PAD
    0x08006924   0x08006924   0x00000028   Code   RO         1033    .text               c_p.l(_printf_char_file.o)
    0x0800694c   0x0800694c   0x000000bc   Code   RO         1035    .text               c_p.l(_printf_wctomb.o)
    0x08006a08   0x08006a08   0x00000070   Code   RO         1038    .text               c_p.l(_printf_longlong_dec.o)
    0x08006a78   0x08006a78   0x00000070   Code   RO         1044    .text               c_p.l(_printf_oct_int_ll.o)
    0x08006ae8   0x08006ae8   0x00000098   Code   RO         1064    .text               c_p.l(_printf_hex_int_ll_ptr.o)
    0x08006b80   0x08006b80   0x00000188   Code   RO         1084    .text               c_p.l(__printf_flags_ss_wp.o)
    0x08006d08   0x08006d08   0x0000007a   Code   RO         1141    .text               c_p.l(lludiv10.o)
    0x08006d82   0x08006d82   0x000000b0   Code   RO         1143    .text               c_p.l(_printf_intcommon.o)
    0x08006e32   0x08006e32   0x00000002   PAD
    0x08006e34   0x08006e34   0x00000414   Code   RO         1145    .text               c_p.l(_printf_fp_dec.o)
    0x08007248   0x08007248   0x000002d8   Code   RO         1149    .text               c_p.l(_printf_fp_hex.o)
    0x08007520   0x08007520   0x00000030   Code   RO         1152    .text               c_p.l(_printf_char_common.o)
    0x08007550   0x08007550   0x0000002e   Code   RO         1154    .text               c_p.l(_printf_char.o)
    0x0800757e   0x0800757e   0x0000002e   Code   RO         1156    .text               c_p.l(_printf_wchar.o)
    0x080075ac   0x080075ac   0x00000042   Code   RO         1159    .text               c_p.l(_c16rtomb.o)
    0x080075ee   0x080075ee   0x00000028   Code   RO         1161    .text               c_p.l(rtudiv10.o)
    0x08007616   0x08007616   0x00000002   PAD
    0x08007618   0x08007618   0x00000010   Code   RO         1166    .text               c_p.l(rt_ctype_table.o)
    0x08007628   0x08007628   0x00000008   Code   RO         1171    .text               c_p.l(rt_locale_intlibspace.o)
    0x08007630   0x08007630   0x00000088   Code   RO         1173    .text               c_p.l(_printf_fp_infnan.o)
    0x080076b8   0x080076b8   0x000000d8   Code   RO         1177    .text               c_p.l(bigflt0.o)
    0x08007790   0x08007790   0x00000580   Code   RO         1180    .text               c_p.l(btod.o)
    0x08007d10   0x08007d10   0x00000010   Code   RO         1189    .text               c_p.l(exit.o)
    0x08007d20   0x08007d20   0x00000088   Code   RO         1222    .text               c_p.l(strcmp.o)
    0x08007da8   0x08007da8   0x0000003a   Code   RO         1344    .text               c_p.l(__dczerorl.o)
    0x08007de2   0x08007de2   0x00000002   PAD
    0x08007de4   0x08007de4   0x0000000c   Code   RO          696    .text.cfar_abs_threshold_cfg  lib_radar.lib(at6010_cfar.o)
    0x08007df0   0x08007df0   0x00000030   Code   RO          698    .text.cfar_det_bmap_addr_cfg  lib_radar.lib(at6010_cfar.o)
    0x08007e20   0x08007e20   0x00000010   Code   RO          688    .text.cfar_enable   lib_radar.lib(at6010_cfar.o)
    0x08007e30   0x08007e30   0x00000008   Code   RO          700    .text.cfar_irq_callback_set  lib_radar.lib(at6010_cfar.o)
    0x08007e38   0x08007e38   0x00000020   Code   RO          690    .text.cfar_irq_enable  lib_radar.lib(at6010_cfar.o)
    0x08007e58   0x08007e58   0x00000020   Code   RO          702    .text.cfar_isr      lib_radar.lib(at6010_cfar.o)
    0x08007e78   0x08007e78   0x0000003c   Code   RO          694    .text.cfar_range_dim_cfg  lib_radar.lib(at6010_cfar.o)
    0x08007eb4   0x08007eb4   0x00000034   Code   RO          692    .text.cfar_vel_dim_cfg  lib_radar.lib(at6010_cfar.o)
    0x08007ee8   0x08007ee8   0x00000018   Code   RO          220    .text.dma_clear_block_done_flag  lib_platform.lib(at6010_dma.o)
    0x08007f00   0x08007f00   0x00000014   Code   RO          426    .text.dma_clear_it_block  lib_platform.lib(at6010_dma.o)
    0x08007f14   0x08007f14   0x00000014   Code   RO          430    .text.dma_clear_it_dst_tran  lib_platform.lib(at6010_dma.o)
    0x08007f28   0x08007f28   0x00000014   Code   RO          432    .text.dma_clear_it_error  lib_platform.lib(at6010_dma.o)
    0x08007f3c   0x08007f3c   0x00000014   Code   RO          428    .text.dma_clear_it_src_tran  lib_platform.lib(at6010_dma.o)
    0x08007f50   0x08007f50   0x00000014   Code   RO          424    .text.dma_clear_it_tfr  lib_platform.lib(at6010_dma.o)
    0x08007f64   0x08007f64   0x00000014   Code   RO          456    .text.dma_disable_channel  lib_platform.lib(at6010_dma.o)
    0x08007f78   0x08007f78   0x00000014   Code   RO          402    .text.dma_disable_it_block  lib_platform.lib(at6010_dma.o)
    0x08007f8c   0x08007f8c   0x00000014   Code   RO          414    .text.dma_disable_it_dst_tran  lib_platform.lib(at6010_dma.o)
    0x08007fa0   0x08007fa0   0x00000014   Code   RO          420    .text.dma_disable_it_error  lib_platform.lib(at6010_dma.o)
    0x08007fb4   0x08007fb4   0x00000014   Code   RO          408    .text.dma_disable_it_src_tran  lib_platform.lib(at6010_dma.o)
    0x08007fc8   0x08007fc8   0x00000014   Code   RO          396    .text.dma_disable_it_tfr  lib_platform.lib(at6010_dma.o)
    0x08007fdc   0x08007fdc   0x00000018   Code   RO          454    .text.dma_enable_channel  lib_platform.lib(at6010_dma.o)
    0x08007ff4   0x08007ff4   0x00000016   Code   RO          448    .text.dma_enable_global  lib_platform.lib(at6010_dma.o)
    0x0800800a   0x0800800a   0x00000002   PAD
    0x0800800c   0x0800800c   0x00000018   Code   RO          400    .text.dma_enable_it_block  lib_platform.lib(at6010_dma.o)
    0x08008024   0x08008024   0x00000018   Code   RO          412    .text.dma_enable_it_dst_tran  lib_platform.lib(at6010_dma.o)
    0x0800803c   0x0800803c   0x00000018   Code   RO          418    .text.dma_enable_it_error  lib_platform.lib(at6010_dma.o)
    0x08008054   0x08008054   0x00000018   Code   RO          406    .text.dma_enable_it_src_tran  lib_platform.lib(at6010_dma.o)
    0x0800806c   0x0800806c   0x00000018   Code   RO          394    .text.dma_enable_it_tfr  lib_platform.lib(at6010_dma.o)
    0x08008084   0x08008084   0x00000018   Code   RO          374    .text.dma_get_raw_tfr  lib_platform.lib(at6010_dma.o)
    0x0800809c   0x0800809c   0x00000018   Code   RO          386    .text.dma_get_status_block  lib_platform.lib(at6010_dma.o)
    0x080080b4   0x080080b4   0x00000018   Code   RO          390    .text.dma_get_status_dst_tran  lib_platform.lib(at6010_dma.o)
    0x080080cc   0x080080cc   0x00000018   Code   RO          392    .text.dma_get_status_error  lib_platform.lib(at6010_dma.o)
    0x080080e4   0x080080e4   0x00000018   Code   RO          388    .text.dma_get_status_src_tran  lib_platform.lib(at6010_dma.o)
    0x080080fc   0x080080fc   0x00000018   Code   RO          384    .text.dma_get_status_tfr  lib_platform.lib(at6010_dma.o)
    0x08008114   0x08008114   0x00000018   Code   RO          458    .text.dma_is_active_channel  lib_platform.lib(at6010_dma.o)
    0x0800812c   0x0800812c   0x00000018   Code   RO          404    .text.dma_is_enabled_it_block  lib_platform.lib(at6010_dma.o)
    0x08008144   0x08008144   0x00000018   Code   RO          416    .text.dma_is_enabled_it_dst_tran  lib_platform.lib(at6010_dma.o)
    0x0800815c   0x0800815c   0x00000018   Code   RO          422    .text.dma_is_enabled_it_error  lib_platform.lib(at6010_dma.o)
    0x08008174   0x08008174   0x00000018   Code   RO          410    .text.dma_is_enabled_it_src_tran  lib_platform.lib(at6010_dma.o)
    0x0800818c   0x0800818c   0x0000001c   Code   RO          398    .text.dma_is_enabled_it_tfr  lib_platform.lib(at6010_dma.o)
    0x080081a8   0x080081a8   0x00000024   Code   RO          224    .text.dma_set_block_transfer_size  lib_platform.lib(at6010_dma.o)
    0x080081cc   0x080081cc   0x0000001c   Code   RO          370    .text.dma_set_channel_priority  lib_platform.lib(at6010_dma.o)
    0x080081e8   0x080081e8   0x00000020   Code   RO          366    .text.dma_set_channel_suspend  lib_platform.lib(at6010_dma.o)
    0x08008208   0x08008208   0x00000014   Code   RO          204    .text.dma_set_dst_addr  lib_platform.lib(at6010_dma.o)
    0x0800821c   0x0800821c   0x00000020   Code   RO          244    .text.dma_set_dst_addr_inc  lib_platform.lib(at6010_dma.o)
    0x0800823c   0x0800823c   0x00000024   Code   RO          236    .text.dma_set_dst_burst_length  lib_platform.lib(at6010_dma.o)
    0x08008260   0x08008260   0x00000020   Code   RO          316    .text.dma_set_dst_handshake_if  lib_platform.lib(at6010_dma.o)
    0x08008280   0x08008280   0x00000020   Code   RO          324    .text.dma_set_dst_handshake_polarity  lib_platform.lib(at6010_dma.o)
    0x080082a0   0x080082a0   0x00000020   Code   RO          308    .text.dma_set_dst_handshake_type  lib_platform.lib(at6010_dma.o)
    0x080082c0   0x080082c0   0x00000020   Code   RO          216    .text.dma_set_dst_linked_list_en  lib_platform.lib(at6010_dma.o)
    0x080082e0   0x080082e0   0x0000001c   Code   RO          340    .text.dma_set_dst_reload_en  lib_platform.lib(at6010_dma.o)
    0x080082fc   0x080082fc   0x0000001c   Code   RO          276    .text.dma_set_dst_scatter_cnt  lib_platform.lib(at6010_dma.o)
    0x08008318   0x08008318   0x00000020   Code   RO          272    .text.dma_set_dst_scatter_en  lib_platform.lib(at6010_dma.o)
    0x08008338   0x08008338   0x0000001c   Code   RO          280    .text.dma_set_dst_scatter_interval  lib_platform.lib(at6010_dma.o)
    0x08008354   0x08008354   0x00000014   Code   RO          298    .text.dma_set_dst_status_addr  lib_platform.lib(at6010_dma.o)
    0x08008368   0x08008368   0x0000001c   Code   RO          294    .text.dma_set_dst_status_update_en  lib_platform.lib(at6010_dma.o)
    0x08008384   0x08008384   0x0000001c   Code   RO          252    .text.dma_set_dst_tr_width  lib_platform.lib(at6010_dma.o)
    0x080083a0   0x080083a0   0x0000001c   Code   RO          332    .text.dma_set_fifo_mode  lib_platform.lib(at6010_dma.o)
    0x080083bc   0x080083bc   0x0000001c   Code   RO          336    .text.dma_set_flow_control_mode  lib_platform.lib(at6010_dma.o)
    0x080083d8   0x080083d8   0x00000020   Code   RO          228    .text.dma_set_flowctrl  lib_platform.lib(at6010_dma.o)
    0x080083f8   0x080083f8   0x0000001c   Code   RO          256    .text.dma_set_int_en  lib_platform.lib(at6010_dma.o)
    0x08008414   0x08008414   0x0000001c   Code   RO          208    .text.dma_set_linked_list_loc  lib_platform.lib(at6010_dma.o)
    0x08008430   0x08008430   0x00000020   Code   RO          348    .text.dma_set_lock_bus  lib_platform.lib(at6010_dma.o)
    0x08008450   0x08008450   0x00000020   Code   RO          356    .text.dma_set_lock_bus_level  lib_platform.lib(at6010_dma.o)
    0x08008470   0x08008470   0x00000020   Code   RO          352    .text.dma_set_lock_channel  lib_platform.lib(at6010_dma.o)
    0x08008490   0x08008490   0x00000020   Code   RO          360    .text.dma_set_lock_channel_level  lib_platform.lib(at6010_dma.o)
    0x080084b0   0x080084b0   0x0000001c   Code   RO          328    .text.dma_set_protection_control  lib_platform.lib(at6010_dma.o)
    0x080084cc   0x080084cc   0x00000014   Code   RO          200    .text.dma_set_src_addr  lib_platform.lib(at6010_dma.o)
    0x080084e0   0x080084e0   0x00000020   Code   RO          240    .text.dma_set_src_addr_inc  lib_platform.lib(at6010_dma.o)
    0x08008500   0x08008500   0x00000024   Code   RO          232    .text.dma_set_src_burst_length  lib_platform.lib(at6010_dma.o)
    0x08008524   0x08008524   0x00000020   Code   RO          264    .text.dma_set_src_gather_cnt  lib_platform.lib(at6010_dma.o)
    0x08008544   0x08008544   0x00000024   Code   RO          260    .text.dma_set_src_gather_en  lib_platform.lib(at6010_dma.o)
    0x08008568   0x08008568   0x00000028   Code   RO          268    .text.dma_set_src_gather_interval  lib_platform.lib(at6010_dma.o)
    0x08008590   0x08008590   0x00000024   Code   RO          312    .text.dma_set_src_handshake_if  lib_platform.lib(at6010_dma.o)
    0x080085b4   0x080085b4   0x00000024   Code   RO          320    .text.dma_set_src_handshake_polarity  lib_platform.lib(at6010_dma.o)
    0x080085d8   0x080085d8   0x00000024   Code   RO          304    .text.dma_set_src_handshake_type  lib_platform.lib(at6010_dma.o)
    0x080085fc   0x080085fc   0x00000024   Code   RO          212    .text.dma_set_src_linked_list_en  lib_platform.lib(at6010_dma.o)
    0x08008620   0x08008620   0x00000020   Code   RO          344    .text.dma_set_src_realod_en  lib_platform.lib(at6010_dma.o)
    0x08008640   0x08008640   0x00000018   Code   RO          288    .text.dma_set_src_status_addr  lib_platform.lib(at6010_dma.o)
    0x08008658   0x08008658   0x00000020   Code   RO          284    .text.dma_set_src_status_update_en  lib_platform.lib(at6010_dma.o)
    0x08008678   0x08008678   0x00000020   Code   RO          248    .text.dma_set_src_tr_width  lib_platform.lib(at6010_dma.o)
    0x08008698   0x08008698   0x00000074   Code   RO          743    .text.fft_adc_1d_fft_cfg  lib_radar.lib(at6010_fft.o)
    0x0800870c   0x0800870c   0x00000010   Code   RO          741    .text.fft_adc_1d_fft_enable  lib_radar.lib(at6010_fft.o)
    0x0800871c   0x0800871c   0x00000094   Code   RO          747    .text.fft_adc_2d_fft_cfg  lib_radar.lib(at6010_fft.o)
    0x080087b0   0x080087b0   0x00000014   Code   RO          745    .text.fft_adc_2d_fft_enable  lib_radar.lib(at6010_fft.o)
    0x080087c4   0x080087c4   0x00000024   Code   RO          739    .text.fft_adc_fft_addr_set  lib_radar.lib(at6010_fft.o)
    0x080087e8   0x080087e8   0x0000001c   Code   RO          737    .text.fft_adc_rdat_addr_set  lib_radar.lib(at6010_fft.o)
    0x08008804   0x08008804   0x00000054   Code   RO          735    .text.fft_adc_rdat_cfg  lib_radar.lib(at6010_fft.o)
    0x08008858   0x08008858   0x00000014   Code   RO          733    .text.fft_adc_rdat_enable  lib_radar.lib(at6010_fft.o)
    0x0800886c   0x0800886c   0x00000038   Code   RO          725    .text.fft_adc_win_cfg  lib_radar.lib(at6010_fft.o)
    0x080088a4   0x080088a4   0x00000030   Code   RO          723    .text.fft_adc_win_enable  lib_radar.lib(at6010_fft.o)
    0x080088d4   0x080088d4   0x00000014   Code   RO          727    .text.fft_dc_cut_enable  lib_radar.lib(at6010_fft.o)
    0x080088e8   0x080088e8   0x00000034   Code   RO          717    .text.fft_dev_deinit  lib_radar.lib(at6010_fft.o)
    0x0800891c   0x0800891c   0x00000038   Code   RO          713    .text.fft_dev_init  lib_radar.lib(at6010_fft.o)
    0x08008954   0x08008954   0x00000014   Code   RO          729    .text.fft_input_data_type_set  lib_radar.lib(at6010_fft.o)
    0x08008968   0x08008968   0x00000008   Code   RO          731    .text.fft_irq_callback_set  lib_radar.lib(at6010_fft.o)
    0x08008970   0x08008970   0x00000064   Code   RO          715    .text.fft_irq_enable  lib_radar.lib(at6010_fft.o)
    0x080089d4   0x080089d4   0x00000038   Code   RO          753    .text.fft_isr       lib_radar.lib(at6010_fft.o)
    0x08008a0c   0x08008a0c   0x00000070   Code   RO          749    .text.fft_user_fft_cfg  lib_radar.lib(at6010_fft.o)
    0x08008a7c   0x08008a7c   0x00000014   Code   RO          751    .text.fft_user_fft_start  lib_radar.lib(at6010_fft.o)
    0x08008a90   0x08008a90   0x00000024   Code   RO          721    .text.fft_user_win_cfg  lib_radar.lib(at6010_fft.o)
    0x08008ab4   0x08008ab4   0x0000001c   Code   RO          719    .text.fft_user_win_enable  lib_radar.lib(at6010_fft.o)
    0x08008ad0   0x08008ad0   0x0000006c   Code   RO          806    .text.fmcw_afc_freq_set  lib_radar.lib(at6010_radar.o)
    0x08008b3c   0x08008b3c   0x00000044   Code   RO          932    .text.pmu_clk_dcdc_set  lib_platform.lib(at6010_pmu.o)
    0x08008b80   0x08008b80   0x00000010   Code   RO          924    .text.pmu_por_osc_disable  lib_platform.lib(at6010_pmu.o)
    0x08008b90   0x08008b90   0x00000010   Code   RO          926    .text.pmu_rf_pwr_on  lib_platform.lib(at6010_pmu.o)
    0x08008ba0   0x08008ba0   0x00000018   Code   RO          968    .text.pmu_set_dig_vcore  lib_platform.lib(at6010_pmu.o)
    0x08008bb8   0x08008bb8   0x00000008   Code   RO          812    .text.radar_ant_rx_num_get  lib_radar.lib(at6010_radar.o)
    0x08008bc0   0x08008bc0   0x0000000c   Code   RO          814    .text.radar_ant_rx_num_set  lib_radar.lib(at6010_radar.o)
    0x08008bcc   0x08008bcc   0x00000018   Code   RO          800    .text.radar_burst_init  lib_radar.lib(at6010_radar.o)
    0x08008be4   0x08008be4   0x0000013c   Code   RO          882    .text.radar_chirp_profile_config  lib_radar.lib(at6010_radar_frame.o)
    0x08008d20   0x08008d20   0x000000ec   Code   RO          794    .text.radar_deinit  lib_radar.lib(at6010_radar.o)
    0x08008e0c   0x08008e0c   0x00000018   Code   RO          898    .text.radar_faston_time_set  lib_radar.lib(at6010_radar_frame.o)
    0x08008e24   0x08008e24   0x00000078   Code   RO          854    .text.radar_filter_cfg  lib_radar.lib(at6010_radar_adc.o)
    0x08008e9c   0x08008e9c   0x0000002c   Code   RO          862    .text.radar_filter_dma_cfg  lib_radar.lib(at6010_radar_adc.o)
    0x08008ec8   0x08008ec8   0x00000070   Code   RO          888    .text.radar_frame_config  lib_radar.lib(at6010_radar_frame.o)
    0x08008f38   0x08008f38   0x00000014   Code   RO          900    .text.radar_frame_interval_get  lib_radar.lib(at6010_radar_frame.o)
    0x08008f4c   0x08008f4c   0x0000001c   Code   RO          902    .text.radar_frame_interval_set  lib_radar.lib(at6010_radar_frame.o)
    0x08008f68   0x08008f68   0x0000000c   Code   RO          906    .text.radar_frame_repeat_times_get  lib_radar.lib(at6010_radar_frame.o)
    0x08008f74   0x08008f74   0x0000001c   Code   RO          904    .text.radar_frame_repeat_times_set  lib_radar.lib(at6010_radar_frame.o)
    0x08008f90   0x08008f90   0x0000000c   Code   RO          894    .text.radar_frame_start  lib_radar.lib(at6010_radar_frame.o)
    0x08008f9c   0x08008f9c   0x0000000c   Code   RO          896    .text.radar_frame_stop  lib_radar.lib(at6010_radar_frame.o)
    0x08008fa8   0x08008fa8   0x00000018   Code   RO          892    .text.radar_frame_trigger_mode_set  lib_radar.lib(at6010_radar_frame.o)
    0x08008fc0   0x08008fc0   0x000003a8   Code   RO          798    .text.radar_init    lib_radar.lib(at6010_radar.o)
    0x08009368   0x08009368   0x00000038   Code   RO          768    .text.radar_isr     lib_radar.lib(at6010_radar.o)
    0x080093a0   0x080093a0   0x0000001c   Code   RO          772    .text.radar_lp_enter  lib_radar.lib(at6010_radar.o)
    0x080093bc   0x080093bc   0x00000014   Code   RO          774    .text.radar_lp_exit  lib_radar.lib(at6010_radar.o)
    0x080093d0   0x080093d0   0x00000024   Code   RO          770    .text.radar_lp_init  lib_radar.lib(at6010_radar.o)
    0x080093f4   0x080093f4   0x00000014   Code   RO          780    .text.radar_lp_pause  lib_radar.lib(at6010_radar.o)
    0x08009408   0x08009408   0x00000038   Code   RO          776    .text.radar_lp_resume  lib_radar.lib(at6010_radar.o)
    0x08009440   0x08009440   0x0000000c   Code   RO          778    .text.radar_lp_timer_get  lib_radar.lib(at6010_radar.o)
    0x0800944c   0x0800944c   0x0000000c   Code   RO          820    .text.radar_param_hpf1_freq_get  lib_radar.lib(at6010_radar.o)
    0x08009458   0x08009458   0x00000024   Code   RO          822    .text.radar_param_hpf1_freq_set  lib_radar.lib(at6010_radar.o)
    0x0800947c   0x0800947c   0x0000000c   Code   RO          816    .text.radar_param_hpf1_gain_get  lib_radar.lib(at6010_radar.o)
    0x08009488   0x08009488   0x00000028   Code   RO          818    .text.radar_param_hpf1_gain_set  lib_radar.lib(at6010_radar.o)
    0x080094b0   0x080094b0   0x0000000c   Code   RO          828    .text.radar_param_hpf2_freq_get  lib_radar.lib(at6010_radar.o)
    0x080094bc   0x080094bc   0x00000024   Code   RO          830    .text.radar_param_hpf2_freq_set  lib_radar.lib(at6010_radar.o)
    0x080094e0   0x080094e0   0x0000000c   Code   RO          824    .text.radar_param_hpf2_gain_get  lib_radar.lib(at6010_radar.o)
    0x080094ec   0x080094ec   0x00000028   Code   RO          826    .text.radar_param_hpf2_gain_set  lib_radar.lib(at6010_radar.o)
    0x08009514   0x08009514   0x0000000c   Code   RO          836    .text.radar_param_lpf_freq_get  lib_radar.lib(at6010_radar.o)
    0x08009520   0x08009520   0x00000028   Code   RO          838    .text.radar_param_lpf_freq_set  lib_radar.lib(at6010_radar.o)
    0x08009548   0x08009548   0x0000000c   Code   RO          832    .text.radar_param_lpf_gain_get  lib_radar.lib(at6010_radar.o)
    0x08009554   0x08009554   0x0000002c   Code   RO          834    .text.radar_param_lpf_gain_set  lib_radar.lib(at6010_radar.o)
    0x08009580   0x08009580   0x000001d8   Code   RO          790    .text.radar_rf_init  lib_radar.lib(at6010_radar.o)
    0x08009758   0x08009758   0x00000010   Code   RO          792    .text.radar_rf_pwr_off  lib_radar.lib(at6010_radar.o)
    0x08009768   0x08009768   0x00000010   Code   RO          788    .text.radar_rf_pwr_on  lib_radar.lib(at6010_radar.o)
    0x08009778   0x08009778   0x0000005c   Code   RO          802    .text.radar_rx_pf_cfg  lib_radar.lib(at6010_radar.o)
    0x080097d4   0x080097d4   0x00000080   Code   RO          886    .text.radar_subframe_profile_config  lib_radar.lib(at6010_radar_frame.o)
    0x08009854   0x08009854   0x00000020   Code   RO          884    .text.radar_tx_profile_config  lib_radar.lib(at6010_radar_frame.o)
    0x08009874   0x08009874   0x00000008   Code   RO          786    .text.radar_ulp_deinit  lib_radar.lib(at6010_radar.o)
    0x0800987c   0x0800987c   0x00000010   Code   RO          784    .text.radar_ulp_enter  lib_radar.lib(at6010_radar.o)
    0x0800988c   0x0800988c   0x00000010   Code   RO          782    .text.radar_ulp_init  lib_radar.lib(at6010_radar.o)
    0x0800989c   0x0800989c   0x0000000c   Ven    RO         1352    Veneer$$Code        anon$$obj.o
    0x080098a8   0x080098a8   0x0000000c   Ven    RO         1353    Veneer$$Code        anon$$obj.o
    0x080098b4   0x080098b4   0x00000030   Code   RO         1182    i.__ARM_common_ll_muluu  c_p.l(btod.o)
    0x080098e4   0x080098e4   0x0000002c   Code   RO         1203    i.__ARM_fpclassify  m_ps.l(fpclassify.o)
    0x08009910   0x08009910   0x0000000e   Code   RO         1077    i._is_digit         c_p.l(__printf_wp.o)
    0x0800991e   0x0800991e   0x00000002   PAD
    0x08009920   0x08009920   0x0000002c   Code   RO         1187    locale$$code        c_p.l(lc_numeric_c.o)
    0x0800994c   0x0800994c   0x0000002c   Code   RO         1216    locale$$code        c_p.l(lc_ctype_c.o)
    0x08009978   0x08009978   0x000000b0   Code   RO         1008    x$fpl$fmul          fz_ps.l(fmul.o)
    0x08009a28   0x08009a28   0x00000010   Code   RO         1110    x$fpl$printf1       fz_ps.l(printf1.o)
    0x08009a38   0x08009a38   0x00000010   Code   RO         1112    x$fpl$printf2       fz_ps.l(printf2.o)
    0x08009a48   0x08009a48   0x00000000   Code   RO         1118    x$fpl$usenofp       fz_ps.l(usenofp.o)
    0x08009a48   0x08009a48   0x00000040   Data   RO         1004    .constdata          fz_ps.l(fdiv.o)
    0x08009a88   0x08009a88   0x00000008   Data   RO         1036    .constdata          c_p.l(_printf_wctomb.o)
    0x08009a90   0x08009a90   0x00000028   Data   RO         1065    .constdata          c_p.l(_printf_hex_int_ll_ptr.o)
    0x08009ab8   0x08009ab8   0x00000011   Data   RO         1085    .constdata          c_p.l(__printf_flags_ss_wp.o)
    0x08009ac9   0x08009ac9   0x00000026   Data   RO         1150    .constdata          c_p.l(_printf_fp_hex.o)
    0x08009aef   0x08009aef   0x00000001   PAD
    0x08009af0   0x08009af0   0x00000094   Data   RO         1178    .constdata          c_p.l(bigflt0.o)
    0x08009b84   0x08009b84   0x00000008   Data   RO           29    .rodata..L__const.adc_fft_win_cfg.win_cfg  ca_cfar_base_main.o
    0x08009b8c   0x08009b8c   0x00000144   Data   RO           82    .rodata..L__const.radar_fmcw_cfg.profile  radar_cfg_hal.o
    0x08009cd0   0x08009cd0   0x00000004   Data   RO          463    .rodata.cst4        lib_platform.lib(at6010_dma.o)
    0x08009cd4   0x08009cd4   0x00000008   Data   RO          462    .rodata.cst8        lib_platform.lib(at6010_dma.o)
    0x08009cdc   0x08009cdc   0x00000008   Data   RO          844    .rodata.cst8        lib_radar.lib(at6010_radar.o)
    0x08009ce4   0x08009ce4   0x0000000c   Data   RO           65    .rodata.m_uart_disable  hal_uart.o
    0x08009cf0   0x08009cf0   0x0000000c   Data   RO           63    .rodata.m_uart_enable  hal_uart.o
    0x08009cfc   0x08009cfc   0x0000000c   Data   RO          131    .rodata.m_uart_hwd  at6010_uart.o
    0x08009d08   0x08009d08   0x00000003   Data   RO           64    .rodata.m_uart_nvic  hal_uart.o
    0x08009d0b   0x08009d0b   0x00000001   PAD
    0x08009d0c   0x08009d0c   0x00000008   Data   RO          142    .rodata.m_xtal_freq  at6010_clock.o
    0x08009d14   0x08009d14   0x00000048   Data   RO           91    .rodata.radar_param_func  hal_radar.o
    0x08009d5c   0x08009d5c   0x0000001a   Data   RO           83    .rodata.str1.1      radar_cfg_hal.o
    0x08009d76   0x08009d76   0x000004e8   Data   RO          107    .rodata.str1.1      hal_dma.o
    0x0800a25e   0x0800a25e   0x00000002   PAD
    0x0800a260   0x0800a260   0x00000050   Data   RO         1343    Region$$Table       anon$$obj.o
    0x0800a2b0   0x0800a2b0   0x0000001c   Data   RO         1186    locale$$data        c_p.l(lc_numeric_c.o)
    0x0800a2cc   0x0800a2cc   0x00000110   Data   RO         1215    locale$$data        c_p.l(lc_ctype_c.o)


    Execution Region ARM_LIB_STACK (Exec base: 0x20000000, Load base: 0x0800a3e0, Size: 0x00001000, Max: 0x00001000, ABSOLUTE)

    Exec Addr    Load Addr    Size         Type   Attr      Idx    E Section Name        Object

    0x20000000        -       0x00001000   Zero   RW            1    ARM_LIB_STACK.bss   anon$$obj.o


    Execution Region RW_RAM (Exec base: 0x20001000, Load base: 0x0800a3e0, Size: 0x00000320, Max: 0xffffffff, ABSOLUTE)

    Exec Addr    Load Addr    Size         Type   Attr      Idx    E Section Name        Object

    0x20001000   0x0800a3e0   0x00000050   Code   RO          164    .ram_region         cpu-at601x.o
    0x20001050   0x0800a430   0x0000000c   Ven    RO         1354    Veneer$$Code        anon$$obj.o
    0x2000105c   0x0800a43c   0x0000000c   Ven    RO         1355    Veneer$$Code        anon$$obj.o
    0x20001068   0x0800a448   0x00000004   Data   RW           39    .data.SystemCoreClock  system_cmsdk_cm0plus.o
    0x2000106c   0x0800a44c   0x00000004   Data   RW           73    .data.fft_handle    hal_fft.o
    0x20001070   0x0800a450   0x00000004   Data   RW           27    .data.frame_header  ca_cfar_base_main.o
    0x20001074   0x0800a454   0x0000000c   Data   RW           54    .data.m_clk_inst    hal_clock.o
    0x20001080   0x0800a460   0x00000010   Data   RW          123    .data.m_dualtimer_dev  at6010_dualtimer.o
    0x20001090   0x0800a470   0x00000001   Data   RW          841    .data.m_lp_timer_id  lib_radar.lib(at6010_radar.o)
    0x20001091   0x0800a471   0x00000003   PAD
    0x20001094   0x0800a474   0x00000020   Data   RW          177    .data.m_timer_dev   at6010_timer.o
    0x200010b4   0x0800a494   0x00000004   PAD
    0x200010b8        -       0x00000060   Zero   RW         1206    .bss                c_p.l(libspace.o)
    0x20001118        -       0x00000054   Zero   RW           14    .bss.__stdout       retarget.o
    0x2000116c        -       0x00000070   Zero   RW           74    .bss._fft_handle    hal_fft.o
    0x200011dc        -       0x00000004   Zero   RW          167    .bss._irqs_disabled_counter  cpu-at601x.o
    0x200011e0        -       0x00000004   Zero   RW          168    .bss._irqs_disabled_flag  cpu-at601x.o
    0x200011e4        -       0x00000004   Zero   RW          704    .bss.cfar_dev_irq_cb  lib_radar.lib(at6010_cfar.o)
    0x200011e8        -       0x00000004   Zero   RW           25    .bss.doppler_fft_buffer  ca_cfar_base_main.o
    0x200011ec        -       0x00000004   Zero   RW          755    .bss.fft_dev_irq_cb  lib_radar.lib(at6010_fft.o)
    0x200011f0        -       0x00000004   Zero   RW           26    .bss.fifo_state     ca_cfar_base_main.o
    0x200011f4        -       0x00000064   Zero   RW          185    .bss.hdmax          output_config.o
    0x20001258        -       0x00000004   Zero   RW          141    .bss.m_clk_mcu      at6010_clock.o
    0x2000125c        -       0x00000040   Zero   RW          157    .bss.m_gpio_hdl     at6010_gpio.o
    0x2000129c        -       0x00000001   Zero   RW          842    .bss.m_lp_timer_en  lib_radar.lib(at6010_radar.o)
    0x2000129d   0x0800a494   0x00000003   PAD
    0x200012a0        -       0x00000004   Zero   RW          840    .bss.m_radar_cb     lib_radar.lib(at6010_radar.o)
    0x200012a4        -       0x00000001   Zero   RW          843    .bss.m_rx_num       lib_radar.lib(at6010_radar.o)
    0x200012a5        -       0x0000000c   Zero   RW           99    .bss.m_timer_cfg    hal_timer.o
    0x200012b1   0x0800a494   0x00000003   PAD
    0x200012b4        -       0x00000048   Zero   RW          132    .bss.m_uart_hdl     at6010_uart.o
    0x200012fc        -       0x00000003   Zero   RW           62    .bss.m_uart_state   hal_uart.o
    0x200012ff        -       0x00000001   Zero   RW          845    .bss.m_vco_cap      lib_radar.lib(at6010_radar.o)
    0x20001300        -       0x00000001   Zero   RW          140    .bss.m_xtal_type    at6010_clock.o
    0x20001301   0x0800a494   0x00000003   PAD
    0x20001304        -       0x00000018   Zero   RW          186    .bss.uart_handle    output_config.o
    0x2000131c   0x0800a494   0x00000004   PAD
    0x20001320        -       0x00000000   Zero   RW            4    HEAP                startup_cmsdk_cm0plus.o
    0x20001320        -       0x00000000   Zero   RW            3    STACK               startup_cmsdk_cm0plus.o


    Execution Region ARM_LIB_HEAP (Exec base: 0x2000f000, Load base: 0x0800a498, Size: 0x00001000, Max: 0x00001000, ABSOLUTE)

    Exec Addr    Load Addr    Size         Type   Attr      Idx    E Section Name        Object

    0x2000f000        -       0x00001000   Zero   RW            2    ARM_LIB_HEAP.bss    anon$$obj.o


    Execution Region RADAR_RAM (Exec base: 0x20010000, Load base: 0x0800a4a0, Size: 0x0000ca20, Max: 0xffffffff, ABSOLUTE, COMPRESSED[0x00000198])

    Exec Addr    Load Addr    Size         Type   Attr      Idx    E Section Name        Object

    0x20010000   COMPRESSED   0x0000ca20   Data   RW           24    .radar_mem          ca_cfar_base_main.o


    Execution Region FFT_WIN_RAM (Exec base: 0x40011000, Load base: 0x0800a638, Size: 0x00000480, Max: 0x00001000, ABSOLUTE)

    Exec Addr    Load Addr    Size         Type   Attr      Idx    E Section Name        Object

    0x40011000   COMPRESSED   0x00000480   Data   RW           28    .fft_win_mem        ca_cfar_base_main.o


==============================================================================

Image component sizes


      Code (inc. data)   RO Data    RW Data    ZI Data      Debug   Object Name

      1580        124          8          0          5       6410   at6010_clock.o
       548         40          0         16          0       3723   at6010_dualtimer.o
      2258         96          0          0         64      13238   at6010_gpio.o
       100          0          0          0          0       2147   at6010_irq.o
       720         64          0         32          0       4969   at6010_timer.o
      1804        208         12          0         72       9108   at6010_uart.o
       708         76          8      52900          8       6723   ca_cfar_base_main.o
       114         16          0          0          8       1201   cpu-at601x.o
       452         36          0          0          0       2636   frame_header.o
       920        120          0         12          0       3726   hal_clock.o
      6736        272       1256          0          0      11771   hal_dma.o
       680         28          0          0          0       5002   hal_dualtimer.o
      2364        100          0          4        112       8857   hal_fft.o
      1528         20         72          0          0       9487   hal_radar.o
       876         76          0          0         12       3499   hal_timer.o
      1164         40         27          0          3      11652   hal_uart.o
       456         28          0          0        124       5968   output_config.o
        52          8        350          0          0       2204   radar_cfg_hal.o
       244          0          0          0         84       2884   retarget.o
        48         18        192          0          0        712   startup_cmsdk_cm0plus.o
       104         24          0          4          0       2683   system_cmsdk_cm0plus.o

    ----------------------------------------------------------------------
     23508       1410       2008      52968       8698     118600   Object Totals
        48         16         80          0       8192          0   (incl. Generated)
         4          0          3          0         14          0   (incl. Padding)

    ----------------------------------------------------------------------

      Code (inc. data)   RO Data    RW Data    ZI Data      Debug   Library Member Name

        58          0          0          0          0          0   __dczerorl.o
         8          0          0          0          0         68   __main.o
       392          6         17          0          0         76   __printf_flags_ss_wp.o
        14          0          0          0          0         60   __printf_wp.o
         0          0          0          0          0          0   __rtentry.o
        12          0          0          0          0          0   __rtentry2.o
         8          4          0          0          0          0   __rtentry7.o
        60          8          0          0          0          0   __scatter.o
        26          0          0          0          0          0   __scatter_copy.o
        28          0          0          0          0          0   __scatter_zi.o
        66          0          0          0          0         76   _c16rtomb.o
        10          0          0          0          0          0   _printf_a.o
        10          0          0          0          0          0   _printf_c.o
        46          0          0          0          0        100   _printf_char.o
        48          6          0          0          0         88   _printf_char_common.o
        40          6          0          0          0         72   _printf_char_file.o
        38          0          0          0          0         60   _printf_charcount.o
        10          0          0          0          0          0   _printf_d.o
       108         18          0          0          0         76   _printf_dec.o
        10          0          0          0          0          0   _printf_e.o
        10          0          0          0          0          0   _printf_f.o
      1044         12          0          0          0        116   _printf_fp_dec.o
       728         10         38          0          0         84   _printf_fp_hex.o
       136         16          0          0          0         76   _printf_fp_infnan.o
        10          0          0          0          0          0   _printf_g.o
       152          4         40          0          0        148   _printf_hex_int_ll_ptr.o
        10          0          0          0          0          0   _printf_i.o
       176          0          0          0          0         84   _printf_intcommon.o
        10          0          0          0          0          0   _printf_l.o
        10          0          0          0          0          0   _printf_lc.o
        10          0          0          0          0          0   _printf_ll.o
        10          0          0          0          0          0   _printf_lld.o
        10          0          0          0          0          0   _printf_lli.o
        10          0          0          0          0          0   _printf_llo.o
        10          0          0          0          0          0   _printf_llu.o
        10          0          0          0          0          0   _printf_llx.o
       112         18          0          0          0         76   _printf_longlong_dec.o
        10          0          0          0          0          0   _printf_ls.o
        10          0          0          0          0          0   _printf_n.o
        10          0          0          0          0          0   _printf_o.o
       112         10          0          0          0        112   _printf_oct_int_ll.o
        10          0          0          0          0          0   _printf_p.o
        78          0          0          0          0        100   _printf_pad.o
         2          0          0          0          0          0   _printf_percent.o
         4          0          0          0          0          0   _printf_percent_end.o
        10          0          0          0          0          0   _printf_s.o
        82          0          0          0          0         72   _printf_str.o
        36          0          0          0          0         76   _printf_truncate.o
        10          0          0          0          0          0   _printf_u.o
        46          0          0          0          0        100   _printf_wchar.o
       188          6          8          0          0         80   _printf_wctomb.o
        10          0          0          0          0          0   _printf_x.o
       364          4          0          0          0         92   aeabi_sdiv.o
       216          6        148          0          0         80   bigflt0.o
      1456         30          0          0          0        336   btod.o
        16          0          0          0          0         68   exit.o
         6          0          0          0          0        136   heapauxi.o
        44         10        272          0          0         76   lc_ctype_c.o
        44         10         28          0          0         76   lc_numeric_c.o
         2          0          0          0          0          0   libinit.o
        30          0          0          0          0          0   libinit2.o
         2          0          0          0          0          0   libshutdown.o
         2          0          0          0          0          0   libshutdown2.o
         0          0          0          0         96          0   libspace.o
       272          0          0          0          0         88   lludiv.o
       122          0          0          0          0         72   lludiv10.o
        28          6          0          0          0         84   printf.o
        16          4          0          0          0         76   rt_ctype_table.o
         8          4          0          0          0         68   rt_locale_intlibspace.o
       186          0          0          0          0        144   rt_memcpy.o
         2          0          0          0          0          0   rtexit.o
        10          0          0          0          0          0   rtexit2.o
        40          0          0          0          0         60   rtudiv10.o
       136          4          0          0          0         72   strcmp.o
         2          0          0          0          0         68   use_no_semi.o
         2          0          0          0          0         68   use_no_semi_2.o
       856         20          0          0          0        208   daddsub.o
        72          4          0          0          0         68   dfixui.o
        84          4          0          0          0         60   f2d.o
       352         10         64          0          0         92   fdiv.o
        94          0          0          0          0         92   fflti.o
       176          4          0          0          0         80   fmul.o
        16          4          0          0          0         76   printf1.o
        16          4          0          0          0         76   printf2.o
         0          0          0          0          0          0   usenofp.o
      1966         68         12          0          0      35462   at6010_dma.o
       124         16          0          0          0       7996   at6010_pmu.o
       260         36          0          0          4       4975   at6010_cfar.o
      1080        116          0          0          4       8988   at6010_fft.o
      2496        152          8          1          7      16273   at6010_radar.o
       164          8          0          0          0       6773   at6010_radar_adc.o
       748         48          0          0          0       7917   at6010_radar_frame.o
        44          4          0          0          0         60   fpclassify.o

    ----------------------------------------------------------------------
     15644        700        636          4        114      92660   Library Totals
        22          0          1          3          3          0   (incl. Padding)

    ----------------------------------------------------------------------

      Code (inc. data)   RO Data    RW Data    ZI Data      Debug   Library Name

      7074        202        551          0         96       3464   c_p.l
      1666         50         64          0          0        752   fz_ps.l
      2090         84         12          0          0      43458   lib_platform.lib
      4748        360          8          1         15      44926   lib_radar.lib
        44          4          0          0          0         60   m_ps.l

    ----------------------------------------------------------------------
     15644        700        636          4        114      92660   Library Totals

    ----------------------------------------------------------------------

==============================================================================


      Code (inc. data)   RO Data    RW Data    ZI Data      Debug   

     39152       2110       2644      52972       8812     208808   Grand Totals
     39152       2110       2644       1636       8812     208808   ELF Image Totals (compressed)
     39152       2110       2644       1636          0          0   ROM Totals

==============================================================================

    Total RO  Size (Code + RO Data)                41796 (  40.82kB)
    Total RW  Size (RW Data + ZI Data)             61784 (  60.34kB)
    Total ROM Size (Code + RO Data + RW Data)      43432 (  42.41kB)

==============================================================================

