Component: ARM Compiler 6.12 Tool: armlink [5d624300]

==============================================================================

Section Cross References

    startup_cmsdk_cm0plus.o(STACK) refers (Special) to heapauxi.o(.text) for __use_two_region_memory
    startup_cmsdk_cm0plus.o(HEAP) refers (Special) to heapauxi.o(.text) for __use_two_region_memory
    startup_cmsdk_cm0plus.o(RESET) refers (Special) to heapauxi.o(.text) for __use_two_region_memory
    startup_cmsdk_cm0plus.o(RESET) refers to startup_cmsdk_cm0plus.o(STACK) for __initial_sp
    startup_cmsdk_cm0plus.o(RESET) refers to startup_cmsdk_cm0plus.o(.text) for Reset_Handler
    startup_cmsdk_cm0plus.o(RESET) refers to at6010_irq.o(.text) for NMI_Handler
    startup_cmsdk_cm0plus.o(.text) refers (Special) to heapauxi.o(.text) for __use_two_region_memory
    startup_cmsdk_cm0plus.o(.text) refers to system_cmsdk_cm0plus.o(.text) for SystemInit
    startup_cmsdk_cm0plus.o(.text) refers to __main.o(!!!main) for __main
    startup_cmsdk_cm0plus.o(.text) refers to startup_cmsdk_cm0plus.o(HEAP) for Heap_Mem
    startup_cmsdk_cm0plus.o(.text) refers to startup_cmsdk_cm0plus.o(STACK) for Stack_Mem
    retarget.o(.text) refers (Special) to use_no_semi_2.o(.text) for __use_no_semihosting
    retarget.o(.text) refers to at6010_uart.o(.text) for uart_send_byte
    retarget.o(.text) refers to hal_dualtimer.o(.text) for hal_dualtimer_delay_us
    retarget.o(.ARM.exidx) refers (Special) to use_no_semi_2.o(.text) for __use_no_semihosting
    retarget.o(.ARM.exidx) refers to retarget.o(.text) for [Anonymous Symbol]
    retarget.o(.bss.__stdout) refers (Special) to use_no_semi_2.o(.text) for __use_no_semihosting
    retarget.o(.bss.__stdin) refers (Special) to use_no_semi_2.o(.text) for __use_no_semihosting
    retarget.o(.bss.__stderr) refers (Special) to use_no_semi_2.o(.text) for __use_no_semihosting
    range_fft_base_main.o(.text) refers (Special) to _printf_d.o(.ARM.Collect$$_printf_percent$$00000009) for _printf_d
    range_fft_base_main.o(.text) refers (Special) to _printf_f.o(.ARM.Collect$$_printf_percent$$00000003) for _printf_f
    range_fft_base_main.o(.text) refers (Special) to printf1.o(x$fpl$printf1) for _printf_fp_dec
    range_fft_base_main.o(.text) refers (Special) to _printf_dec.o(.text) for _printf_int_dec
    range_fft_base_main.o(.text) refers (Special) to _printf_percent.o(.ARM.Collect$$_printf_percent$$00000000) for _printf_percent
    range_fft_base_main.o(.text) refers to puts.o(.text) for puts
    range_fft_base_main.o(.text) refers to output_config.o(.text) for output_port_send_data
    range_fft_base_main.o(.text) refers to at6010_clock.o(.text) for sys_clk_disable_radar
    range_fft_base_main.o(.text) refers to hal_uart.o(.text) for hal_uart_init
    range_fft_base_main.o(.text) refers to hal_dualtimer.o(.text) for hal_dualtimer_init
    range_fft_base_main.o(.text) refers to frame_header.o(.text) for write_data_frame_header
    range_fft_base_main.o(.text) refers to hal_fft.o(.text) for hal_fft_init
    range_fft_base_main.o(.text) refers to radar_cfg_hal.o(.text) for radar_fmcw_cfg
    range_fft_base_main.o(.text) refers to at6010_radar_frame.o(.text.radar_frame_trigger_mode_set) for radar_frame_trigger_mode_set
    range_fft_base_main.o(.text) refers to at6010_radar_frame.o(.text.radar_frame_start) for radar_frame_start
    range_fft_base_main.o(.text) refers to cpu-at601x.o(.ram_region) for critical_section_end
    range_fft_base_main.o(.text) refers to dflti.o(.text) for __aeabi_i2d
    range_fft_base_main.o(.text) refers to dmul.o(.text) for __aeabi_dmul
    range_fft_base_main.o(.text) refers to dcmp.o(i._dls) for __aeabi_dcmplt
    range_fft_base_main.o(.text) refers to noretval__2printf.o(.text) for __2printf
    range_fft_base_main.o(.text) refers to range_fft_base_main.o(.radar_mem) for [Anonymous Symbol]
    range_fft_base_main.o(.text) refers to range_fft_base_main.o(.bss.range_fft_buffer) for [Anonymous Symbol]
    range_fft_base_main.o(.text) refers to range_fft_base_main.o(.rodata..L__const.adc_fft_win_cfg.win_cfg) for [Anonymous Symbol]
    range_fft_base_main.o(.text) refers to range_fft_base_main.o(.bss.fifo_state) for [Anonymous Symbol]
    range_fft_base_main.o(.text) refers to range_fft_base_main.o(.rodata.str1.1) for .L.str.2
    range_fft_base_main.o(.text) refers to daddsub.o(.text) for __aeabi_dadd
    range_fft_base_main.o(.text) refers to sqrt.o(i.sqrt) for sqrt
    range_fft_base_main.o(.text) refers to dcmp.o(i._dleq) for __aeabi_dcmple
    range_fft_base_main.o(.text) refers to dcmp.o(i._dgr) for __aeabi_dcmpgt
    range_fft_base_main.o(.ARM.exidx) refers (Special) to _printf_d.o(.ARM.Collect$$_printf_percent$$00000009) for _printf_d
    range_fft_base_main.o(.ARM.exidx) refers (Special) to _printf_f.o(.ARM.Collect$$_printf_percent$$00000003) for _printf_f
    range_fft_base_main.o(.ARM.exidx) refers (Special) to printf1.o(x$fpl$printf1) for _printf_fp_dec
[...]
    hal_dma_register_callbacks               0x0800257d   Thumb Code    80  hal_dma.o(.text)
    hal_dma_unregister_callbacks             0x080025cd   Thumb Code   108  hal_dma.o(.text)
    hal_dma_get_state                        0x08002639   Thumb Code     6  hal_dma.o(.text)
    hal_dma_get_error                        0x0800263f   Thumb Code     4  hal_dma.o(.text)
    uart_baudrate_set                        0x08002645   Thumb Code    72  at6010_uart.o(.text)
    uart_baudrate_reset                      0x0800268d   Thumb Code    72  at6010_uart.o(.text)
    uart_data_width_set                      0x080026d5   Thumb Code    24  at6010_uart.o(.text)
    uart_parity_set                          0x080026ed   Thumb Code    44  at6010_uart.o(.text)
    uart_stop_bits_set                       0x08002719   Thumb Code    28  at6010_uart.o(.text)
    uart_set_dma_mode                        0x08002735   Thumb Code    16  at6010_uart.o(.text)
    uart_send_byte                           0x08002745   Thumb Code    24  at6010_uart.o(.text)
    uart_send_bs                             0x0800275d   Thumb Code    36  at6010_uart.o(.text)
    uart_send_str                            0x08002781   Thumb Code    36  at6010_uart.o(.text)
    uart_recv_byte                           0x080027a5   Thumb Code    24  at6010_uart.o(.text)
    uart_get_status                          0x080027bd   Thumb Code   108  at6010_uart.o(.text)
    uart_set_hdl                             0x08002829   Thumb Code    20  at6010_uart.o(.text)
    uart_irq_enable                          0x0800283d   Thumb Code    52  at6010_uart.o(.text)
    uart_irq_disable                         0x08002871   Thumb Code    52  at6010_uart.o(.text)
    uart_isr                                 0x080028a5   Thumb Code   116  at6010_uart.o(.text)
    uart_fifo_init                           0x08002919   Thumb Code    36  at6010_uart.o(.text)
    uart_tx_fifo_clr                         0x0800293d   Thumb Code    24  at6010_uart.o(.text)
    uart_rx_fifo_clr                         0x08002955   Thumb Code    24  at6010_uart.o(.text)
    uart_get_dr_addr                         0x0800296d   Thumb Code    12  at6010_uart.o(.text)
    clock_init                               0x08002979   Thumb Code    16  at6010_clock.o(.text)
    clock_xtal_type_get                      0x08002989   Thumb Code     4  at6010_clock.o(.text)
    pll_ana_clk_config                       0x0800298d   Thumb Code     2  at6010_clock.o(.text)
    set_pll_clk_divider                      0x08002991   Thumb Code    68  at6010_clock.o(.text)
    disable_pll_clk                          0x080029d5   Thumb Code    20  at6010_clock.o(.text)
    clk_mcu_src_set                          0x080029e9   Thumb Code    52  at6010_clock.o(.text)
    set_sys_clk_divider                      0x08002a1d   Thumb Code    96  at6010_clock.o(.text)
    set_spi_flash_clk_divider                0x08002a7d   Thumb Code    72  at6010_clock.o(.text)
    sys_clk_set_adc_clk                      0x08002ac5   Thumb Code     2  at6010_clock.o(.text)
    xtal_freq_get                            0x08002ac9   Thumb Code     8  at6010_clock.o(.text)
    clk_mcu_set                              0x08002ad1   Thumb Code   304  at6010_clock.o(.text)
    clk_mcu_get                              0x08002c01   Thumb Code    12  at6010_clock.o(.text)
    sys_clk_adc_sdm_inv_set                  0x08002c0d   Thumb Code    32  at6010_clock.o(.text)
    sys_clk_enable_radar                     0x08002c2d   Thumb Code    24  at6010_clock.o(.text)
    sys_clk_disable_radar                    0x08002c45   Thumb Code    28  at6010_clock.o(.text)
    sys_clk_enable_dualtimer                 0x08002c61   Thumb Code    24  at6010_clock.o(.text)
    sys_clk_disable_dualtimer                0x08002c79   Thumb Code    24  at6010_clock.o(.text)
    sys_clk_enable_gpio                      0x08002c91   Thumb Code    24  at6010_clock.o(.text)
    sys_clk_disable_gpio                     0x08002ca9   Thumb Code    28  at6010_clock.o(.text)
    sys_clk_enable_spi0                      0x08002cc5   Thumb Code    24  at6010_clock.o(.text)
    sys_clk_enable_spi1                      0x08002cdd   Thumb Code    24  at6010_clock.o(.text)
    sys_clk_disable_spi0                     0x08002cf5   Thumb Code    28  at6010_clock.o(.text)
    sys_clk_disable_spi1                     0x08002d11   Thumb Code    28  at6010_clock.o(.text)
    sys_clk_enable_dma                       0x08002d2d   Thumb Code    24  at6010_clock.o(.text)
    sys_clk_disable_dma                      0x08002d45   Thumb Code    24  at6010_clock.o(.text)
    sys_clk_enable_pwm                       0x08002d5d   Thumb Code    24  at6010_clock.o(.text)
    sys_clk_disable_pwm                      0x08002d75   Thumb Code    28  at6010_clock.o(.text)
    sys_clk_enable_i2c                       0x08002d91   Thumb Code    24  at6010_clock.o(.text)
    sys_clk_disable_i2c                      0x08002da9   Thumb Code    28  at6010_clock.o(.text)
    sys_clk_enable_uart0                     0x08002dc5   Thumb Code    24  at6010_clock.o(.text)
    sys_clk_disable_uart0                    0x08002ddd   Thumb Code    24  at6010_clock.o(.text)
    sys_clk_enable_uart1                     0x08002df5   Thumb Code    24  at6010_clock.o(.text)
    sys_clk_disable_uart1                    0x08002e0d   Thumb Code    24  at6010_clock.o(.text)
    sys_clk_enable_uart2                     0x08002e25   Thumb Code    24  at6010_clock.o(.text)
    sys_clk_disable_uart2                    0x08002e3d   Thumb Code    28  at6010_clock.o(.text)
    sys_clk_enable_timer0                    0x08002e59   Thumb Code    24  at6010_clock.o(.text)
    sys_clk_enable_timer1                    0x08002e71   Thumb Code    24  at6010_clock.o(.text)
    sys_clk_enable_timer2                    0x08002e89   Thumb Code    24  at6010_clock.o(.text)
    sys_clk_enable_timer3                    0x08002ea1   Thumb Code    24  at6010_clock.o(.text)
    sys_clk_disable_timer0                   0x08002eb9   Thumb Code    24  at6010_clock.o(.text)
    sys_clk_disable_timer1                   0x08002ed1   Thumb Code    24  at6010_clock.o(.text)
    sys_clk_disable_timer2                   0x08002ee9   Thumb Code    24  at6010_clock.o(.text)
    sys_clk_disable_timer3                   0x08002f01   Thumb Code    24  at6010_clock.o(.text)
    NMI_Handler                              0x08002f19   Thumb Code     2  at6010_irq.o(.text)
    HardFault_Handler                        0x08002f1b   Thumb Code     2  at6010_irq.o(.text)
    SVC_Handler                              0x08002f1d   Thumb Code     2  at6010_irq.o(.text)
    PendSV_Handler                           0x08002f1f   Thumb Code     2  at6010_irq.o(.text)
    SysTick_Handler                          0x08002f21   Thumb Code     2  at6010_irq.o(.text)
    TIMER0_Handler                           0x08002f23   Thumb Code    10  at6010_irq.o(.text)
    TIMER1_Handler                           0x08002f2d   Thumb Code    10  at6010_irq.o(.text)
    TIMER2_Handler                           0x08002f37   Thumb Code    10  at6010_irq.o(.text)
    TIMER3_Handler                           0x08002f41   Thumb Code    10  at6010_irq.o(.text)
    DUALTIMER_Handler                        0x08002f4b   Thumb Code     8  at6010_irq.o(.text)
    UART0_Handler                            0x08002f53   Thumb Code     2  at6010_irq.o(.text)
    UART1_Handler                            0x08002f55   Thumb Code     2  at6010_irq.o(.text)
    UART2_Handler                            0x08002f57   Thumb Code     2  at6010_irq.o(.text)
    SPI0_Handler                             0x08002f59   Thumb Code     2  at6010_irq.o(.text)
    SPI1_Handler                             0x08002f5b   Thumb Code     2  at6010_irq.o(.text)
    I2C_Handler                              0x08002f5d   Thumb Code     2  at6010_irq.o(.text)
    GPIO_Handler                             0x08002f5f   Thumb Code     2  at6010_irq.o(.text)
    DMA_Handler                              0x08002f61   Thumb Code     2  at6010_irq.o(.text)
    RADAR_Handler                            0x08002f63   Thumb Code     8  at6010_irq.o(.text)
    KEY_Handler                              0x08002f6b   Thumb Code     2  at6010_irq.o(.text)
    GPIO0_Handler                            0x08002f6d   Thumb Code     2  at6010_irq.o(.text)
    GPIO1_Handler                            0x08002f6f   Thumb Code     2  at6010_irq.o(.text)
    GPIO2_Handler                            0x08002f71   Thumb Code     2  at6010_irq.o(.text)
    GPIO3_Handler                            0x08002f73   Thumb Code     2  at6010_irq.o(.text)
    GPIO4_Handler                            0x08002f75   Thumb Code     2  at6010_irq.o(.text)
    GPIO5_Handler                            0x08002f77   Thumb Code     2  at6010_irq.o(.text)
    GPIO6_Handler                            0x08002f79   Thumb Code     2  at6010_irq.o(.text)
    AON_WDT_Handler                          0x08002f7b   Thumb Code     2  at6010_irq.o(.text)
    gpio_get_direction                       0x08002f7d   Thumb Code    52  at6010_gpio.o(.text)
    gpio_set_direction                       0x08002fb1   Thumb Code    72  at6010_gpio.o(.text)
    gpio_get_value                           0x08002ff9   Thumb Code    44  at6010_gpio.o(.text)
    gpio_set_value                           0x08003025   Thumb Code    64  at6010_gpio.o(.text)
    gpio_direction_input                     0x08003065   Thumb Code    14  at6010_gpio.o(.text)
    gpio_direction_output                    0x08003073   Thumb Code    22  at6010_gpio.o(.text)
    gpio_set_pinmux                          0x08003089   Thumb Code    72  at6010_gpio.o(.text)
    gpio_set_alternate_function              0x080030d1   Thumb Code    40  at6010_gpio.o(.text)
    gpio_set_analog_en                       0x080030f9   Thumb Code    68  at6010_gpio.o(.text)
    gpio_set_rd_en                           0x0800313d   Thumb Code    28  at6010_gpio.o(.text)
    gpio_set_pull_up                         0x08003159   Thumb Code    68  at6010_gpio.o(.text)
    gpio_set_pull_down                       0x0800319d   Thumb Code    68  at6010_gpio.o(.text)
    gpio_init                                0x080031e1   Thumb Code   188  at6010_gpio.o(.text)
    gpio_set_irq_type                        0x0800329d   Thumb Code    92  at6010_gpio.o(.text)
    gpio_irq_hdl                             0x080032f9   Thumb Code    20  at6010_gpio.o(.text)
    gpio_isr                                 0x0800330d   Thumb Code    44  at6010_gpio.o(.text)
    gpio_irq_set_hdl                         0x08003339   Thumb Code    20  at6010_gpio.o(.text)
    gpio_irq_enable                          0x0800334d   Thumb Code    20  at6010_gpio.o(.text)
    gpio_irq_disable                         0x08003361   Thumb Code    20  at6010_gpio.o(.text)
    gpio_irq_clr_flag                        0x08003375   Thumb Code    20  at6010_gpio.o(.text)
    gpio_irq_get_status                      0x08003389   Thumb Code    24  at6010_gpio.o(.text)
    gpio_irq_rise_get_status                 0x080033a1   Thumb Code    24  at6010_gpio.o(.text)
    gpio_toggle_init                         0x080033b9   Thumb Code    60  at6010_gpio.o(.text)
    gpio_toggle                              0x080033f5   Thumb Code    24  at6010_gpio.o(.text)
    timer_init                               0x0800340d   Thumb Code    44  at6010_timer.o(.text)
    timer_irq_enable                         0x08003439   Thumb Code    52  at6010_timer.o(.text)
    timer_irq_disable                        0x0800346d   Thumb Code    52  at6010_timer.o(.text)
    timer_start                              0x080034a1   Thumb Code    24  at6010_timer.o(.text)
    timer_stop                               0x080034b9   Thumb Code    24  at6010_timer.o(.text)
    timer_value_get                          0x080034d1   Thumb Code    16  at6010_timer.o(.text)
    timer_value_set                          0x080034e1   Thumb Code    16  at6010_timer.o(.text)
    timer_reload_get                         0x080034f1   Thumb Code    16  at6010_timer.o(.text)
    timer_reload_set                         0x08003501   Thumb Code    16  at6010_timer.o(.text)
    timer_irq_clear                          0x08003511   Thumb Code    20  at6010_timer.o(.text)
    timer_irq_status                         0x08003525   Thumb Code    16  at6010_timer.o(.text)
    timer_cb_set                             0x08003535   Thumb Code    12  at6010_timer.o(.text)
    timer_isr                                0x08003541   Thumb Code    32  at6010_timer.o(.text)
    dualtimer_init                           0x08003561   Thumb Code     8  at6010_dualtimer.o(.text)
    dualtimer_deinit                         0x08003569   Thumb Code    36  at6010_dualtimer.o(.text)
    dualtimer_get_default_config             0x0800358d   Thumb Code    16  at6010_dualtimer.o(.text)
    dualtimer_set_config                     0x0800359d   Thumb Code    60  at6010_dualtimer.o(.text)
    dualtimer_set_load                       0x080035d9   Thumb Code    24  at6010_dualtimer.o(.text)
    dualtimer_start                          0x080035f1   Thumb Code    24  at6010_dualtimer.o(.text)
    dualtimer_stop                           0x08003609   Thumb Code    24  at6010_dualtimer.o(.text)
    dualtimer_irq_clear                      0x08003621   Thumb Code    20  at6010_dualtimer.o(.text)
    dualtimer_get_value                      0x08003635   Thumb Code    16  at6010_dualtimer.o(.text)
    dualtimer_set_cb                         0x08003645   Thumb Code    12  at6010_dualtimer.o(.text)
    dualtimer_is_enabled                     0x08003651   Thumb Code    20  at6010_dualtimer.o(.text)
    dualtimer_hdl_proc                       0x08003665   Thumb Code    52  at6010_dualtimer.o(.text)
    output_dma_config                        0x08003699   Thumb Code   124  output_config.o(.text)
    output_port_send_data                    0x08003715   Thumb Code   104  output_config.o(.text)
    write_data_frame_header                  0x080037a5   Thumb Code   128  frame_header.o(.text)
    __use_no_semihosting                     0x08003825   Thumb Code     2  use_no_semi_2.o(.text)
    __aeabi_uldivmod                         0x08003827   Thumb Code   258  lludiv.o(.text)
    _ll_udiv                                 0x08003827   Thumb Code     0  lludiv.o(.text)
    __2printf                                0x08003929   Thumb Code    22  noretval__2printf.o(.text)
    _printf_str                              0x08003945   Thumb Code    82  _printf_str.o(.text)
    _printf_int_dec                          0x08003999   Thumb Code    90  _printf_dec.o(.text)
    __printf                                 0x08003a05   Thumb Code   270  __printf_wp.o(.text)
    puts                                     0x08003b15   Thumb Code    38  puts.o(.text)
    __aeabi_memcpy                           0x08003b41   Thumb Code   130  rt_memcpy.o(.text)
    __rt_memcpy                              0x08003b41   Thumb Code     0  rt_memcpy.o(.text)
    _memset_w                                0x08003bc3   Thumb Code    26  rt_memclr.o(.text)
    _memset                                  0x08003bdd   Thumb Code    30  rt_memclr.o(.text)
    __aeabi_memclr                           0x08003bfb   Thumb Code     4  rt_memclr.o(.text)
    __rt_memclr                              0x08003bfb   Thumb Code     0  rt_memclr.o(.text)
    __aeabi_memclr4                          0x08003bff   Thumb Code     0  rt_memclr.o(.text)
    __aeabi_memclr8                          0x08003bff   Thumb Code     0  rt_memclr.o(.text)
    __rt_memclr_w                            0x08003bff   Thumb Code     4  rt_memclr.o(.text)
    __aeabi_uidiv                            0x08003c03   Thumb Code     0  aeabi_sdiv.o(.text)
    __aeabi_uidivmod                         0x08003c03   Thumb Code    20  aeabi_sdiv.o(.text)
    __aeabi_idiv                             0x08003c17   Thumb Code     0  aeabi_sdiv.o(.text)
    __aeabi_idivmod                          0x08003c17   Thumb Code   326  aeabi_sdiv.o(.text)
    __use_two_region_memory                  0x08003d5d   Thumb Code     2  heapauxi.o(.text)
    __rt_heap_escrow$2region                 0x08003d5f   Thumb Code     2  heapauxi.o(.text)
    __rt_heap_expand$2region                 0x08003d61   Thumb Code     2  heapauxi.o(.text)
    __aeabi_dadd                             0x0800405d   Thumb Code     0  daddsub.o(.text)
    _dadd                                    0x0800405d   Thumb Code    26  daddsub.o(.text)
    __aeabi_dsub                             0x08004077   Thumb Code     0  daddsub.o(.text)
    _dsub                                    0x08004077   Thumb Code    22  daddsub.o(.text)
    __aeabi_drsub                            0x0800408d   Thumb Code     0  daddsub.o(.text)
    _drsb                                    0x0800408d   Thumb Code    28  daddsub.o(.text)
    __aeabi_d2uiz                            0x080040bd   Thumb Code     0  dfixui.o(.text)
    _dfixu                                   0x080040bd   Thumb Code    68  dfixui.o(.text)
    __aeabi_i2d_normalise                    0x08004105   Thumb Code    66  dflti.o(.text)
    __aeabi_i2d                              0x08004147   Thumb Code    16  dflti.o(.text)
    _dflt                                    0x08004147   Thumb Code     0  dflti.o(.text)
    __aeabi_ui2d                             0x08004157   Thumb Code     6  dflti.o(.text)
    _dfltu                                   0x08004157   Thumb Code     0  dflti.o(.text)
    __aeabi_dmul                             0x0800415d   Thumb Code     0  dmul.o(.text)
    _dmul                                    0x0800415d   Thumb Code   558  dmul.o(.text)
    __aeabi_f2d                              0x080043a5   Thumb Code     0  f2d.o(.text)
    _f2d                                     0x080043a5   Thumb Code    80  f2d.o(.text)
    __aeabi_fdiv                             0x080043f9   Thumb Code     0  fdiv.o(.text)
    _fdiv                                    0x080043f9   Thumb Code   334  fdiv.o(.text)
    _frdiv                                   0x08004547   Thumb Code     8  fdiv.o(.text)
    __aeabi_i2f_normalise                    0x08004559   Thumb Code    72  fflti.o(.text)
    __aeabi_i2f                              0x080045a1   Thumb Code    16  fflti.o(.text)
    _fflt                                    0x080045a1   Thumb Code     0  fflti.o(.text)
    __aeabi_ui2f                             0x080045b1   Thumb Code     6  fflti.o(.text)
    _ffltu                                   0x080045b1   Thumb Code     0  fflti.o(.text)
    __I$use$semihosting                      0x080045b7   Thumb Code     0  use_no_semi.o(.text)
    __use_no_semihosting_swi                 0x080045b7   Thumb Code     2  use_no_semi.o(.text)
    __read_errno                             0x080045b9   Thumb Code    10  _rserrno.o(.text)
    __set_errno                              0x080045c3   Thumb Code    12  _rserrno.o(.text)
    _printf_int_common                       0x080045cf   Thumb Code   176  _printf_intcommon.o(.text)
    _printf_fp_dec_real                      0x0800481d   Thumb Code   620  _printf_fp_dec.o(.text)
    _printf_cs_common                        0x08004a95   Thumb Code    22  _printf_char.o(.text)
    _printf_char                             0x08004aab   Thumb Code    16  _printf_char.o(.text)
    _printf_string                           0x08004abb   Thumb Code     8  _printf_char.o(.text)
    _printf_char_file                        0x08004ac5   Thumb Code    34  _printf_char_file.o(.text)
    __rt_udiv10                              0x08004aed   Thumb Code    40  rtudiv10.o(.text)
    _dsqrt                                   0x08004b15   Thumb Code   248  dsqrt.o(.text)
    __rt_locale                              0x08004c15   Thumb Code     8  rt_locale_intlibspace.o(.text)
    __aeabi_errno_addr                       0x08004c1d   Thumb Code     8  rt_errno_addr_intlibspace.o(.text)
    __errno$intlibspace                      0x08004c1d   Thumb Code     0  rt_errno_addr_intlibspace.o(.text)
    __rt_errno_addr$intlibspace              0x08004c1d   Thumb Code     0  rt_errno_addr_intlibspace.o(.text)
    _ll_udiv10                               0x08004c25   Thumb Code   122  lludiv10.o(.text)
    _printf_char_common                      0x08004cab   Thumb Code    32  _printf_char_common.o(.text)
    _printf_fp_infnan                        0x08004cd1   Thumb Code   120  _printf_fp_infnan.o(.text)
    _btod_etento                             0x08004d59   Thumb Code   210  bigflt0.o(.text)
    _btod_d2e                                0x08004e31   Thumb Code    64  btod.o(.text)
    _btod_emul                               0x08005265   Thumb Code    28  btod.o(.text)
    _btod_emuld                              0x08005281   Thumb Code   144  btod.o(.text)
    _btod_ediv                               0x08005311   Thumb Code    26  btod.o(.text)
    _btod_edivd                              0x0800532b   Thumb Code   124  btod.o(.text)
    __fpl_dcmp_InfNaN                        0x080053b1   Thumb Code   154  dcmpin.o(.text)
    exit                                     0x08005451   Thumb Code    16  exit.o(.text)
    strcmp                                   0x08005461   Thumb Code   132  strcmp.o(.text)
    __fpl_cmpreturn                          0x080054e9   Thumb Code    46  cmpret.o(.text)
    __fpl_dcheck_NaN2                        0x08005519   Thumb Code    14  dnan2.o(.text)
    __fpl_return_NaN                         0x0800552d   Thumb Code    94  retnan.o(.text)
    __decompress                             0x0800558b   Thumb Code     0  __dczerorl.o(.text)
    __decompress0                            0x0800558b   Thumb Code    58  __dczerorl.o(.text)
    cache_init                               0x080055e9   Thumb Code    32  at6010_cache.o(.text.cache_init)
    cfar_abs_threshold_cfg                   0x08005615   Thumb Code     8  at6010_cfar.o(.text.cfar_abs_threshold_cfg)
    cfar_det_bmap_addr_cfg                   0x08005621   Thumb Code    40  at6010_cfar.o(.text.cfar_det_bmap_addr_cfg)
    cfar_enable                              0x08005651   Thumb Code    16  at6010_cfar.o(.text.cfar_enable)
    cfar_irq_callback_set                    0x08005661   Thumb Code     8  at6010_cfar.o(.text.cfar_irq_callback_set)
    cfar_irq_enable                          0x08005669   Thumb Code    28  at6010_cfar.o(.text.cfar_irq_enable)
    cfar_isr                                 0x08005689   Thumb Code    24  at6010_cfar.o(.text.cfar_isr)
    cfar_range_dim_cfg                       0x080056a9   Thumb Code    56  at6010_cfar.o(.text.cfar_range_dim_cfg)
    cfar_vel_dim_cfg                         0x080056e5   Thumb Code    44  at6010_cfar.o(.text.cfar_vel_dim_cfg)
    dma_clear_block_done_flag                0x08005719   Thumb Code    24  at6010_dma.o(.text.dma_clear_block_done_flag)
    dma_clear_it_block                       0x08005731   Thumb Code    20  at6010_dma.o(.text.dma_clear_it_block)
    dma_clear_it_dst_tran                    0x08005745   Thumb Code    20  at6010_dma.o(.text.dma_clear_it_dst_tran)
    dma_clear_it_error                       0x08005759   Thumb Code    20  at6010_dma.o(.text.dma_clear_it_error)
    dma_clear_it_src_tran                    0x0800576d   Thumb Code    20  at6010_dma.o(.text.dma_clear_it_src_tran)
    dma_clear_it_tfr                         0x08005781   Thumb Code    20  at6010_dma.o(.text.dma_clear_it_tfr)
    dma_disable_channel                      0x08005795   Thumb Code    20  at6010_dma.o(.text.dma_disable_channel)
    dma_disable_it_block                     0x080057a9   Thumb Code    20  at6010_dma.o(.text.dma_disable_it_block)
    dma_disable_it_dst_tran                  0x080057bd   Thumb Code    20  at6010_dma.o(.text.dma_disable_it_dst_tran)
    dma_disable_it_error                     0x080057d1   Thumb Code    20  at6010_dma.o(.text.dma_disable_it_error)
    dma_disable_it_src_tran                  0x080057e5   Thumb Code    20  at6010_dma.o(.text.dma_disable_it_src_tran)
    dma_disable_it_tfr                       0x080057f9   Thumb Code    20  at6010_dma.o(.text.dma_disable_it_tfr)
    dma_enable_channel                       0x0800580d   Thumb Code    24  at6010_dma.o(.text.dma_enable_channel)
    dma_enable_global                        0x08005825   Thumb Code    22  at6010_dma.o(.text.dma_enable_global)
    dma_enable_it_block                      0x0800583d   Thumb Code    24  at6010_dma.o(.text.dma_enable_it_block)
    dma_enable_it_dst_tran                   0x08005855   Thumb Code    24  at6010_dma.o(.text.dma_enable_it_dst_tran)
    dma_enable_it_error                      0x0800586d   Thumb Code    24  at6010_dma.o(.text.dma_enable_it_error)
    dma_enable_it_src_tran                   0x08005885   Thumb Code    24  at6010_dma.o(.text.dma_enable_it_src_tran)
    dma_enable_it_tfr                        0x0800589d   Thumb Code    24  at6010_dma.o(.text.dma_enable_it_tfr)
    dma_get_raw_tfr                          0x080058b5   Thumb Code    24  at6010_dma.o(.text.dma_get_raw_tfr)
    dma_get_status_block                     0x080058cd   Thumb Code    24  at6010_dma.o(.text.dma_get_status_block)
    dma_get_status_dst_tran                  0x080058e5   Thumb Code    24  at6010_dma.o(.text.dma_get_status_dst_tran)
    dma_get_status_error                     0x080058fd   Thumb Code    24  at6010_dma.o(.text.dma_get_status_error)
    dma_get_status_src_tran                  0x08005915   Thumb Code    24  at6010_dma.o(.text.dma_get_status_src_tran)
    dma_get_status_tfr                       0x0800592d   Thumb Code    24  at6010_dma.o(.text.dma_get_status_tfr)
    dma_is_active_channel                    0x08005945   Thumb Code    24  at6010_dma.o(.text.dma_is_active_channel)
    dma_is_enabled_it_block                  0x0800595d   Thumb Code    24  at6010_dma.o(.text.dma_is_enabled_it_block)
    dma_is_enabled_it_dst_tran               0x08005975   Thumb Code    24  at6010_dma.o(.text.dma_is_enabled_it_dst_tran)
    dma_is_enabled_it_error                  0x0800598d   Thumb Code    24  at6010_dma.o(.text.dma_is_enabled_it_error)
    dma_is_enabled_it_src_tran               0x080059a5   Thumb Code    24  at6010_dma.o(.text.dma_is_enabled_it_src_tran)
    dma_is_enabled_it_tfr                    0x080059bd   Thumb Code    24  at6010_dma.o(.text.dma_is_enabled_it_tfr)
    dma_set_block_transfer_size              0x080059d9   Thumb Code    28  at6010_dma.o(.text.dma_set_block_transfer_size)
    dma_set_channel_priority                 0x080059fd   Thumb Code    28  at6010_dma.o(.text.dma_set_channel_priority)
    dma_set_channel_suspend                  0x08005a19   Thumb Code    32  at6010_dma.o(.text.dma_set_channel_suspend)
    dma_set_dst_addr                         0x08005a39   Thumb Code    20  at6010_dma.o(.text.dma_set_dst_addr)
    dma_set_dst_addr_inc                     0x08005a4d   Thumb Code    32  at6010_dma.o(.text.dma_set_dst_addr_inc)
    dma_set_dst_burst_length                 0x08005a6d   Thumb Code    32  at6010_dma.o(.text.dma_set_dst_burst_length)
    dma_set_dst_handshake_if                 0x08005a91   Thumb Code    32  at6010_dma.o(.text.dma_set_dst_handshake_if)
    dma_set_dst_handshake_polarity           0x08005ab1   Thumb Code    32  at6010_dma.o(.text.dma_set_dst_handshake_polarity)
    dma_set_dst_handshake_type               0x08005ad1   Thumb Code    32  at6010_dma.o(.text.dma_set_dst_handshake_type)
    dma_set_dst_linked_list_en               0x08005af1   Thumb Code    32  at6010_dma.o(.text.dma_set_dst_linked_list_en)
    dma_set_dst_reload_en                    0x08005b11   Thumb Code    28  at6010_dma.o(.text.dma_set_dst_reload_en)
    dma_set_dst_scatter_cnt                  0x08005b2d   Thumb Code    28  at6010_dma.o(.text.dma_set_dst_scatter_cnt)
    dma_set_dst_scatter_en                   0x08005b49   Thumb Code    32  at6010_dma.o(.text.dma_set_dst_scatter_en)
    dma_set_dst_scatter_interval             0x08005b69   Thumb Code    28  at6010_dma.o(.text.dma_set_dst_scatter_interval)
    dma_set_dst_status_addr                  0x08005b85   Thumb Code    20  at6010_dma.o(.text.dma_set_dst_status_addr)
    dma_set_dst_status_update_en             0x08005b99   Thumb Code    28  at6010_dma.o(.text.dma_set_dst_status_update_en)
    dma_set_dst_tr_width                     0x08005bb5   Thumb Code    28  at6010_dma.o(.text.dma_set_dst_tr_width)
    dma_set_fifo_mode                        0x08005bd1   Thumb Code    28  at6010_dma.o(.text.dma_set_fifo_mode)
    dma_set_flow_control_mode                0x08005bed   Thumb Code    28  at6010_dma.o(.text.dma_set_flow_control_mode)
    dma_set_flowctrl                         0x08005c09   Thumb Code    32  at6010_dma.o(.text.dma_set_flowctrl)
    dma_set_int_en                           0x08005c29   Thumb Code    28  at6010_dma.o(.text.dma_set_int_en)
    dma_set_linked_list_loc                  0x08005c45   Thumb Code    28  at6010_dma.o(.text.dma_set_linked_list_loc)
    dma_set_lock_bus                         0x08005c61   Thumb Code    32  at6010_dma.o(.text.dma_set_lock_bus)
    dma_set_lock_bus_level                   0x08005c81   Thumb Code    32  at6010_dma.o(.text.dma_set_lock_bus_level)
    dma_set_lock_channel                     0x08005ca1   Thumb Code    32  at6010_dma.o(.text.dma_set_lock_channel)
    dma_set_lock_channel_level               0x08005cc1   Thumb Code    32  at6010_dma.o(.text.dma_set_lock_channel_level)
    dma_set_protection_control               0x08005ce1   Thumb Code    28  at6010_dma.o(.text.dma_set_protection_control)
    dma_set_src_addr                         0x08005cfd   Thumb Code    20  at6010_dma.o(.text.dma_set_src_addr)
    dma_set_src_addr_inc                     0x08005d11   Thumb Code    32  at6010_dma.o(.text.dma_set_src_addr_inc)
    dma_set_src_burst_length                 0x08005d31   Thumb Code    32  at6010_dma.o(.text.dma_set_src_burst_length)
    dma_set_src_gather_cnt                   0x08005d55   Thumb Code    28  at6010_dma.o(.text.dma_set_src_gather_cnt)
    dma_set_src_gather_en                    0x08005d75   Thumb Code    32  at6010_dma.o(.text.dma_set_src_gather_en)
    dma_set_src_gather_interval              0x08005d99   Thumb Code    28  at6010_dma.o(.text.dma_set_src_gather_interval)
    dma_set_src_handshake_if                 0x08005dc1   Thumb Code    32  at6010_dma.o(.text.dma_set_src_handshake_if)
    dma_set_src_handshake_polarity           0x08005de5   Thumb Code    32  at6010_dma.o(.text.dma_set_src_handshake_polarity)
    dma_set_src_handshake_type               0x08005e09   Thumb Code    32  at6010_dma.o(.text.dma_set_src_handshake_type)
    dma_set_src_linked_list_en               0x08005e2d   Thumb Code    32  at6010_dma.o(.text.dma_set_src_linked_list_en)
    dma_set_src_realod_en                    0x08005e51   Thumb Code    32  at6010_dma.o(.text.dma_set_src_realod_en)
    dma_set_src_status_addr                  0x08005e71   Thumb Code    20  at6010_dma.o(.text.dma_set_src_status_addr)
    dma_set_src_status_update_en             0x08005e89   Thumb Code    28  at6010_dma.o(.text.dma_set_src_status_update_en)
    dma_set_src_tr_width                     0x08005ea9   Thumb Code    28  at6010_dma.o(.text.dma_set_src_tr_width)
    fft_adc_1d_fft_cfg                       0x08005ec9   Thumb Code   108  at6010_fft.o(.text.fft_adc_1d_fft_cfg)
    fft_adc_1d_fft_enable                    0x08005f3d   Thumb Code    16  at6010_fft.o(.text.fft_adc_1d_fft_enable)
    fft_adc_2d_fft_cfg                       0x08005f4d   Thumb Code   140  at6010_fft.o(.text.fft_adc_2d_fft_cfg)
    fft_adc_2d_fft_enable                    0x08005fe1   Thumb Code    16  at6010_fft.o(.text.fft_adc_2d_fft_enable)
    fft_adc_fft_addr_set                     0x08005ff5   Thumb Code    32  at6010_fft.o(.text.fft_adc_fft_addr_set)
    fft_adc_rdat_addr_set                    0x08006019   Thumb Code    28  at6010_fft.o(.text.fft_adc_rdat_addr_set)
    fft_adc_rdat_cfg                         0x08006035   Thumb Code    68  at6010_fft.o(.text.fft_adc_rdat_cfg)
    fft_adc_rdat_enable                      0x08006089   Thumb Code    20  at6010_fft.o(.text.fft_adc_rdat_enable)
    fft_adc_win_cfg                          0x0800609d   Thumb Code    48  at6010_fft.o(.text.fft_adc_win_cfg)
    fft_adc_win_enable                       0x080060d5   Thumb Code    44  at6010_fft.o(.text.fft_adc_win_enable)
    fft_dc_cut_enable                        0x08006105   Thumb Code    20  at6010_fft.o(.text.fft_dc_cut_enable)
    fft_dev_deinit                           0x08006119   Thumb Code    52  at6010_fft.o(.text.fft_dev_deinit)
    fft_dev_init                             0x0800614d   Thumb Code    52  at6010_fft.o(.text.fft_dev_init)
    fft_input_data_type_set                  0x08006185   Thumb Code    20  at6010_fft.o(.text.fft_input_data_type_set)
    fft_irq_callback_set                     0x08006199   Thumb Code     8  at6010_fft.o(.text.fft_irq_callback_set)
    fft_irq_enable                           0x080061a1   Thumb Code    80  at6010_fft.o(.text.fft_irq_enable)
    fft_isr                                  0x08006205   Thumb Code    48  at6010_fft.o(.text.fft_isr)
    fft_user_fft_cfg                         0x0800623d   Thumb Code    92  at6010_fft.o(.text.fft_user_fft_cfg)
    fft_user_fft_start                       0x080062ad   Thumb Code    20  at6010_fft.o(.text.fft_user_fft_start)
    fft_user_win_cfg                         0x080062c1   Thumb Code    28  at6010_fft.o(.text.fft_user_win_cfg)
    fft_user_win_enable                      0x080062e5   Thumb Code    24  at6010_fft.o(.text.fft_user_win_enable)
    fmcw_afc_freq_set                        0x08006301   Thumb Code    88  at6010_radar.o(.text.fmcw_afc_freq_set)
    pmu_clk_dcdc_set                         0x0800636d   Thumb Code    64  at6010_pmu.o(.text.pmu_clk_dcdc_set)
    pmu_por_osc_disable                      0x080063b1   Thumb Code    12  at6010_pmu.o(.text.pmu_por_osc_disable)
    pmu_rf_pwr_on                            0x080063c1   Thumb Code    12  at6010_pmu.o(.text.pmu_rf_pwr_on)
    pmu_set_dig_vcore                        0x080063d1   Thumb Code    20  at6010_pmu.o(.text.pmu_set_dig_vcore)
    radar_ant_rx_num_get                     0x080063e9   Thumb Code     8  at6010_radar.o(.text.radar_ant_rx_num_get)
    radar_ant_rx_num_set                     0x080063f1   Thumb Code    12  at6010_radar.o(.text.radar_ant_rx_num_set)
    radar_burst_init                         0x080063fd   Thumb Code    20  at6010_radar.o(.text.radar_burst_init)
    radar_chirp_profile_config               0x08006415   Thumb Code   300  at6010_radar_frame.o(.text.radar_chirp_profile_config)
    radar_deinit                             0x08006551   Thumb Code   224  at6010_radar.o(.text.radar_deinit)
    radar_faston_time_set                    0x0800663d   Thumb Code    20  at6010_radar_frame.o(.text.radar_faston_time_set)
    radar_filter_cfg                         0x08006655   Thumb Code   116  at6010_radar_adc.o(.text.radar_filter_cfg)
    radar_filter_dma_cfg                     0x080066cd   Thumb Code    40  at6010_radar_adc.o(.text.radar_filter_dma_cfg)
    radar_frame_config                       0x080066f9   Thumb Code   112  at6010_radar_frame.o(.text.radar_frame_config)
    radar_frame_interval_get                 0x08006769   Thumb Code    20  at6010_radar_frame.o(.text.radar_frame_interval_get)
    radar_frame_interval_set                 0x0800677d   Thumb Code    28  at6010_radar_frame.o(.text.radar_frame_interval_set)
    radar_frame_repeat_times_get             0x08006799   Thumb Code    12  at6010_radar_frame.o(.text.radar_frame_repeat_times_get)
    radar_frame_repeat_times_set             0x080067a5   Thumb Code    20  at6010_radar_frame.o(.text.radar_frame_repeat_times_set)
    radar_frame_start                        0x080067c1   Thumb Code    12  at6010_radar_frame.o(.text.radar_frame_start)
    radar_frame_stop                         0x080067cd   Thumb Code    12  at6010_radar_frame.o(.text.radar_frame_stop)
    radar_frame_trigger_mode_set             0x080067d9   Thumb Code    20  at6010_radar_frame.o(.text.radar_frame_trigger_mode_set)
    radar_init                               0x080067f1   Thumb Code   908  at6010_radar.o(.text.radar_init)
    radar_isr                                0x08006b99   Thumb Code    52  at6010_radar.o(.text.radar_isr)
    radar_lp_init                            0x08006c01   Thumb Code    24  at6010_radar.o(.text.radar_lp_init)
    radar_lp_pause                           0x08006c25   Thumb Code    20  at6010_radar.o(.text.radar_lp_pause)
    radar_lp_resume                          0x08006c39   Thumb Code    48  at6010_radar.o(.text.radar_lp_resume)
    radar_lp_timer_get                       0x08006c71   Thumb Code     8  at6010_radar.o(.text.radar_lp_timer_get)
    radar_param_hpf1_freq_get                0x08006c7d   Thumb Code    12  at6010_radar.o(.text.radar_param_hpf1_freq_get)
    radar_param_hpf1_freq_set                0x08006c89   Thumb Code    36  at6010_radar.o(.text.radar_param_hpf1_freq_set)
    radar_param_hpf1_gain_get                0x08006cad   Thumb Code    12  at6010_radar.o(.text.radar_param_hpf1_gain_get)
    radar_param_hpf1_gain_set                0x08006cb9   Thumb Code    36  at6010_radar.o(.text.radar_param_hpf1_gain_set)
    radar_param_hpf2_freq_get                0x08006ce1   Thumb Code    12  at6010_radar.o(.text.radar_param_hpf2_freq_get)
    radar_param_hpf2_freq_set                0x08006ced   Thumb Code    36  at6010_radar.o(.text.radar_param_hpf2_freq_set)
    radar_param_hpf2_gain_get                0x08006d11   Thumb Code    12  at6010_radar.o(.text.radar_param_hpf2_gain_get)
    radar_param_hpf2_gain_set                0x08006d1d   Thumb Code    36  at6010_radar.o(.text.radar_param_hpf2_gain_set)
    radar_param_lpf_freq_get                 0x08006d45   Thumb Code    12  at6010_radar.o(.text.radar_param_lpf_freq_get)
    radar_param_lpf_freq_set                 0x08006d51   Thumb Code    36  at6010_radar.o(.text.radar_param_lpf_freq_set)
    radar_param_lpf_gain_get                 0x08006d79   Thumb Code    12  at6010_radar.o(.text.radar_param_lpf_gain_get)
    radar_param_lpf_gain_set                 0x08006d85   Thumb Code    36  at6010_radar.o(.text.radar_param_lpf_gain_set)
    radar_rf_pwr_off                         0x08006f89   Thumb Code    12  at6010_radar.o(.text.radar_rf_pwr_off)
    radar_rf_pwr_on                          0x08006f99   Thumb Code    12  at6010_radar.o(.text.radar_rf_pwr_on)
    radar_rx_pf_cfg                          0x08006fa9   Thumb Code    88  at6010_radar.o(.text.radar_rx_pf_cfg)
    radar_subframe_profile_config            0x08007005   Thumb Code   116  at6010_radar_frame.o(.text.radar_subframe_profile_config)
    radar_tx_profile_config                  0x08007085   Thumb Code    28  at6010_radar_frame.o(.text.radar_tx_profile_config)
    radar_ulp_deinit                         0x080070a5   Thumb Code     8  at6010_radar.o(.text.radar_ulp_deinit)
    radar_ulp_init                           0x080070bd   Thumb Code     8  at6010_radar.o(.text.radar_ulp_init)
    Long Thumb to Thumb Veneer to critical_section_end 0x080070cd   Thumb Code    12  anon$$obj.o(Veneer$$Code)
    Long Thumb to Thumb Veneer to critical_section_start 0x080070d9   Thumb Code    12  anon$$obj.o(Veneer$$Code)
    __ARM_common_ll_muluu                    0x080070e5   Thumb Code    48  btod.o(i.__ARM_common_ll_muluu)
    __ARM_fpclassify                         0x08007115   Thumb Code    40  fpclassify.o(i.__ARM_fpclassify)
    __aeabi_dcmpgt                           0x08007141   Thumb Code     0  dcmp.o(i._dgr)
    _dgr                                     0x08007141   Thumb Code    22  dcmp.o(i._dgr)
    __aeabi_dcmple                           0x08007157   Thumb Code     0  dcmp.o(i._dleq)
    _dleq                                    0x08007157   Thumb Code    26  dcmp.o(i._dleq)
    __aeabi_dcmplt                           0x08007171   Thumb Code     0  dcmp.o(i._dls)
    _dls                                     0x08007171   Thumb Code    22  dcmp.o(i._dls)
    _is_digit                                0x08007187   Thumb Code    14  __printf_wp.o(i._is_digit)
    sqrt                                     0x08007195   Thumb Code    66  sqrt.o(i.sqrt)
    _get_lc_numeric                          0x080071dd   Thumb Code    44  lc_numeric_c.o(locale$$code)
    _dcmpge                                  0x08007209   Thumb Code    94  dgef.o(x$fpl$dgeqf)
    __aeabi_cdcmple                          0x0800726d   Thumb Code     0  dlef.o(x$fpl$dleqf)
    _dcmple                                  0x0800726d   Thumb Code    94  dlef.o(x$fpl$dleqf)
    __aeabi_fmul                             0x080072d1   Thumb Code     0  fmul.o(x$fpl$fmul)
    _fmul                                    0x080072d1   Thumb Code   172  fmul.o(x$fpl$fmul)
    _printf_fp_dec                           0x08007381   Thumb Code    16  printf1.o(x$fpl$printf1)
    __I$use$fp                               0x08007390   Number         0  usenofp.o(x$fpl$usenofp)
    Region$$Table$$Base                      0x08007850   Number         0  anon$$obj.o(Region$$Table)
    Region$$Table$$Limit                     0x080078a0   Number         0  anon$$obj.o(Region$$Table)
    Image$$ARM_LIB_STACK$$ZI$$Limit          0x20001000   Number         0  anon$$obj.o ABSOLUTE
    critical_section_start                   0x20001001   Thumb Code    36  cpu-at601x.o(.ram_region)
    critical_section_end                     0x20001025   Thumb Code    32  cpu-at601x.o(.ram_region)
    SystemCoreClock                          0x20001044   Data           4  system_cmsdk_cm0plus.o(.data.SystemCoreClock)
    __libspace_start                         0x20001088   Data          96  libspace.o(.bss)
    __stdout                                 0x200010e8   Data          84  retarget.o(.bss.__stdout)
    __temporary_stack_top$libspace           0x200010e8   Data           0  libspace.o(.bss)
    Image$$ARM_LIB_HEAP$$ZI$$Base            0x2000f000   Number         0  anon$$obj.o ABSOLUTE
    Image$$ARM_LIB_HEAP$$ZI$$Limit           0x20010000   Number         0  anon$$obj.o ABSOLUTE



==============================================================================

Memory Map of the image

  Image Entry point : 0x080001c1

  Load Region LR_IROM1 (Base: 0x08000100, Size: 0x00008180, Max: 0x0003cf00, ABSOLUTE, COMPRESSED[0x00007c74])

    Execution Region ER_IROM1 (Exec base: 0x08000100, Load base: 0x08000100, Size: 0x000077bc, Max: 0x0003cf00, ABSOLUTE)

    Exec Addr    Load Addr    Size         Type   Attr      Idx    E Section Name        Object

    0x08000100   0x08000100   0x000000c0   Data   RO            5    RESET               startup_cmsdk_cm0plus.o
    0x080001c0   0x080001c0   0x00000008   Code   RO         1084  * !!!main             c_p.l(__main.o)
    0x080001c8   0x080001c8   0x0000003c   Code   RO         1377    !!!scatter          c_p.l(__scatter.o)
    0x08000204   0x08000204   0x0000001a   Code   RO         1379    !!handler_copy      c_p.l(__scatter_copy.o)
    0x0800021e   0x0800021e   0x00000002   PAD
    0x08000220   0x08000220   0x0000001c   Code   RO         1381    !!handler_zi        c_p.l(__scatter_zi.o)
    0x0800023c   0x0800023c   0x00000002   Code   RO         1069    .ARM.Collect$$_printf_percent$$00000000  c_p.l(_printf_percent.o)
    0x0800023e   0x0800023e   0x0000000a   Code   RO         1068    .ARM.Collect$$_printf_percent$$00000003  c_p.l(_printf_f.o)
    0x08000248   0x08000248   0x0000000a   Code   RO         1067    .ARM.Collect$$_printf_percent$$00000009  c_p.l(_printf_d.o)
    0x08000252   0x08000252   0x0000000a   Code   RO         1066    .ARM.Collect$$_printf_percent$$00000014  c_p.l(_printf_s.o)
    0x0800025c   0x0800025c   0x00000004   Code   RO         1148    .ARM.Collect$$_printf_percent$$00000017  c_p.l(_printf_percent_end.o)
    0x08000260   0x08000260   0x00000002   Code   RO         1239    .ARM.Collect$$libinit$$00000000  c_p.l(libinit.o)
    0x08000262   0x08000262   0x00000000   Code   RO         1241    .ARM.Collect$$libinit$$00000002  c_p.l(libinit2.o)
    0x08000262   0x08000262   0x00000000   Code   RO         1243    .ARM.Collect$$libinit$$00000004  c_p.l(libinit2.o)
    0x08000262   0x08000262   0x00000000   Code   RO         1246    .ARM.Collect$$libinit$$0000000A  c_p.l(libinit2.o)
    0x08000262   0x08000262   0x00000000   Code   RO         1248    .ARM.Collect$$libinit$$0000000C  c_p.l(libinit2.o)
    0x08000262   0x08000262   0x00000000   Code   RO         1250    .ARM.Collect$$libinit$$0000000E  c_p.l(libinit2.o)
    0x08000262   0x08000262   0x00000006   Code   RO         1251    .ARM.Collect$$libinit$$0000000F  c_p.l(libinit2.o)
    0x08000268   0x08000268   0x00000000   Code   RO         1253    .ARM.Collect$$libinit$$00000011  c_p.l(libinit2.o)
    0x08000268   0x08000268   0x00000000   Code   RO         1255    .ARM.Collect$$libinit$$00000013  c_p.l(libinit2.o)
    0x08000268   0x08000268   0x00000000   Code   RO         1257    .ARM.Collect$$libinit$$00000015  c_p.l(libinit2.o)
    0x08000268   0x08000268   0x0000000a   Code   RO         1258    .ARM.Collect$$libinit$$00000016  c_p.l(libinit2.o)
    0x08000272   0x08000272   0x00000000   Code   RO         1259    .ARM.Collect$$libinit$$00000017  c_p.l(libinit2.o)
    0x08000272   0x08000272   0x00000000   Code   RO         1261    .ARM.Collect$$libinit$$00000019  c_p.l(libinit2.o)
    0x08000272   0x08000272   0x00000000   Code   RO         1263    .ARM.Collect$$libinit$$0000001B  c_p.l(libinit2.o)
    0x08000272   0x08000272   0x00000000   Code   RO         1265    .ARM.Collect$$libinit$$0000001D  c_p.l(libinit2.o)
    0x08000272   0x08000272   0x00000000   Code   RO         1267    .ARM.Collect$$libinit$$0000001F  c_p.l(libinit2.o)
    0x08000272   0x08000272   0x00000000   Code   RO         1269    .ARM.Collect$$libinit$$00000021  c_p.l(libinit2.o)
    0x08000272   0x08000272   0x00000000   Code   RO         1271    .ARM.Collect$$libinit$$00000023  c_p.l(libinit2.o)
    0x08000272   0x08000272   0x00000000   Code   RO         1273    .ARM.Collect$$libinit$$00000025  c_p.l(libinit2.o)
    0x08000272   0x08000272   0x00000000   Code   RO         1277    .ARM.Collect$$libinit$$0000002C  c_p.l(libinit2.o)
    0x08000272   0x08000272   0x00000000   Code   RO         1279    .ARM.Collect$$libinit$$0000002E  c_p.l(libinit2.o)
    0x08000272   0x08000272   0x00000000   Code   RO         1281    .ARM.Collect$$libinit$$00000030  c_p.l(libinit2.o)
    0x08000272   0x08000272   0x00000000   Code   RO         1283    .ARM.Collect$$libinit$$00000032  c_p.l(libinit2.o)
    0x08000272   0x08000272   0x00000002   Code   RO         1284    .ARM.Collect$$libinit$$00000033  c_p.l(libinit2.o)
    0x08000274   0x08000274   0x00000002   Code   RO         1339    .ARM.Collect$$libshutdown$$00000000  c_p.l(libshutdown.o)
    0x08000276   0x08000276   0x00000000   Code   RO         1358    .ARM.Collect$$libshutdown$$00000002  c_p.l(libshutdown2.o)
    0x08000276   0x08000276   0x00000000   Code   RO         1360    .ARM.Collect$$libshutdown$$00000004  c_p.l(libshutdown2.o)
    0x08000276   0x08000276   0x00000000   Code   RO         1363    .ARM.Collect$$libshutdown$$00000007  c_p.l(libshutdown2.o)
    0x08000276   0x08000276   0x00000000   Code   RO         1366    .ARM.Collect$$libshutdown$$0000000A  c_p.l(libshutdown2.o)
    0x08000276   0x08000276   0x00000000   Code   RO         1368    .ARM.Collect$$libshutdown$$0000000C  c_p.l(libshutdown2.o)
    0x08000276   0x08000276   0x00000000   Code   RO         1371    .ARM.Collect$$libshutdown$$0000000F  c_p.l(libshutdown2.o)
    0x08000276   0x08000276   0x00000002   Code   RO         1372    .ARM.Collect$$libshutdown$$00000010  c_p.l(libshutdown2.o)
    0x08000278   0x08000278   0x00000000   Code   RO         1127    .ARM.Collect$$rtentry$$00000000  c_p.l(__rtentry.o)
    0x08000278   0x08000278   0x00000000   Code   RO         1161    .ARM.Collect$$rtentry$$00000002  c_p.l(__rtentry2.o)
    0x08000278   0x08000278   0x00000004   Code   RO         1175    .ARM.Collect$$rtentry$$00000007  c_p.l(__rtentry7.o)
    0x0800027c   0x0800027c   0x00000000   Code   RO         1163    .ARM.Collect$$rtentry$$00000009  c_p.l(__rtentry2.o)
    0x0800027c   0x0800027c   0x00000004   Code   RO         1164    .ARM.Collect$$rtentry$$0000000A  c_p.l(__rtentry2.o)
    0x08000280   0x08000280   0x00000000   Code   RO         1166    .ARM.Collect$$rtentry$$0000000C  c_p.l(__rtentry2.o)
    0x08000280   0x08000280   0x00000008   Code   RO         1167    .ARM.Collect$$rtentry$$0000000D  c_p.l(__rtentry2.o)
    0x08000288   0x08000288   0x00000004   Code   RO         1176    .ARM.Collect$$rtentry$$00002718  c_p.l(__rtentry7.o)
    0x0800028c   0x0800028c   0x00000002   Code   RO         1290    .ARM.Collect$$rtexit$$00000000  c_p.l(rtexit.o)
    0x0800028e   0x0800028e   0x00000000   Code   RO         1311    .ARM.Collect$$rtexit$$00000002  c_p.l(rtexit2.o)
    0x0800028e   0x0800028e   0x00000004   Code   RO         1312    .ARM.Collect$$rtexit$$00000003  c_p.l(rtexit2.o)
    0x08000292   0x08000292   0x00000006   Code   RO         1313    .ARM.Collect$$rtexit$$00000004  c_p.l(rtexit2.o)
    0x08000298   0x08000298   0x00000038   Code   RO         1072    .emb_text           c_p.l(rt_memcpy.o)
    0x080002d0   0x080002d0   0x00000030   Code   RO            6    .text               startup_cmsdk_cm0plus.o
    0x08000300   0x08000300   0x00000070   Code   RO           12    .text               retarget.o
    0x08000370   0x08000370   0x0000045c   Code   RO           24    .text               range_fft_base_main.o
    0x080007cc   0x080007cc   0x00000044   Code   RO           42    .text               system_cmsdk_cm0plus.o
    0x08000810   0x08000810   0x00000194   Code   RO           52    .text               hal_clock.o
    0x080009a4   0x080009a4   0x0000027c   Code   RO           66    .text               hal_uart.o
    0x08000c20   0x08000c20   0x000004fc   Code   RO           77    .text               hal_fft.o
    0x0800111c   0x0800111c   0x00000048   Code   RO           88    .text               radar_cfg_hal.o
    0x08001164   0x08001164   0x0000034c   Code   RO           98    .text               hal_radar.o
    0x080014b0   0x080014b0   0x000001dc   Code   RO          108    .text               hal_timer.o
    0x0800168c   0x0800168c   0x00000180   Code   RO          118    .text               hal_dualtimer.o
    0x0800180c   0x0800180c   0x00000e36   Code   RO          127    .text               hal_dma.o
    0x08002642   0x08002642   0x00000002   PAD
    0x08002644   0x08002644   0x00000334   Code   RO          147    .text               at6010_uart.o
    0x08002978   0x08002978   0x000005a0   Code   RO          159    .text               at6010_clock.o
    0x08002f18   0x08002f18   0x00000064   Code   RO          169    .text               at6010_irq.o
    0x08002f7c   0x08002f7c   0x00000490   Code   RO          177    .text               at6010_gpio.o
    0x0800340c   0x0800340c   0x00000154   Code   RO          200    .text               at6010_timer.o
    0x08003560   0x08003560   0x00000138   Code   RO          210    .text               at6010_dualtimer.o
    0x08003698   0x08003698   0x0000010c   Code   RO          220    .text               output_config.o
    0x080037a4   0x080037a4   0x00000080   Code   RO          232    .text               frame_header.o
    0x08003824   0x08003824   0x00000002   Code   RO         1032    .text               c_p.l(use_no_semi_2.o)
    0x08003826   0x08003826   0x00000102   Code   RO         1034    .text               c_p.l(lludiv.o)
    0x08003928   0x08003928   0x0000001c   Code   RO         1038    .text               c_p.l(noretval__2printf.o)
    0x08003944   0x08003944   0x00000052   Code   RO         1042    .text               c_p.l(_printf_str.o)
    0x08003996   0x08003996   0x00000002   PAD
    0x08003998   0x08003998   0x0000006c   Code   RO         1044    .text               c_p.l(_printf_dec.o)
    0x08003a04   0x08003a04   0x0000010e   Code   RO         1054    .text               c_p.l(__printf_wp.o)
    0x08003b12   0x08003b12   0x00000002   PAD
    0x08003b14   0x08003b14   0x0000002c   Code   RO         1070    .text               c_p.l(puts.o)
    0x08003b40   0x08003b40   0x00000082   Code   RO         1073    .text               c_p.l(rt_memcpy.o)
    0x08003bc2   0x08003bc2   0x00000040   Code   RO         1076    .text               c_p.l(rt_memclr.o)
    0x08003c02   0x08003c02   0x0000015a   Code   RO         1078    .text               c_p.l(aeabi_sdiv.o)
    0x08003d5c   0x08003d5c   0x00000006   Code   RO         1082    .text               c_p.l(heapauxi.o)
    0x08003d62   0x08003d62   0x00000002   PAD
    0x08003d64   0x08003d64   0x00000358   Code   RO         1086    .text               fz_ps.l(daddsub.o)
    0x080040bc   0x080040bc   0x00000048   Code   RO         1100    .text               fz_ps.l(dfixui.o)
    0x08004104   0x08004104   0x00000058   Code   RO         1102    .text               fz_ps.l(dflti.o)
    0x0800415c   0x0800415c   0x00000248   Code   RO         1104    .text               fz_ps.l(dmul.o)
    0x080043a4   0x080043a4   0x00000054   Code   RO         1106    .text               fz_ps.l(f2d.o)
    0x080043f8   0x080043f8   0x00000160   Code   RO         1108    .text               fz_ps.l(fdiv.o)
    0x08004558   0x08004558   0x0000005e   Code   RO         1111    .text               fz_ps.l(fflti.o)
    0x080045b6   0x080045b6   0x00000002   Code   RO         1125    .text               c_p.l(use_no_semi.o)
    0x080045b8   0x080045b8   0x00000016   Code   RO         1136    .text               c_p.l(_rserrno.o)
    0x080045ce   0x080045ce   0x000000b0   Code   RO         1138    .text               c_p.l(_printf_intcommon.o)
    0x0800467e   0x0800467e   0x00000002   PAD
    0x08004680   0x08004680   0x00000414   Code   RO         1140    .text               c_p.l(_printf_fp_dec.o)
    0x08004a94   0x08004a94   0x0000002e   Code   RO         1144    .text               c_p.l(_printf_char.o)
    0x08004ac2   0x08004ac2   0x00000002   PAD
    0x08004ac4   0x08004ac4   0x00000028   Code   RO         1146    .text               c_p.l(_printf_char_file.o)
    0x08004aec   0x08004aec   0x00000028   Code   RO         1149    .text               c_p.l(rtudiv10.o)
    0x08004b14   0x08004b14   0x00000100   Code   RO         1157    .text               fz_ps.l(dsqrt.o)
    0x08004c14   0x08004c14   0x00000008   Code   RO         1185    .text               c_p.l(rt_locale_intlibspace.o)
    0x08004c1c   0x08004c1c   0x00000008   Code   RO         1190    .text               c_p.l(rt_errno_addr_intlibspace.o)
    0x08004c24   0x08004c24   0x0000007a   Code   RO         1192    .text               c_p.l(lludiv10.o)
    0x08004c9e   0x08004c9e   0x00000002   PAD
    0x08004ca0   0x08004ca0   0x00000030   Code   RO         1194    .text               c_p.l(_printf_char_common.o)
    0x08004cd0   0x08004cd0   0x00000088   Code   RO         1196    .text               c_p.l(_printf_fp_infnan.o)
    0x08004d58   0x08004d58   0x000000d8   Code   RO         1198    .text               c_p.l(bigflt0.o)
    0x08004e30   0x08004e30   0x00000580   Code   RO         1201    .text               c_p.l(btod.o)
    0x080053b0   0x080053b0   0x000000a0   Code   RO         1210    .text               fz_ps.l(dcmpin.o)
    0x08005450   0x08005450   0x00000010   Code   RO         1226    .text               c_p.l(exit.o)
    0x08005460   0x08005460   0x00000088   Code   RO         1232    .text               c_p.l(strcmp.o)
    0x080054e8   0x080054e8   0x0000002e   Code   RO         1285    .text               fz_ps.l(cmpret.o)
    0x08005516   0x08005516   0x00000002   PAD
    0x08005518   0x08005518   0x00000014   Code   RO         1287    .text               fz_ps.l(dnan2.o)
    0x0800552c   0x0800552c   0x0000005e   Code   RO         1308    .text               fz_ps.l(retnan.o)
    0x0800558a   0x0800558a   0x0000003a   Code   RO         1375    .text               c_p.l(__dczerorl.o)
    0x080055c4   0x080055c4   0x00000024   Code   RO          244    .text.cache_flush   lib_platform.lib(at6010_cache.o)
    0x080055e8   0x080055e8   0x0000002c   Code   RO          242    .text.cache_init    lib_platform.lib(at6010_cache.o)
    0x08005614   0x08005614   0x0000000c   Code   RO          749    .text.cfar_abs_threshold_cfg  lib_radar.lib(at6010_cfar.o)
    0x08005620   0x08005620   0x00000030   Code   RO          751    .text.cfar_det_bmap_addr_cfg  lib_radar.lib(at6010_cfar.o)
    0x08005650   0x08005650   0x00000010   Code   RO          741    .text.cfar_enable   lib_radar.lib(at6010_cfar.o)
    0x08005660   0x08005660   0x00000008   Code   RO          753    .text.cfar_irq_callback_set  lib_radar.lib(at6010_cfar.o)
    0x08005668   0x08005668   0x00000020   Code   RO          743    .text.cfar_irq_enable  lib_radar.lib(at6010_cfar.o)
    0x08005688   0x08005688   0x00000020   Code   RO          755    .text.cfar_isr      lib_radar.lib(at6010_cfar.o)
    0x080056a8   0x080056a8   0x0000003c   Code   RO          747    .text.cfar_range_dim_cfg  lib_radar.lib(at6010_cfar.o)
    0x080056e4   0x080056e4   0x00000034   Code   RO          745    .text.cfar_vel_dim_cfg  lib_radar.lib(at6010_cfar.o)
    0x08005718   0x08005718   0x00000018   Code   RO          273    .text.dma_clear_block_done_flag  lib_platform.lib(at6010_dma.o)
    0x08005730   0x08005730   0x00000014   Code   RO          479    .text.dma_clear_it_block  lib_platform.lib(at6010_dma.o)
    0x08005744   0x08005744   0x00000014   Code   RO          483    .text.dma_clear_it_dst_tran  lib_platform.lib(at6010_dma.o)
    0x08005758   0x08005758   0x00000014   Code   RO          485    .text.dma_clear_it_error  lib_platform.lib(at6010_dma.o)
    0x0800576c   0x0800576c   0x00000014   Code   RO          481    .text.dma_clear_it_src_tran  lib_platform.lib(at6010_dma.o)
    0x08005780   0x08005780   0x00000014   Code   RO          477    .text.dma_clear_it_tfr  lib_platform.lib(at6010_dma.o)
    0x08005794   0x08005794   0x00000014   Code   RO          509    .text.dma_disable_channel  lib_platform.lib(at6010_dma.o)
    0x080057a8   0x080057a8   0x00000014   Code   RO          455    .text.dma_disable_it_block  lib_platform.lib(at6010_dma.o)
    0x080057bc   0x080057bc   0x00000014   Code   RO          467    .text.dma_disable_it_dst_tran  lib_platform.lib(at6010_dma.o)
    0x080057d0   0x080057d0   0x00000014   Code   RO          473    .text.dma_disable_it_error  lib_platform.lib(at6010_dma.o)
    0x080057e4   0x080057e4   0x00000014   Code   RO          461    .text.dma_disable_it_src_tran  lib_platform.lib(at6010_dma.o)
    0x080057f8   0x080057f8   0x00000014   Code   RO          449    .text.dma_disable_it_tfr  lib_platform.lib(at6010_dma.o)
    0x0800580c   0x0800580c   0x00000018   Code   RO          507    .text.dma_enable_channel  lib_platform.lib(at6010_dma.o)
    0x08005824   0x08005824   0x00000016   Code   RO          501    .text.dma_enable_global  lib_platform.lib(at6010_dma.o)
    0x0800583a   0x0800583a   0x00000002   PAD
    0x0800583c   0x0800583c   0x00000018   Code   RO          453    .text.dma_enable_it_block  lib_platform.lib(at6010_dma.o)
    0x08005854   0x08005854   0x00000018   Code   RO          465    .text.dma_enable_it_dst_tran  lib_platform.lib(at6010_dma.o)
    0x0800586c   0x0800586c   0x00000018   Code   RO          471    .text.dma_enable_it_error  lib_platform.lib(at6010_dma.o)
    0x08005884   0x08005884   0x00000018   Code   RO          459    .text.dma_enable_it_src_tran  lib_platform.lib(at6010_dma.o)
    0x0800589c   0x0800589c   0x00000018   Code   RO          447    .text.dma_enable_it_tfr  lib_platform.lib(at6010_dma.o)
    0x080058b4   0x080058b4   0x00000018   Code   RO          427    .text.dma_get_raw_tfr  lib_platform.lib(at6010_dma.o)
    0x080058cc   0x080058cc   0x00000018   Code   RO          439    .text.dma_get_status_block  lib_platform.lib(at6010_dma.o)
    0x080058e4   0x080058e4   0x00000018   Code   RO          443    .text.dma_get_status_dst_tran  lib_platform.lib(at6010_dma.o)
    0x080058fc   0x080058fc   0x00000018   Code   RO          445    .text.dma_get_status_error  lib_platform.lib(at6010_dma.o)
    0x08005914   0x08005914   0x00000018   Code   RO          441    .text.dma_get_status_src_tran  lib_platform.lib(at6010_dma.o)
    0x0800592c   0x0800592c   0x00000018   Code   RO          437    .text.dma_get_status_tfr  lib_platform.lib(at6010_dma.o)
    0x08005944   0x08005944   0x00000018   Code   RO          511    .text.dma_is_active_channel  lib_platform.lib(at6010_dma.o)
    0x0800595c   0x0800595c   0x00000018   Code   RO          457    .text.dma_is_enabled_it_block  lib_platform.lib(at6010_dma.o)
    0x08005974   0x08005974   0x00000018   Code   RO          469    .text.dma_is_enabled_it_dst_tran  lib_platform.lib(at6010_dma.o)
    0x0800598c   0x0800598c   0x00000018   Code   RO          475    .text.dma_is_enabled_it_error  lib_platform.lib(at6010_dma.o)
    0x080059a4   0x080059a4   0x00000018   Code   RO          463    .text.dma_is_enabled_it_src_tran  lib_platform.lib(at6010_dma.o)
    0x080059bc   0x080059bc   0x0000001c   Code   RO          451    .text.dma_is_enabled_it_tfr  lib_platform.lib(at6010_dma.o)
    0x080059d8   0x080059d8   0x00000024   Code   RO          277    .text.dma_set_block_transfer_size  lib_platform.lib(at6010_dma.o)
    0x080059fc   0x080059fc   0x0000001c   Code   RO          423    .text.dma_set_channel_priority  lib_platform.lib(at6010_dma.o)
    0x08005a18   0x08005a18   0x00000020   Code   RO          419    .text.dma_set_channel_suspend  lib_platform.lib(at6010_dma.o)
    0x08005a38   0x08005a38   0x00000014   Code   RO          257    .text.dma_set_dst_addr  lib_platform.lib(at6010_dma.o)
    0x08005a4c   0x08005a4c   0x00000020   Code   RO          297    .text.dma_set_dst_addr_inc  lib_platform.lib(at6010_dma.o)
    0x08005a6c   0x08005a6c   0x00000024   Code   RO          289    .text.dma_set_dst_burst_length  lib_platform.lib(at6010_dma.o)
    0x08005a90   0x08005a90   0x00000020   Code   RO          369    .text.dma_set_dst_handshake_if  lib_platform.lib(at6010_dma.o)
    0x08005ab0   0x08005ab0   0x00000020   Code   RO          377    .text.dma_set_dst_handshake_polarity  lib_platform.lib(at6010_dma.o)
    0x08005ad0   0x08005ad0   0x00000020   Code   RO          361    .text.dma_set_dst_handshake_type  lib_platform.lib(at6010_dma.o)
    0x08005af0   0x08005af0   0x00000020   Code   RO          269    .text.dma_set_dst_linked_list_en  lib_platform.lib(at6010_dma.o)
    0x08005b10   0x08005b10   0x0000001c   Code   RO          393    .text.dma_set_dst_reload_en  lib_platform.lib(at6010_dma.o)
    0x08005b2c   0x08005b2c   0x0000001c   Code   RO          329    .text.dma_set_dst_scatter_cnt  lib_platform.lib(at6010_dma.o)
    0x08005b48   0x08005b48   0x00000020   Code   RO          325    .text.dma_set_dst_scatter_en  lib_platform.lib(at6010_dma.o)
    0x08005b68   0x08005b68   0x0000001c   Code   RO          333    .text.dma_set_dst_scatter_interval  lib_platform.lib(at6010_dma.o)
    0x08005b84   0x08005b84   0x00000014   Code   RO          351    .text.dma_set_dst_status_addr  lib_platform.lib(at6010_dma.o)
    0x08005b98   0x08005b98   0x0000001c   Code   RO          347    .text.dma_set_dst_status_update_en  lib_platform.lib(at6010_dma.o)
    0x08005bb4   0x08005bb4   0x0000001c   Code   RO          305    .text.dma_set_dst_tr_width  lib_platform.lib(at6010_dma.o)
    0x08005bd0   0x08005bd0   0x0000001c   Code   RO          385    .text.dma_set_fifo_mode  lib_platform.lib(at6010_dma.o)
    0x08005bec   0x08005bec   0x0000001c   Code   RO          389    .text.dma_set_flow_control_mode  lib_platform.lib(at6010_dma.o)
    0x08005c08   0x08005c08   0x00000020   Code   RO          281    .text.dma_set_flowctrl  lib_platform.lib(at6010_dma.o)
    0x08005c28   0x08005c28   0x0000001c   Code   RO          309    .text.dma_set_int_en  lib_platform.lib(at6010_dma.o)
    0x08005c44   0x08005c44   0x0000001c   Code   RO          261    .text.dma_set_linked_list_loc  lib_platform.lib(at6010_dma.o)
    0x08005c60   0x08005c60   0x00000020   Code   RO          401    .text.dma_set_lock_bus  lib_platform.lib(at6010_dma.o)
    0x08005c80   0x08005c80   0x00000020   Code   RO          409    .text.dma_set_lock_bus_level  lib_platform.lib(at6010_dma.o)
    0x08005ca0   0x08005ca0   0x00000020   Code   RO          405    .text.dma_set_lock_channel  lib_platform.lib(at6010_dma.o)
    0x08005cc0   0x08005cc0   0x00000020   Code   RO          413    .text.dma_set_lock_channel_level  lib_platform.lib(at6010_dma.o)
    0x08005ce0   0x08005ce0   0x0000001c   Code   RO          381    .text.dma_set_protection_control  lib_platform.lib(at6010_dma.o)
    0x08005cfc   0x08005cfc   0x00000014   Code   RO          253    .text.dma_set_src_addr  lib_platform.lib(at6010_dma.o)
    0x08005d10   0x08005d10   0x00000020   Code   RO          293    .text.dma_set_src_addr_inc  lib_platform.lib(at6010_dma.o)
    0x08005d30   0x08005d30   0x00000024   Code   RO          285    .text.dma_set_src_burst_length  lib_platform.lib(at6010_dma.o)
    0x08005d54   0x08005d54   0x00000020   Code   RO          317    .text.dma_set_src_gather_cnt  lib_platform.lib(at6010_dma.o)
    0x08005d74   0x08005d74   0x00000024   Code   RO          313    .text.dma_set_src_gather_en  lib_platform.lib(at6010_dma.o)
    0x08005d98   0x08005d98   0x00000028   Code   RO          321    .text.dma_set_src_gather_interval  lib_platform.lib(at6010_dma.o)
    0x08005dc0   0x08005dc0   0x00000024   Code   RO          365    .text.dma_set_src_handshake_if  lib_platform.lib(at6010_dma.o)
    0x08005de4   0x08005de4   0x00000024   Code   RO          373    .text.dma_set_src_handshake_polarity  lib_platform.lib(at6010_dma.o)
    0x08005e08   0x08005e08   0x00000024   Code   RO          357    .text.dma_set_src_handshake_type  lib_platform.lib(at6010_dma.o)
    0x08005e2c   0x08005e2c   0x00000024   Code   RO          265    .text.dma_set_src_linked_list_en  lib_platform.lib(at6010_dma.o)
    0x08005e50   0x08005e50   0x00000020   Code   RO          397    .text.dma_set_src_realod_en  lib_platform.lib(at6010_dma.o)
    0x08005e70   0x08005e70   0x00000018   Code   RO          341    .text.dma_set_src_status_addr  lib_platform.lib(at6010_dma.o)
    0x08005e88   0x08005e88   0x00000020   Code   RO          337    .text.dma_set_src_status_update_en  lib_platform.lib(at6010_dma.o)
    0x08005ea8   0x08005ea8   0x00000020   Code   RO          301    .text.dma_set_src_tr_width  lib_platform.lib(at6010_dma.o)
    0x08005ec8   0x08005ec8   0x00000074   Code   RO          796    .text.fft_adc_1d_fft_cfg  lib_radar.lib(at6010_fft.o)
    0x08005f3c   0x08005f3c   0x00000010   Code   RO          794    .text.fft_adc_1d_fft_enable  lib_radar.lib(at6010_fft.o)
    0x08005f4c   0x08005f4c   0x00000094   Code   RO          800    .text.fft_adc_2d_fft_cfg  lib_radar.lib(at6010_fft.o)
    0x08005fe0   0x08005fe0   0x00000014   Code   RO          798    .text.fft_adc_2d_fft_enable  lib_radar.lib(at6010_fft.o)
    0x08005ff4   0x08005ff4   0x00000024   Code   RO          792    .text.fft_adc_fft_addr_set  lib_radar.lib(at6010_fft.o)
    0x08006018   0x08006018   0x0000001c   Code   RO          790    .text.fft_adc_rdat_addr_set  lib_radar.lib(at6010_fft.o)
    0x08006034   0x08006034   0x00000054   Code   RO          788    .text.fft_adc_rdat_cfg  lib_radar.lib(at6010_fft.o)
    0x08006088   0x08006088   0x00000014   Code   RO          786    .text.fft_adc_rdat_enable  lib_radar.lib(at6010_fft.o)
    0x0800609c   0x0800609c   0x00000038   Code   RO          778    .text.fft_adc_win_cfg  lib_radar.lib(at6010_fft.o)
    0x080060d4   0x080060d4   0x00000030   Code   RO          776    .text.fft_adc_win_enable  lib_radar.lib(at6010_fft.o)
    0x08006104   0x08006104   0x00000014   Code   RO          780    .text.fft_dc_cut_enable  lib_radar.lib(at6010_fft.o)
    0x08006118   0x08006118   0x00000034   Code   RO          770    .text.fft_dev_deinit  lib_radar.lib(at6010_fft.o)
    0x0800614c   0x0800614c   0x00000038   Code   RO          766    .text.fft_dev_init  lib_radar.lib(at6010_fft.o)
    0x08006184   0x08006184   0x00000014   Code   RO          782    .text.fft_input_data_type_set  lib_radar.lib(at6010_fft.o)
    0x08006198   0x08006198   0x00000008   Code   RO          784    .text.fft_irq_callback_set  lib_radar.lib(at6010_fft.o)
    0x080061a0   0x080061a0   0x00000064   Code   RO          768    .text.fft_irq_enable  lib_radar.lib(at6010_fft.o)
    0x08006204   0x08006204   0x00000038   Code   RO          806    .text.fft_isr       lib_radar.lib(at6010_fft.o)
    0x0800623c   0x0800623c   0x00000070   Code   RO          802    .text.fft_user_fft_cfg  lib_radar.lib(at6010_fft.o)
    0x080062ac   0x080062ac   0x00000014   Code   RO          804    .text.fft_user_fft_start  lib_radar.lib(at6010_fft.o)
    0x080062c0   0x080062c0   0x00000024   Code   RO          774    .text.fft_user_win_cfg  lib_radar.lib(at6010_fft.o)
    0x080062e4   0x080062e4   0x0000001c   Code   RO          772    .text.fft_user_win_enable  lib_radar.lib(at6010_fft.o)
    0x08006300   0x08006300   0x0000006c   Code   RO          859    .text.fmcw_afc_freq_set  lib_radar.lib(at6010_radar.o)
    0x0800636c   0x0800636c   0x00000044   Code   RO          985    .text.pmu_clk_dcdc_set  lib_platform.lib(at6010_pmu.o)
    0x080063b0   0x080063b0   0x00000010   Code   RO          977    .text.pmu_por_osc_disable  lib_platform.lib(at6010_pmu.o)
    0x080063c0   0x080063c0   0x00000010   Code   RO          979    .text.pmu_rf_pwr_on  lib_platform.lib(at6010_pmu.o)
    0x080063d0   0x080063d0   0x00000018   Code   RO         1021    .text.pmu_set_dig_vcore  lib_platform.lib(at6010_pmu.o)
    0x080063e8   0x080063e8   0x00000008   Code   RO          865    .text.radar_ant_rx_num_get  lib_radar.lib(at6010_radar.o)
    0x080063f0   0x080063f0   0x0000000c   Code   RO          867    .text.radar_ant_rx_num_set  lib_radar.lib(at6010_radar.o)
    0x080063fc   0x080063fc   0x00000018   Code   RO          853    .text.radar_burst_init  lib_radar.lib(at6010_radar.o)
    0x08006414   0x08006414   0x0000013c   Code   RO          935    .text.radar_chirp_profile_config  lib_radar.lib(at6010_radar_frame.o)
    0x08006550   0x08006550   0x000000ec   Code   RO          847    .text.radar_deinit  lib_radar.lib(at6010_radar.o)
    0x0800663c   0x0800663c   0x00000018   Code   RO          951    .text.radar_faston_time_set  lib_radar.lib(at6010_radar_frame.o)
    0x08006654   0x08006654   0x00000078   Code   RO          907    .text.radar_filter_cfg  lib_radar.lib(at6010_radar_adc.o)
    0x080066cc   0x080066cc   0x0000002c   Code   RO          915    .text.radar_filter_dma_cfg  lib_radar.lib(at6010_radar_adc.o)
    0x080066f8   0x080066f8   0x00000070   Code   RO          941    .text.radar_frame_config  lib_radar.lib(at6010_radar_frame.o)
    0x08006768   0x08006768   0x00000014   Code   RO          953    .text.radar_frame_interval_get  lib_radar.lib(at6010_radar_frame.o)
    0x0800677c   0x0800677c   0x0000001c   Code   RO          955    .text.radar_frame_interval_set  lib_radar.lib(at6010_radar_frame.o)
    0x08006798   0x08006798   0x0000000c   Code   RO          959    .text.radar_frame_repeat_times_get  lib_radar.lib(at6010_radar_frame.o)
    0x080067a4   0x080067a4   0x0000001c   Code   RO          957    .text.radar_frame_repeat_times_set  lib_radar.lib(at6010_radar_frame.o)
    0x080067c0   0x080067c0   0x0000000c   Code   RO          947    .text.radar_frame_start  lib_radar.lib(at6010_radar_frame.o)
    0x080067cc   0x080067cc   0x0000000c   Code   RO          949    .text.radar_frame_stop  lib_radar.lib(at6010_radar_frame.o)
    0x080067d8   0x080067d8   0x00000018   Code   RO          945    .text.radar_frame_trigger_mode_set  lib_radar.lib(at6010_radar_frame.o)
    0x080067f0   0x080067f0   0x000003a8   Code   RO          851    .text.radar_init    lib_radar.lib(at6010_radar.o)
    0x08006b98   0x08006b98   0x00000038   Code   RO          821    .text.radar_isr     lib_radar.lib(at6010_radar.o)
    0x08006bd0   0x08006bd0   0x0000001c   Code   RO          825    .text.radar_lp_enter  lib_radar.lib(at6010_radar.o)
    0x08006bec   0x08006bec   0x00000014   Code   RO          827    .text.radar_lp_exit  lib_radar.lib(at6010_radar.o)
    0x08006c00   0x08006c00   0x00000024   Code   RO          823    .text.radar_lp_init  lib_radar.lib(at6010_radar.o)
    0x08006c24   0x08006c24   0x00000014   Code   RO          833    .text.radar_lp_pause  lib_radar.lib(at6010_radar.o)
    0x08006c38   0x08006c38   0x00000038   Code   RO          829    .text.radar_lp_resume  lib_radar.lib(at6010_radar.o)
    0x08006c70   0x08006c70   0x0000000c   Code   RO          831    .text.radar_lp_timer_get  lib_radar.lib(at6010_radar.o)
    0x08006c7c   0x08006c7c   0x0000000c   Code   RO          873    .text.radar_param_hpf1_freq_get  lib_radar.lib(at6010_radar.o)
    0x08006c88   0x08006c88   0x00000024   Code   RO          875    .text.radar_param_hpf1_freq_set  lib_radar.lib(at6010_radar.o)
    0x08006cac   0x08006cac   0x0000000c   Code   RO          869    .text.radar_param_hpf1_gain_get  lib_radar.lib(at6010_radar.o)
    0x08006cb8   0x08006cb8   0x00000028   Code   RO          871    .text.radar_param_hpf1_gain_set  lib_radar.lib(at6010_radar.o)
    0x08006ce0   0x08006ce0   0x0000000c   Code   RO          881    .text.radar_param_hpf2_freq_get  lib_radar.lib(at6010_radar.o)
    0x08006cec   0x08006cec   0x00000024   Code   RO          883    .text.radar_param_hpf2_freq_set  lib_radar.lib(at6010_radar.o)
    0x08006d10   0x08006d10   0x0000000c   Code   RO          877    .text.radar_param_hpf2_gain_get  lib_radar.lib(at6010_radar.o)
    0x08006d1c   0x08006d1c   0x00000028   Code   RO          879    .text.radar_param_hpf2_gain_set  lib_radar.lib(at6010_radar.o)
    0x08006d44   0x08006d44   0x0000000c   Code   RO          889    .text.radar_param_lpf_freq_get  lib_radar.lib(at6010_radar.o)
    0x08006d50   0x08006d50   0x00000028   Code   RO          891    .text.radar_param_lpf_freq_set  lib_radar.lib(at6010_radar.o)
    0x08006d78   0x08006d78   0x0000000c   Code   RO          885    .text.radar_param_lpf_gain_get  lib_radar.lib(at6010_radar.o)
    0x08006d84   0x08006d84   0x0000002c   Code   RO          887    .text.radar_param_lpf_gain_set  lib_radar.lib(at6010_radar.o)
    0x08006db0   0x08006db0   0x000001d8   Code   RO          843    .text.radar_rf_init  lib_radar.lib(at6010_radar.o)
    0x08006f88   0x08006f88   0x00000010   Code   RO          845    .text.radar_rf_pwr_off  lib_radar.lib(at6010_radar.o)
    0x08006f98   0x08006f98   0x00000010   Code   RO          841    .text.radar_rf_pwr_on  lib_radar.lib(at6010_radar.o)
    0x08006fa8   0x08006fa8   0x0000005c   Code   RO          855    .text.radar_rx_pf_cfg  lib_radar.lib(at6010_radar.o)
    0x08007004   0x08007004   0x00000080   Code   RO          939    .text.radar_subframe_profile_config  lib_radar.lib(at6010_radar_frame.o)
    0x08007084   0x08007084   0x00000020   Code   RO          937    .text.radar_tx_profile_config  lib_radar.lib(at6010_radar_frame.o)
    0x080070a4   0x080070a4   0x00000008   Code   RO          839    .text.radar_ulp_deinit  lib_radar.lib(at6010_radar.o)
    0x080070ac   0x080070ac   0x00000010   Code   RO          837    .text.radar_ulp_enter  lib_radar.lib(at6010_radar.o)
    0x080070bc   0x080070bc   0x00000010   Code   RO          835    .text.radar_ulp_init  lib_radar.lib(at6010_radar.o)
    0x080070cc   0x080070cc   0x0000000c   Ven    RO         1383    Veneer$$Code        anon$$obj.o
    0x080070d8   0x080070d8   0x0000000c   Ven    RO         1384    Veneer$$Code        anon$$obj.o
    0x080070e4   0x080070e4   0x00000030   Code   RO         1203    i.__ARM_common_ll_muluu  c_p.l(btod.o)
    0x08007114   0x08007114   0x0000002c   Code   RO         1214    i.__ARM_fpclassify  m_ps.l(fpclassify.o)
    0x08007140   0x08007140   0x00000016   Code   RO         1090    i._dgr              fz_ps.l(dcmp.o)
    0x08007156   0x08007156   0x0000001a   Code   RO         1091    i._dleq             fz_ps.l(dcmp.o)
    0x08007170   0x08007170   0x00000016   Code   RO         1092    i._dls              fz_ps.l(dcmp.o)
    0x08007186   0x08007186   0x0000000e   Code   RO         1056    i._is_digit         c_p.l(__printf_wp.o)
    0x08007194   0x08007194   0x00000048   Code   RO         1118    i.sqrt              m_ps.l(sqrt.o)
    0x080071dc   0x080071dc   0x0000002c   Code   RO         1208    locale$$code        c_p.l(lc_numeric_c.o)
    0x08007208   0x08007208   0x00000064   Code   RO         1153    x$fpl$dgeqf         fz_ps.l(dgef.o)
    0x0800726c   0x0800726c   0x00000064   Code   RO         1155    x$fpl$dleqf         fz_ps.l(dlef.o)
    0x080072d0   0x080072d0   0x000000b0   Code   RO         1113    x$fpl$fmul          fz_ps.l(fmul.o)
    0x08007380   0x08007380   0x00000010   Code   RO         1115    x$fpl$printf1       fz_ps.l(printf1.o)
    0x08007390   0x08007390   0x00000000   Code   RO         1159    x$fpl$usenofp       fz_ps.l(usenofp.o)
    0x08007390   0x08007390   0x00000040   Data   RO         1109    .constdata          fz_ps.l(fdiv.o)
    0x080073d0   0x080073d0   0x00000094   Data   RO         1199    .constdata          c_p.l(bigflt0.o)
    0x08007464   0x08007464   0x00000004   PAD
    0x08007468   0x08007468   0x00000008   Data   RO           32    .rodata..L__const.adc_fft_win_cfg.win_cfg  range_fft_base_main.o
    0x08007470   0x08007470   0x00000144   Data   RO           90    .rodata..L__const.radar_fmcw_cfg.profile  radar_cfg_hal.o
    0x080075b4   0x080075b4   0x00000004   Data   RO          516    .rodata.cst4        lib_platform.lib(at6010_dma.o)
    0x080075b8   0x080075b8   0x00000008   Data   RO          515    .rodata.cst8        lib_platform.lib(at6010_dma.o)
    0x080075c0   0x080075c0   0x00000008   Data   RO          897    .rodata.cst8        lib_radar.lib(at6010_radar.o)
    0x080075c8   0x080075c8   0x0000000c   Data   RO          149    .rodata.m_uart_hwd  at6010_uart.o
    0x080075d4   0x080075d4   0x00000048   Data   RO          100    .rodata.radar_param_func  hal_radar.o
    0x0800761c   0x0800761c   0x0000007c   Data   RO           30    .rodata.str1.1      range_fft_base_main.o
    0x08007698   0x08007698   0x000001b7   Data   RO          129    .rodata.str1.1      hal_dma.o
    0x0800784f   0x0800784f   0x00000001   PAD
    0x08007850   0x08007850   0x00000050   Data   RO         1374    Region$$Table       anon$$obj.o
    0x080078a0   0x080078a0   0x0000001c   Data   RO         1207    locale$$data        c_p.l(lc_numeric_c.o)


    Execution Region ARM_LIB_STACK (Exec base: 0x20000000, Load base: 0x080078c0, Size: 0x00001000, Max: 0x00001000, ABSOLUTE)

    Exec Addr    Load Addr    Size         Type   Attr      Idx    E Section Name        Object

    0x20000000        -       0x00001000   Zero   RW            1    ARM_LIB_STACK.bss   anon$$obj.o


    Execution Region RW_RAM (Exec base: 0x20001000, Load base: 0x080078c0, Size: 0x000002f0, Max: 0xffffffff, ABSOLUTE)

    Exec Addr    Load Addr    Size         Type   Attr      Idx    E Section Name        Object

    0x20001000   0x080078c0   0x00000044   Code   RO          189    .ram_region         cpu-at601x.o
    0x20001044   0x08007904   0x00000004   Data   RW           45    .data.SystemCoreClock  system_cmsdk_cm0plus.o
    0x20001048   0x08007908   0x00000004   Data   RW           56    .data.m_clk_inst.0.0  hal_clock.o
    0x2000104c   0x0800790c   0x00000004   Data   RW           57    .data.m_clk_inst.0.1  hal_clock.o
    0x20001050   0x08007910   0x00000010   Data   RW          212    .data.m_dualtimer_dev  at6010_dualtimer.o
    0x20001060   0x08007920   0x00000001   Data   RW          894    .data.m_lp_timer_id  lib_radar.lib(at6010_radar.o)
    0x20001061   0x08007921   0x00000003   PAD
    0x20001064   0x08007924   0x00000020   Data   RW          202    .data.m_timer_dev   at6010_timer.o
    0x20001084   0x08007944   0x00000004   PAD
    0x20001088        -       0x00000060   Zero   RW         1217    .bss                c_p.l(libspace.o)
    0x200010e8        -       0x00000054   Zero   RW           14    .bss.__stdout       retarget.o
    0x2000113c        -       0x00000070   Zero   RW           79    .bss._fft_handle    hal_fft.o
    0x200011ac        -       0x00000004   Zero   RW          191    .bss._irqs_disabled_counter  cpu-at601x.o
    0x200011b0        -       0x00000004   Zero   RW          192    .bss._irqs_disabled_flag  cpu-at601x.o
    0x200011b4        -       0x00000004   Zero   RW          757    .bss.cfar_dev_irq_cb  lib_radar.lib(at6010_cfar.o)
    0x200011b8        -       0x00000004   Zero   RW          808    .bss.fft_dev_irq_cb  lib_radar.lib(at6010_fft.o)
    0x200011bc        -       0x00000004   Zero   RW           29    .bss.fifo_state     range_fft_base_main.o
    0x200011c0        -       0x00000064   Zero   RW          222    .bss.hdmax          output_config.o
    0x20001224        -       0x00000001   Zero   RW           54    .bss.m_clk_inst.1   hal_clock.o
    0x20001225   0x08007944   0x00000003   PAD
    0x20001228        -       0x00000001   Zero   RW           55    .bss.m_clk_inst.2   hal_clock.o
    0x20001229   0x08007944   0x00000003   PAD
    0x2000122c        -       0x00000004   Zero   RW          161    .bss.m_clk_mcu      at6010_clock.o
    0x20001230        -       0x00000040   Zero   RW          179    .bss.m_gpio_hdl     at6010_gpio.o
    0x20001270        -       0x00000001   Zero   RW          895    .bss.m_lp_timer_en  lib_radar.lib(at6010_radar.o)
    0x20001271   0x08007944   0x00000003   PAD
    0x20001274        -       0x00000004   Zero   RW          893    .bss.m_radar_cb     lib_radar.lib(at6010_radar.o)
    0x20001278        -       0x00000001   Zero   RW          896    .bss.m_rx_num       lib_radar.lib(at6010_radar.o)
    0x20001279        -       0x0000000c   Zero   RW          110    .bss.m_timer_cfg    hal_timer.o
    0x20001285   0x08007944   0x00000003   PAD
    0x20001288        -       0x00000048   Zero   RW          150    .bss.m_uart_hdl     at6010_uart.o
    0x200012d0        -       0x00000003   Zero   RW           68    .bss.m_uart_state   hal_uart.o
    0x200012d3        -       0x00000001   Zero   RW          898    .bss.m_vco_cap      lib_radar.lib(at6010_radar.o)
    0x200012d4        -       0x00000004   Zero   RW           28    .bss.range_fft_buffer  range_fft_base_main.o
    0x200012d8        -       0x00000018   Zero   RW          223    .bss.uart_handle    output_config.o
    0x200012f0        -       0x00000000   Zero   RW            4    HEAP                startup_cmsdk_cm0plus.o
    0x200012f0        -       0x00000000   Zero   RW            3    STACK               startup_cmsdk_cm0plus.o


    Execution Region ARM_LIB_HEAP (Exec base: 0x2000f000, Load base: 0x08007948, Size: 0x00001000, Max: 0x00001000, ABSOLUTE)

    Exec Addr    Load Addr    Size         Type   Attr      Idx    E Section Name        Object

    0x2000f000        -       0x00001000   Zero   RW            2    ARM_LIB_HEAP.bss    anon$$obj.o


    Execution Region RADAR_RAM (Exec base: 0x20010000, Load base: 0x08007960, Size: 0x00000518, Max: 0xffffffff, ABSOLUTE, COMPRESSED[0x0000000c])

    Exec Addr    Load Addr    Size         Type   Attr      Idx    E Section Name        Object

    0x20010000   COMPRESSED   0x00000518   Data   RW           27    .radar_mem          range_fft_base_main.o


    Execution Region FFT_WIN_RAM (Exec base: 0x40011000, Load base: 0x08007974, Size: 0x00000400, Max: 0x00001000, ABSOLUTE)

    Exec Addr    Load Addr    Size         Type   Attr      Idx    E Section Name        Object

    0x40011000   COMPRESSED   0x00000400   Data   RW           31    .fft_win_mem        range_fft_base_main.o


==============================================================================

Image component sizes


      Code (inc. data)   RO Data    RW Data    ZI Data      Debug   Object Name

      1440        232          0          0          4       7991   at6010_clock.o
       312         44          0         16          0       3912   at6010_dualtimer.o
      1168        134          0          0         64      17205   at6010_gpio.o
       100          0          0          0          0       2199   at6010_irq.o
       340         64          0         32          0       5390   at6010_timer.o
       820        194         12          0         72      10007   at6010_uart.o
        68         16          0          0          8       1162   cpu-at601x.o
       128         28          0          0          0       2208   frame_header.o
       404         84          0          8          2       3676   hal_clock.o
      3638        322        439          0          0      10114   hal_dma.o
       384         32          0          0          0       5407   hal_dualtimer.o
      1276         52          0          0        112       9374   hal_fft.o
       844         40         72          0          0       9711   hal_radar.o
       476         62          0          0         12       3898   hal_timer.o
       636         56          0          0          3      12191   hal_uart.o
       268         36          0          0        124       6351   output_config.o
        72         32        324          0          0       2220   radar_cfg_hal.o
      1116        120        132       2328          8       9468   range_fft_base_main.o
       112          0          0          0         84       3287   retarget.o
        48         18        192          0          0        712   startup_cmsdk_cm0plus.o
        68         24          0          4          0       2655   system_cmsdk_cm0plus.o

    ----------------------------------------------------------------------
     13744       1598       1252       2388       8698     129138   Object Totals
        24          8         80          0       8192          0   (incl. Generated)
         2          0          1          0         13          0   (incl. Padding)

    ----------------------------------------------------------------------

      Code (inc. data)   RO Data    RW Data    ZI Data      Debug   Library Member Name

        58          0          0          0          0          0   __dczerorl.o
         8          0          0          0          0         68   __main.o
       284          0          0          0          0        136   __printf_wp.o
         0          0          0          0          0          0   __rtentry.o
        12          0          0          0          0          0   __rtentry2.o
         8          4          0          0          0          0   __rtentry7.o
        60          8          0          0          0          0   __scatter.o
        26          0          0          0          0          0   __scatter_copy.o
        28          0          0          0          0          0   __scatter_zi.o
        46          0          0          0          0        100   _printf_char.o
        48          6          0          0          0         88   _printf_char_common.o
        40          6          0          0          0         72   _printf_char_file.o
        10          0          0          0          0          0   _printf_d.o
       108         18          0          0          0         76   _printf_dec.o
        10          0          0          0          0          0   _printf_f.o
      1044         12          0          0          0        116   _printf_fp_dec.o
       136         16          0          0          0         76   _printf_fp_infnan.o
       176          0          0          0          0         84   _printf_intcommon.o
         2          0          0          0          0          0   _printf_percent.o
         4          0          0          0          0          0   _printf_percent_end.o
        10          0          0          0          0          0   _printf_s.o
        82          0          0          0          0         72   _printf_str.o
        22          0          0          0          0         92   _rserrno.o
       346          0          0          0          0         92   aeabi_sdiv.o
       216          6        148          0          0         80   bigflt0.o
      1456         30          0          0          0        336   btod.o
        16          0          0          0          0         68   exit.o
         6          0          0          0          0        136   heapauxi.o
        44         10         28          0          0         76   lc_numeric_c.o
         2          0          0          0          0          0   libinit.o
        18          0          0          0          0          0   libinit2.o
         2          0          0          0          0          0   libshutdown.o
         2          0          0          0          0          0   libshutdown2.o
         0          0          0          0         96          0   libspace.o
       258          0          0          0          0         88   lludiv.o
       122          0          0          0          0         72   lludiv10.o
        28          6          0          0          0         84   noretval__2printf.o
        44          6          0          0          0         68   puts.o
         8          4          0          0          0         68   rt_errno_addr_intlibspace.o
         8          4          0          0          0         68   rt_locale_intlibspace.o
        64          0          0          0          0        108   rt_memclr.o
       186          0          0          0          0        144   rt_memcpy.o
         2          0          0          0          0          0   rtexit.o
        10          0          0          0          0          0   rtexit2.o
        40          0          0          0          0         60   rtudiv10.o
       136          4          0          0          0         72   strcmp.o
         2          0          0          0          0         68   use_no_semi.o
         2          0          0          0          0         68   use_no_semi_2.o
        46          0          0          0          0         60   cmpret.o
       856         20          0          0          0        208   daddsub.o
        70          0          0          0          0        204   dcmp.o
       160          6          0          0          0         76   dcmpin.o
        72          4          0          0          0         68   dfixui.o
        88          0          0          0          0         92   dflti.o
       100          4          0          0          0         92   dgef.o
       100          4          0          0          0         92   dlef.o
       584         26          0          0          0         84   dmul.o
        20          6          0          0          0         68   dnan2.o
       256          8          0          0          0         76   dsqrt.o
        84          4          0          0          0         60   f2d.o
       352         10         64          0          0         92   fdiv.o
        94          0          0          0          0         92   fflti.o
       176          4          0          0          0         80   fmul.o
        16          4          0          0          0         76   printf1.o
        94          0          0          0          0         68   retnan.o
         0          0          0          0          0          0   usenofp.o
        80         20          0          0          0       1135   at6010_cache.o
      1966         68         12          0          0      35462   at6010_dma.o
       124         16          0          0          0       7996   at6010_pmu.o
       260         36          0          0          4       4975   at6010_cfar.o
      1080        116          0          0          4       8988   at6010_fft.o
      2496        152          8          1          7      16273   at6010_radar.o
       164          8          0          0          0       6773   at6010_radar_adc.o
       748         48          0          0          0       7917   at6010_radar_frame.o
        44          4          0          0          0         60   fpclassify.o
        72          6          0          0          0         76   sqrt.o

    ----------------------------------------------------------------------
     15460        714        264          4        114      93979   Library Totals
        18          0          4          3          3          0   (incl. Padding)

    ----------------------------------------------------------------------

      Code (inc. data)   RO Data    RW Data    ZI Data      Debug   Library Name

      5240        140        176          0         96       2736   c_p.l
      3168        100         64          0          0       1588   fz_ps.l
      2170        104         12          0          0      44593   lib_platform.lib
      4748        360          8          1         15      44926   lib_radar.lib
       116         10          0          0          0        136   m_ps.l

    ----------------------------------------------------------------------
     15460        714        264          4        114      93979   Library Totals

    ----------------------------------------------------------------------

==============================================================================


      Code (inc. data)   RO Data    RW Data    ZI Data      Debug   

     29204       2312       1516       2392       8812     220565   Grand Totals
     29204       2312       1516       1100       8812     220565   ELF Image Totals (compressed)
     29204       2312       1516       1100          0          0   ROM Totals

==============================================================================

    Total RO  Size (Code + RO Data)                30720 (  30.00kB)
    Total RW  Size (RW Data + ZI Data)             11204 (  10.94kB)
    Total ROM Size (Code + RO Data + RW Data)      31820 (  31.07kB)

==============================================================================

