<html>
<body>
<pre>
<h1>µVision Build Log</h1>
<h2>Tool Versions:</h2>
IDE-Version: ¦ÌVision V5.28.0.0
Copyright (C) 2019 ARM Ltd and ARM Germany GmbH. All rights reserved.
License Information: 1 1, 1, LIC=BL201-CLUID-ZDSK6-D80ET-QS643-3PYMB
 
Tool Versions:
Toolchain:       MDK-ARM Professional  Version: 5.28.0.0
Toolchain Path:  D:\keil5\KEIL5\ARM\ARMCLANG\Bin
C Compiler:      ArmClang.exe V6.12
Assembler:       Armasm.exe V6.12
Linker/Locator:  ArmLink.exe V6.12
Library Manager: ArmAr.exe V6.12
Hex Converter:   FromElf.exe V6.12
CPU DLL:         SARMCM3.DLL V5.28.0.0
Dialog DLL:      DARMCM1.DLL V1.19.2.0
Target DLL:      Segger\JL2CM3.dll V2.99.36.0
Dialog DLL:      TARMCM1.DLL V1.14.1.0
 
<h2>Project:</h2>
D:\RadarProject\at6010_sdk_v0.4.2_beta_20240802_20250318\examples\dpu\range_fft\range_fft_base\mdk\range_fft_base.uvprojx
Project File Date:  05/29/2025

<h2>Output:</h2>
*** Using Compiler 'V6.12', folder: 'D:\keil5\KEIL5\ARM\ARMCLANG\Bin'
Build target 'BW_5G'
../src/range_fft_base_main.c(196): warning: excess elements in array initializer
-228, 844, -219, 819, -383, -1318, -398, -1254, 644, 253, 684, 227, 152, 397, 153, 371, -665, -194, -720, -193, 447, 369, 466, 414, 95, -269, 160, -339, -454, -206, -543, -183, 128, 253, 163, 294, 7, -528, 2, -577, 256, 588, 256, 595, -165, 131, -161, 165, -89, -647, -101, -636, 197, 368, 240, 260, 59, -20, 36, 70, -488, 182, -466, 196, 
^~~~
1 warning generated.
compiling range_fft_base_main.c...
linking...
Program Size: Code=28772 RO-data=1484 RW-data=2392 ZI-data=8812  
FromELF: creating hex file...
After Build - User command #1: D:\keil5\KEIL5\\ARM\ARMCLANG\BIN\fromelf.exe D:\RadarProject\at6010_sdk_v0.4.2_beta_20240802_20250318\examples\dpu\range_fft\range_fft_base\mdk\out\range_fft_base.axf --vhx --8x1 --output radar_test.hex --bin --output out\radar_test.bin
After Build - User command #2: D:\keil5\KEIL5\\ARM\ARMCLANG\BIN\fromelf.exe D:\RadarProject\at6010_sdk_v0.4.2_beta_20240802_20250318\examples\dpu\range_fft\range_fft_base\mdk\out\range_fft_base.axf --text -a -c --output out\radar_test.txt
".\out\range_fft_base.axf" - 0 Error(s), 1 Warning(s).

<h2>Software Packages used:</h2>

Package Vendor: Airtouch
                
                Airtouch.AT60xx.0.1.0
                AT60xx Arm Cortex-M0+ Device Family Pack

<h2>Collection of Component include folders:</h2>
  .\RTE\_BW_5G

<h2>Collection of Component Files used:</h2>
Build Time Elapsed:  00:00:10
</pre>
</body>
</html>
