Component: ARM Compiler 6.16 Tool: armlink [5dfeaa00]

==============================================================================

Section Cross References

    main_presence_ulp.o(.text.bootmode_check) refers to at6010_pmu.o(.text.pmu_get_bootmode) for pmu_get_bootmode
    main_presence_ulp.o(.text.bootmode_check) refers to atlog.o(.text.log_printf) for log_printf
    main_presence_ulp.o(.text.bootmode_check) refers to rt_memcpy.o(.text) for __aeabi_memcpy
    main_presence_ulp.o(.text.bootmode_check) refers to at6010_pmu.o(.text.pmu_set_bootmode) for pmu_set_bootmode
    main_presence_ulp.o(.text.bootmode_check) refers to at6010_pmu.o(.text.pmu_set_boot_addr) for pmu_set_boot_addr
    main_presence_ulp.o(.text.bootmode_check) refers to at6010_pmu.o(.text.pmu_set_retention) for pmu_set_retention
    main_presence_ulp.o(.text.bootmode_check) refers to at6010_pmu.o(.text.pmu_retention_select) for pmu_retention_select
    main_presence_ulp.o(.text.bootmode_check) refers to ramrun_image.o(.rodata.ramrun_image_len) for ramrun_image_len
    main_presence_ulp.o(.text.bootmode_check) refers to ramrun_image.o(.rodata.ramrun_image) for ramrun_image
    main_presence_ulp.o(.ARM.exidx.text.bootmode_check) refers to main_presence_ulp.o(.text.bootmode_check) for [Anonymous Symbol]
    main_presence_ulp.o(.text.main) refers to at6010_clock.o(.text.clk_mcu_set) for clk_mcu_set
    main_presence_ulp.o(.text.main) refers to hal_dualtimer.o(.text.hal_dualtimer_init) for hal_dualtimer_init
    main_presence_ulp.o(.text.main) refers to app_hpd_ulp.o(.text.app_hpd_log_uart_init) for app_hpd_log_uart_init
    main_presence_ulp.o(.text.main) refers to atlog.o(.text.set_log_level) for set_log_level
    main_presence_ulp.o(.text.main) refers to version.o(.text.show_version) for show_version
    main_presence_ulp.o(.text.main) refers to ulp_mem.o(.text.ulp_mem_init) for ulp_mem_init
    main_presence_ulp.o(.text.main) refers to main_presence_ulp.o(.text.bootmode_check) for bootmode_check
    main_presence_ulp.o(.text.main) refers to k_msg.o(.text.k_msg_init) for k_msg_init
    main_presence_ulp.o(.text.main) refers to sys_timer.o(.text.sys_timer_init) for sys_timer_init
    main_presence_ulp.o(.text.main) refers to jiffies.o(.text.sys_tick_init) for sys_tick_init
    main_presence_ulp.o(.text.main) refers to ci_main.o(.text.ci_main_init) for ci_main_init
    main_presence_ulp.o(.text.main) refers to ci_ulp.o(.text.ulp_start_active_timer) for ulp_start_active_timer
    main_presence_ulp.o(.text.main) refers to radar_profile_init.o(.text.radar_profile_init) for radar_profile_init
    main_presence_ulp.o(.text.main) refers to hal_radar.o(.text.hal_radar_ulp_start) for hal_radar_ulp_start
    main_presence_ulp.o(.text.main) refers to k_msg.o(.text.k_msg_loop) for k_msg_loop
    main_presence_ulp.o(.text.main) refers to app_eol.o(.text.eol_app_process) for eol_app_process
    main_presence_ulp.o(.text.main) refers to ci_eol.o(.text.ci_eol_exit_confirm) for ci_eol_exit_confirm
    main_presence_ulp.o(.text.main) refers to atlog.o(.text.log_printf) for log_printf
    main_presence_ulp.o(.text.main) refers to app_hpd_ulp.o(.text.app_hpd_ulp_init) for app_hpd_ulp_init
    main_presence_ulp.o(.text.main) refers to app_hpd_ulp.o(.text.app_hpd_ulp_proc) for app_hpd_ulp_proc
    main_presence_ulp.o(.text.main) refers to at6010_pmu.o(.text.pmu_set_dvs) for pmu_set_dvs
    main_presence_ulp.o(.text.main) refers to at6010_pmu.o(.text.pmu_enter_sleep) for pmu_enter_sleep
    main_presence_ulp.o(.ARM.exidx.text.main) refers to main_presence_ulp.o(.text.main) for [Anonymous Symbol]
    output_config.o(.text.output_dma_config) refers to at6010_clock.o(.text.sys_clk_enable_dma) for sys_clk_enable_dma
    output_config.o(.text.output_dma_config) refers to at6010_dma.o(.text.dma_enable_global) for dma_enable_global
    output_config.o(.text.output_dma_config) refers to at6010_dma.o(.text.dma_set_dst_addr) for dma_set_dst_addr
    output_config.o(.text.output_dma_config) refers to at6010_dma.o(.text.dma_set_dst_handshake_if) for dma_set_dst_handshake_if
    output_config.o(.text.output_dma_config) refers to hal_uart.o(.text.hal_uart_state_get) for hal_uart_state_get
    output_config.o(.text.output_dma_config) refers to hal_uart.o(.text.hal_uart_deinit) for hal_uart_deinit
    output_config.o(.text.output_dma_config) refers to hal_uart.o(.text.hal_uart_init) for hal_uart_init
    output_config.o(.text.output_dma_config) refers to at6010_dma.o(.text.dma_set_int_en) for dma_set_int_en
    output_config.o(.text.output_dma_config) refers to at6010_dma.o(.text.dma_set_flowctrl) for dma_set_flowctrl
    output_config.o(.text.output_dma_config) refers to at6010_dma.o(.text.dma_set_block_transfer_size) for dma_set_block_transfer_size
    output_config.o(.text.output_dma_config) refers to at6010_dma.o(.text.dma_set_dst_handshake_type) for dma_set_dst_handshake_type
[...]
    vitalmc_eol_entry_flag                   0x080089a1   Thumb Code    12  eolcal_main.o(.text.vitalmc_eol_entry_flag)
    vsnprintf                                0x080089b1   Thumb Code    36  vsprintf.o(.text.vsnprintf)
    xtal_freq_get                            0x080089d9   Thumb Code     4  at6010_clock.o(.text.xtal_freq_get)
    z_prf                                    0x080089e1   Thumb Code  1080  vsprintf.o(.text.z_prf)
    __aeabi_uidiv                            0x08008e25   Thumb Code    68  aeabi_sdivfast.o(.text_divfast)
    __aeabi_idiv                             0x08008e69   Thumb Code   434  aeabi_sdivfast.o(.text_divfast)
    Long Thumb to Thumb Veneer to spi_flash_ll_read 0x0800901d   Thumb Code    12  anon$$obj.o(Veneer$$Code)
    Long Thumb to Thumb Veneer to spi_flash_write 0x08009029   Thumb Code    12  anon$$obj.o(Veneer$$Code)
    Long Thumb to Thumb Veneer to radar_drv_get_uuid 0x08009035   Thumb Code    12  anon$$obj.o(Veneer$$Code)
    Long Thumb to Thumb Veneer to critical_section_start 0x08009041   Thumb Code    12  anon$$obj.o(Veneer$$Code)
    Long Thumb to Thumb Veneer to critical_section_end 0x0800904d   Thumb Code    12  anon$$obj.o(Veneer$$Code)
    Long Thumb to Thumb Veneer to spi_flash_erase 0x08009059   Thumb Code    12  anon$$obj.o(Veneer$$Code)
    __ARM_common_ll_muluu                    0x08009065   Thumb Code    50  rredf.o(i.__ARM_common_ll_muluu)
    __ARM_fpclassifyf                        0x08009097   Thumb Code    34  fpclassifyf.o(i.__ARM_fpclassifyf)
    __kernel_poly                            0x080090b9   Thumb Code   172  poly.o(i.__kernel_poly)
    __mathlib_dbl_divzero                    0x08009165   Thumb Code    16  dunder.o(i.__mathlib_dbl_divzero)
    __mathlib_dbl_infnan                     0x08009179   Thumb Code    10  dunder.o(i.__mathlib_dbl_infnan)
    __mathlib_dbl_invalid                    0x08009183   Thumb Code    16  dunder.o(i.__mathlib_dbl_invalid)
    __mathlib_flt_divzero                    0x08009193   Thumb Code    14  funder.o(i.__mathlib_flt_divzero)
    __mathlib_flt_infnan                     0x080091a1   Thumb Code    10  funder.o(i.__mathlib_flt_infnan)
    __mathlib_flt_infnan2                    0x080091ab   Thumb Code     8  funder.o(i.__mathlib_flt_infnan2)
    __mathlib_flt_invalid                    0x080091b3   Thumb Code    12  funder.o(i.__mathlib_flt_invalid)
    __mathlib_flt_overflow                   0x080091bf   Thumb Code    14  funder.o(i.__mathlib_flt_overflow)
    __mathlib_flt_underflow                  0x080091cd   Thumb Code    14  funder.o(i.__mathlib_flt_underflow)
    __mathlib_rredf2                         0x080091dd   Thumb Code   366  rredf.o(i.__mathlib_rredf2)
    __aeabi_fcmpgt                           0x0800935d   Thumb Code     0  fcmp.o(i._fgr)
    _fgr                                     0x0800935d   Thumb Code    22  fcmp.o(i._fgr)
    cosf                                     0x08009375   Thumb Code   318  cosf.o(i.cosf)
    log                                      0x080094ed   Thumb Code   790  log.o(i.log)
    log10                                    0x08009841   Thumb Code   200  log10.o(i.log10)
    __mathlib_powf                           0x0800992d   Thumb Code     0  powf.o(i.powf)
    powf                                     0x0800992d   Thumb Code  1538  powf.o(i.powf)
    roundf                                   0x08009f4d   Thumb Code   116  roundf.o(i.roundf)
    sinf                                     0x08009fc1   Thumb Code   330  sinf.o(i.sinf)
    __aeabi_cdcmpeq                          0x0800a145   Thumb Code     0  deqf.o(x$fpl$deqf)
    _dcmpeq                                  0x0800a145   Thumb Code    94  deqf.o(x$fpl$deqf)
    __aeabi_fadd                             0x0800a1a9   Thumb Code     0  faddsub.o(x$fpl$fadd)
    _fadd                                    0x0800a1a9   Thumb Code   134  faddsub.o(x$fpl$fadd)
    _fcmpge                                  0x0800a235   Thumb Code    78  fgef.o(x$fpl$fgeqf)
    __aeabi_fmul                             0x0800a289   Thumb Code     0  fmul.o(x$fpl$fmul)
    _fmul                                    0x0800a289   Thumb Code   172  fmul.o(x$fpl$fmul)
    __aeabi_frsub                            0x0800a339   Thumb Code     0  faddsub.o(x$fpl$frsb)
    _frsb                                    0x0800a339   Thumb Code    24  faddsub.o(x$fpl$frsb)
    __aeabi_fsub                             0x0800a351   Thumb Code     0  faddsub.o(x$fpl$fsub)
    _fsub                                    0x0800a351   Thumb Code   204  faddsub.o(x$fpl$fsub)
    __I$use$fp                               0x0800a420   Number         0  usenofp.o(x$fpl$usenofp)
    __mathlib_zero                           0x0800a6a0   Data           8  qnan.o(.constdata)
    ramrun_image                             0x0800ad70   Data       13904  ramrun_image.o(.rodata.ramrun_image)
    ramrun_image_len                         0x0800e3c0   Data           4  ramrun_image.o(.rodata.ramrun_image_len)
    s_PNDBEV62                               0x0800e3c4   Data         200  vitalmc_threshold.o(.rodata.s_PNDBEV62)
    s_PNDBHV62                               0x0800e48c   Data         200  vitalmc_threshold.o(.rodata.s_PNDBHV62)
    Region$$Table$$Base                      0x0800e5f4   Number         0  anon$$obj.o(Region$$Table)
    Region$$Table$$Limit                     0x0800e654   Number         0  anon$$obj.o(Region$$Table)
    critical_section_start                   0x20010001   Thumb Code    28  cpu-at601x.o(.ram_region)
    critical_section_end                     0x20010025   Thumb Code    24  cpu-at601x.o(.ram_region)
    spifls_block_erase                       0x20010215   Thumb Code    88  spi_flash_drv.o(.ram_region)
    spifls_sector_erase                      0x2001026d   Thumb Code    74  spi_flash_drv.o(.ram_region)
    spifls_chip_erase                        0x200102b7   Thumb Code     4  spi_flash_drv.o(.ram_region)
    spifls_write                             0x200102bd   Thumb Code   128  spi_flash_drv.o(.ram_region)
    spifls_read                              0x20010341   Thumb Code    52  spi_flash_drv.o(.ram_region)
    spi_flash_erase                          0x20010379   Thumb Code    30  spi_flash_drv.o(.ram_region)
    spi_flash_write                          0x20010397   Thumb Code   214  spi_flash_drv.o(.ram_region)
    spi_flash_ll_read                        0x2001046d   Thumb Code    90  spi_flash_drv.o(.ram_region)
    spi_flash_cache_on                       0x200104c9   Thumb Code     8  spi_flash_drv.o(.ram_region)
    spi_flash_cache_off                      0x200104d9   Thumb Code     8  spi_flash_drv.o(.ram_region)
    spi_flash_deep_pd                        0x200104e5   Thumb Code    16  spi_flash_drv.o(.ram_region)
    spi_flash_release_deep_pd                0x200104f5   Thumb Code    16  spi_flash_drv.o(.ram_region)
    radar_drv_get_uuid                       0x20010505   Thumb Code    56  spi_flash_drv.o(.text.radar_drv_get_uuid)
    spifls_host_clear_fifo_data              0x20010541   Thumb Code     4  spi_flash_host.o(.text.spifls_host_clear_fifo_data)
    spifls_host_get_rx_data                  0x20010545   Thumb Code    32  spi_flash_host.o(.text.spifls_host_get_rx_data)
    spifls_host_read_disable                 0x20010565   Thumb Code    12  spi_flash_host.o(.text.spifls_host_read_disable)
    spifls_host_read_enable                  0x20010575   Thumb Code     2  spi_flash_host.o(.text.spifls_host_read_enable)
    spifls_host_send_cmd                     0x20010579   Thumb Code    88  spi_flash_host.o(.text.spifls_host_send_cmd)
    spifls_host_send_tx_fifo_data            0x200105d9   Thumb Code    56  spi_flash_host.o(.text.spifls_host_send_tx_fifo_data)
    Long Thumb to Thumb Veneer to uart_get_status 0x20010615   Thumb Code    12  anon$$obj.o(Veneer$$Code)
    Long Thumb to Thumb Veneer to uart_recv_byte 0x20010621   Thumb Code    12  anon$$obj.o(Veneer$$Code)
    Long Thumb to Thumb Veneer to osal_timer_start 0x2001062d   Thumb Code    12  anon$$obj.o(Veneer$$Code)
    Long Thumb to Thumb Veneer to k_msg_post 0x20010639   Thumb Code    12  anon$$obj.o(Veneer$$Code)
    Long Thumb to Thumb Veneer to osal_timer_stop 0x20010645   Thumb Code    12  anon$$obj.o(Veneer$$Code)
    SystemCoreClock                          0x20010650   Data           4  system_cmsdk_cm0plus.o(.data.SystemCoreClock)
    m_ulp_prog1_run_time                     0x20010694   Data           1  ci_ulp.o(.data.m_ulp_prog1_run_time)
    __libspace_start                         0x200106a0   Data          96  libspace.o(.bss)
    __temporary_stack_top$libspace           0x20010700   Data           0  libspace.o(.bss)
    __stdout                                 0x20010704   Data          84  retarget.o(.bss.__stdout)
    g_config                                 0x20010770   Data           4  vital_config.o(.bss.g_config)
    m_ci_ctxt                                0x20010788   Data          88  ci_port.o(.bss.m_ci_ctxt)
    Image$$ARM_LIB_HEAP$$ZI$$Base            0x20011538   Number         0  anon$$obj.o ABSOLUTE
    Image$$ARM_LIB_HEAP$$ZI$$Limit           0x20011738   Number         0  anon$$obj.o ABSOLUTE
    Image$$ARM_LIB_STACK$$ZI$$Limit          0x20020000   Number         0  anon$$obj.o ABSOLUTE



==============================================================================

Memory Map of the image

  Image Entry point : 0x080001c1

  Load Region LR_IROM1 (Base: 0x08000100, Size: 0x00010e80, Max: 0x0003cf00, ABSOLUTE, COMPRESSED[0x0000f0ac])

    Execution Region ER_IROM1 (Exec base: 0x08000100, Load base: 0x08000100, Size: 0x0000e554, Max: 0x0003cf00, ABSOLUTE)

    Exec Addr    Load Addr    Size         Type   Attr      Idx    E Section Name        Object

    0x08000100   0x08000100   0x000000c0   Data   RO         1073    RESET               startup_cmsdk_cm0plus.o
    0x080001c0   0x080001c0   0x00000008   Code   RO         2623  * !!!main             c_p.l(__main.o)
    0x080001c8   0x080001c8   0x0000003c   Code   RO         2966    !!!scatter          c_p.l(__scatter.o)
    0x08000204   0x08000204   0x0000001a   Code   RO         2968    !!handler_copy      c_p.l(__scatter_copy.o)
    0x0800021e   0x0800021e   0x00000002   PAD
    0x08000220   0x08000220   0x0000001c   Code   RO         2970    !!handler_zi        c_p.l(__scatter_zi.o)
    0x0800023c   0x0800023c   0x00000002   Code   RO         2602    .ARM.Collect$$_printf_percent$$00000000  c_p.l(_printf_percent.o)
    0x0800023e   0x0800023e   0x0000000a   Code   RO         2601    .ARM.Collect$$_printf_percent$$00000009  c_p.l(_printf_d.o)
    0x08000248   0x08000248   0x0000000a   Code   RO         2600    .ARM.Collect$$_printf_percent$$0000000C  c_p.l(_printf_x.o)
    0x08000252   0x08000252   0x0000000a   Code   RO         2599    .ARM.Collect$$_printf_percent$$00000014  c_p.l(_printf_s.o)
    0x0800025c   0x0800025c   0x00000004   Code   RO         2708    .ARM.Collect$$_printf_percent$$00000017  c_p.l(_printf_percent_end.o)
    0x08000260   0x08000260   0x00000002   Code   RO         2826    .ARM.Collect$$libinit$$00000000  c_p.l(libinit.o)
    0x08000262   0x08000262   0x00000000   Code   RO         2843    .ARM.Collect$$libinit$$00000002  c_p.l(libinit2.o)
    0x08000262   0x08000262   0x00000000   Code   RO         2845    .ARM.Collect$$libinit$$00000004  c_p.l(libinit2.o)
    0x08000262   0x08000262   0x00000000   Code   RO         2848    .ARM.Collect$$libinit$$0000000A  c_p.l(libinit2.o)
    0x08000262   0x08000262   0x00000000   Code   RO         2850    .ARM.Collect$$libinit$$0000000C  c_p.l(libinit2.o)
    0x08000262   0x08000262   0x00000000   Code   RO         2852    .ARM.Collect$$libinit$$0000000E  c_p.l(libinit2.o)
    0x08000262   0x08000262   0x00000000   Code   RO         2855    .ARM.Collect$$libinit$$00000011  c_p.l(libinit2.o)
    0x08000262   0x08000262   0x00000000   Code   RO         2857    .ARM.Collect$$libinit$$00000013  c_p.l(libinit2.o)
    0x08000262   0x08000262   0x00000000   Code   RO         2859    .ARM.Collect$$libinit$$00000015  c_p.l(libinit2.o)
    0x08000262   0x08000262   0x00000000   Code   RO         2861    .ARM.Collect$$libinit$$00000017  c_p.l(libinit2.o)
    0x08000262   0x08000262   0x00000000   Code   RO         2863    .ARM.Collect$$libinit$$00000019  c_p.l(libinit2.o)
    0x08000262   0x08000262   0x00000000   Code   RO         2865    .ARM.Collect$$libinit$$0000001B  c_p.l(libinit2.o)
    0x08000262   0x08000262   0x00000000   Code   RO         2867    .ARM.Collect$$libinit$$0000001D  c_p.l(libinit2.o)
    0x08000262   0x08000262   0x00000000   Code   RO         2869    .ARM.Collect$$libinit$$0000001F  c_p.l(libinit2.o)
    0x08000262   0x08000262   0x00000000   Code   RO         2871    .ARM.Collect$$libinit$$00000021  c_p.l(libinit2.o)
    0x08000262   0x08000262   0x00000000   Code   RO         2873    .ARM.Collect$$libinit$$00000023  c_p.l(libinit2.o)
    0x08000262   0x08000262   0x00000000   Code   RO         2875    .ARM.Collect$$libinit$$00000025  c_p.l(libinit2.o)
    0x08000262   0x08000262   0x00000000   Code   RO         2879    .ARM.Collect$$libinit$$0000002C  c_p.l(libinit2.o)
    0x08000262   0x08000262   0x00000000   Code   RO         2881    .ARM.Collect$$libinit$$0000002E  c_p.l(libinit2.o)
    0x08000262   0x08000262   0x00000000   Code   RO         2883    .ARM.Collect$$libinit$$00000030  c_p.l(libinit2.o)
    0x08000262   0x08000262   0x00000000   Code   RO         2885    .ARM.Collect$$libinit$$00000032  c_p.l(libinit2.o)
    0x08000262   0x08000262   0x00000002   Code   RO         2886    .ARM.Collect$$libinit$$00000033  c_p.l(libinit2.o)
    0x08000264   0x08000264   0x00000002   Code   RO         2918    .ARM.Collect$$libshutdown$$00000000  c_p.l(libshutdown.o)
    0x08000266   0x08000266   0x00000000   Code   RO         2946    .ARM.Collect$$libshutdown$$00000002  c_p.l(libshutdown2.o)
    0x08000266   0x08000266   0x00000000   Code   RO         2948    .ARM.Collect$$libshutdown$$00000004  c_p.l(libshutdown2.o)
    0x08000266   0x08000266   0x00000000   Code   RO         2951    .ARM.Collect$$libshutdown$$00000007  c_p.l(libshutdown2.o)
    0x08000266   0x08000266   0x00000000   Code   RO         2954    .ARM.Collect$$libshutdown$$0000000A  c_p.l(libshutdown2.o)
    0x08000266   0x08000266   0x00000000   Code   RO         2956    .ARM.Collect$$libshutdown$$0000000C  c_p.l(libshutdown2.o)
    0x08000266   0x08000266   0x00000000   Code   RO         2959    .ARM.Collect$$libshutdown$$0000000F  c_p.l(libshutdown2.o)
    0x08000266   0x08000266   0x00000002   Code   RO         2960    .ARM.Collect$$libshutdown$$00000010  c_p.l(libshutdown2.o)
    0x08000268   0x08000268   0x00000000   Code   RO         2687    .ARM.Collect$$rtentry$$00000000  c_p.l(__rtentry.o)
    0x08000268   0x08000268   0x00000000   Code   RO         2771    .ARM.Collect$$rtentry$$00000002  c_p.l(__rtentry2.o)
    0x08000268   0x08000268   0x00000004   Code   RO         2785    .ARM.Collect$$rtentry$$00000007  c_p.l(__rtentry7.o)
    0x0800026c   0x0800026c   0x00000000   Code   RO         2773    .ARM.Collect$$rtentry$$00000009  c_p.l(__rtentry2.o)
    0x0800026c   0x0800026c   0x00000004   Code   RO         2774    .ARM.Collect$$rtentry$$0000000A  c_p.l(__rtentry2.o)
    0x08000270   0x08000270   0x00000000   Code   RO         2776    .ARM.Collect$$rtentry$$0000000C  c_p.l(__rtentry2.o)
    0x08000270   0x08000270   0x00000008   Code   RO         2777    .ARM.Collect$$rtentry$$0000000D  c_p.l(__rtentry2.o)
    0x08000278   0x08000278   0x00000004   Code   RO         2786    .ARM.Collect$$rtentry$$00002718  c_p.l(__rtentry7.o)
    0x0800027c   0x0800027c   0x00000002   Code   RO         2834    .ARM.Collect$$rtexit$$00000000  c_p.l(rtexit.o)
    0x0800027e   0x0800027e   0x00000000   Code   RO         2896    .ARM.Collect$$rtexit$$00000002  c_p.l(rtexit2.o)
    0x0800027e   0x0800027e   0x00000004   Code   RO         2897    .ARM.Collect$$rtexit$$00000003  c_p.l(rtexit2.o)
    0x08000282   0x08000282   0x00000006   Code   RO         2898    .ARM.Collect$$rtexit$$00000004  c_p.l(rtexit2.o)
    0x08000288   0x08000288   0x00000038   Code   RO         2603    .emb_text           c_p.l(rt_memcpy.o)
    0x080002c0   0x080002c0   0x00000038   Code   RO         1074    .text               startup_cmsdk_cm0plus.o
    0x080002f8   0x080002f8   0x00000002   Code   RO         2532    .text               c_p.l(use_no_semi_2.o)
    0x080002fa   0x080002fa   0x00000020   Code   RO         2534    .text               c_p.l(llshl.o)
    0x0800031a   0x0800031a   0x00000022   Code   RO         2536    .text               c_p.l(llushr.o)
    0x0800033c   0x0800033c   0x00000026   Code   RO         2538    .text               c_p.l(llsshr.o)
    0x08000362   0x08000362   0x00000030   Code   RO         2540    .text               c_p.l(llmul.o)
    0x08000392   0x08000392   0x00000110   Code   RO         2542    .text               c_p.l(lludiv.o)
    0x080004a2   0x080004a2   0x00000002   PAD
    0x080004a4   0x080004a4   0x0000001c   Code   RO         2548    .text               c_p.l(noretval__2printf.o)
    0x080004c0   0x080004c0   0x00000028   Code   RO         2550    .text               c_p.l(noretval__2sprintf.o)
    0x080004e8   0x080004e8   0x0000006c   Code   RO         2552    .text               c_p.l(__printf.o)
    0x08000554   0x08000554   0x00000052   Code   RO         2554    .text               c_p.l(_printf_str.o)
    0x080005a6   0x080005a6   0x00000002   PAD
    0x080005a8   0x080005a8   0x0000006c   Code   RO         2556    .text               c_p.l(_printf_dec.o)
    0x08000614   0x08000614   0x00000058   Code   RO         2561    .text               c_p.l(_printf_hex_int.o)
    0x0800066c   0x0800066c   0x00000082   Code   RO         2604    .text               c_p.l(rt_memcpy.o)
    0x080006ee   0x080006ee   0x00000096   Code   RO         2607    .text               c_p.l(rt_memmove.o)
    0x08000784   0x08000784   0x00000012   Code   RO         2609    .text               c_p.l(aeabi_memset.o)
    0x08000796   0x08000796   0x00000040   Code   RO         2611    .text               c_p.l(rt_memclr.o)
    0x080007d6   0x080007d6   0x00000006   Code   RO         2621    .text               c_p.l(heapauxi.o)
    0x080007dc   0x080007dc   0x00000358   Code   RO         2625    .text               fz_ps.l(daddsub.o)
    0x08000b34   0x08000b34   0x0000006c   Code   RO         2627    .text               fz_ps.l(dfixi.o)
    0x08000ba0   0x08000ba0   0x00000048   Code   RO         2629    .text               fz_ps.l(dfixui.o)
    0x08000be8   0x08000be8   0x00000248   Code   RO         2631    .text               fz_ps.l(dmul.o)
    0x08000e30   0x08000e30   0x00000054   Code   RO         2633    .text               fz_ps.l(f2d.o)
    0x08000e84   0x08000e84   0x00000160   Code   RO         2653    .text               fz_ps.l(fdiv.o)
    0x08000fe4   0x08000fe4   0x0000004c   Code   RO         2656    .text               fz_ps.l(ffixi.o)
    0x08001030   0x08001030   0x00000030   Code   RO         2658    .text               fz_ps.l(ffixui.o)
    0x08001060   0x08001060   0x0000005e   Code   RO         2660    .text               fz_ps.l(fflti.o)
    0x080010be   0x080010be   0x00000082   Code   RO         2662    .text               fz_ps.l(ffltl.o)
    0x08001140   0x08001140   0x00000002   Code   RO         2685    .text               c_p.l(use_no_semi.o)
    0x08001142   0x08001142   0x00000016   Code   RO         2696    .text               c_p.l(_rserrno.o)
    0x08001158   0x08001158   0x000000b0   Code   RO         2698    .text               c_p.l(_printf_intcommon.o)
    0x08001208   0x08001208   0x00000030   Code   RO         2700    .text               c_p.l(_printf_char_common.o)
    0x08001238   0x08001238   0x0000000a   Code   RO         2702    .text               c_p.l(_sputc.o)
    0x08001242   0x08001242   0x0000002e   Code   RO         2704    .text               c_p.l(_printf_char.o)
    0x08001270   0x08001270   0x00000028   Code   RO         2706    .text               c_p.l(_printf_char_file.o)
    0x08001298   0x08001298   0x00000028   Code   RO         2709    .text               c_p.l(rtudiv10.o)
    0x080012c0   0x080012c0   0x00000058   Code   RO         2711    .text               fz_ps.l(dflti.o)
    0x08001318   0x08001318   0x00000060   Code   RO         2713    .text               fz_ps.l(dscalbn.o)
    0x08001378   0x08001378   0x0000008a   Code   RO         2717    .text               fz_ps.l(ffixir.o)
    0x08001402   0x08001402   0x00000002   PAD
    0x08001404   0x08001404   0x00000080   Code   RO         2723    .text               fz_ps.l(frnd.o)
    0x08001484   0x08001484   0x00000044   Code   RO         2725    .text               fz_ps.l(fscalbn.o)
    0x080014c8   0x080014c8   0x00000008   Code   RO         2795    .text               c_p.l(rt_errno_addr_intlibspace.o)
    0x080014d0   0x080014d0   0x00000448   Code   RO         2799    .text               fz_ps.l(ddiv.o)
    0x08001918   0x08001918   0x00000064   Code   RO         2804    .text               fz_ps.l(fcmpin.o)
    0x0800197c   0x0800197c   0x00000010   Code   RO         2815    .text               c_p.l(exit.o)
    0x0800198c   0x0800198c   0x0000002e   Code   RO         2827    .text               fz_ps.l(cmpret.o)
    0x080019ba   0x080019ba   0x00000002   PAD
    0x080019bc   0x080019bc   0x000000a0   Code   RO         2829    .text               fz_ps.l(dcmpin.o)
    0x08001a5c   0x08001a5c   0x00000010   Code   RO         2831    .text               fz_ps.l(fnan2.o)
    0x08001a6c   0x08001a6c   0x00000014   Code   RO         2891    .text               fz_ps.l(dnan2.o)
    0x08001a80   0x08001a80   0x0000005e   Code   RO         2893    .text               fz_ps.l(retnan.o)
    0x08001ade   0x08001ade   0x0000003a   Code   RO         2964    .text               c_p.l(__dczerorl.o)
    0x08001b18   0x08001b18   0x00000002   Code   RO          709    .text.AON_WDT_Handler  at6010_irq.o
    0x08001b1a   0x08001b1a   0x00000008   Code   RO          693    .text.AUX_ADC_Handler  at6010_irq.o
    0x08001b22   0x08001b22   0x00000002   Code   RO          687    .text.DMA_Handler   at6010_irq.o
    0x08001b24   0x08001b24   0x00000008   Code   RO          671    .text.DUALTIMER_Handler  at6010_irq.o
    0x08001b2c   0x08001b2c   0x00000002   Code   RO          695    .text.GPIO0_Handler  at6010_irq.o
    0x08001b2e   0x08001b2e   0x00000002   Code   RO          697    .text.GPIO1_Handler  at6010_irq.o
    0x08001b30   0x08001b30   0x00000002   Code   RO          699    .text.GPIO2_Handler  at6010_irq.o
    0x08001b32   0x08001b32   0x00000002   Code   RO          701    .text.GPIO3_Handler  at6010_irq.o
    0x08001b34   0x08001b34   0x00000002   Code   RO          703    .text.GPIO4_Handler  at6010_irq.o
    0x08001b36   0x08001b36   0x00000002   Code   RO          705    .text.GPIO5_Handler  at6010_irq.o
    0x08001b38   0x08001b38   0x00000002   Code   RO          707    .text.GPIO6_Handler  at6010_irq.o
    0x08001b3a   0x08001b3a   0x00000002   Code   RO          685    .text.GPIO_Handler  at6010_irq.o
    0x08001b3c   0x08001b3c   0x00000002   Code   RO          683    .text.I2C_Handler   at6010_irq.o
    0x08001b3e   0x08001b3e   0x00000002   Code   RO          691    .text.KEY_Handler   at6010_irq.o
    0x08001b40   0x08001b40   0x00000002   Code   RO          655    .text.NMI_Handler   at6010_irq.o
    0x08001b42   0x08001b42   0x00000002   Code   RO          659    .text.PendSV_Handler  at6010_irq.o
    0x08001b44   0x08001b44   0x00000008   Code   RO          689    .text.RADAR_Handler  at6010_irq.o
    0x08001b4c   0x08001b4c   0x00000002   Code   RO          679    .text.SPI0_Handler  at6010_irq.o
    0x08001b4e   0x08001b4e   0x00000002   Code   RO          681    .text.SPI1_Handler  at6010_irq.o
    0x08001b50   0x08001b50   0x00000002   Code   RO          657    .text.SVC_Handler   at6010_irq.o
    0x08001b52   0x08001b52   0x00000008   Code   RO          661    .text.SysTick_Handler  at6010_irq.o
    0x08001b5a   0x08001b5a   0x00000002   PAD
    0x08001b5c   0x08001b5c   0x00000038   Code   RO         1061    .text.SystemInit    system_cmsdk_cm0plus.o
    0x08001b94   0x08001b94   0x0000000a   Code   RO          663    .text.TIMER0_Handler  at6010_irq.o
    0x08001b9e   0x08001b9e   0x0000000a   Code   RO          665    .text.TIMER1_Handler  at6010_irq.o
    0x08001ba8   0x08001ba8   0x0000000a   Code   RO          667    .text.TIMER2_Handler  at6010_irq.o
    0x08001bb2   0x08001bb2   0x0000000a   Code   RO          669    .text.TIMER3_Handler  at6010_irq.o
    0x08001bbc   0x08001bbc   0x0000000a   Code   RO          673    .text.UART0_Handler  at6010_irq.o
    0x08001bc6   0x08001bc6   0x0000000a   Code   RO          675    .text.UART1_Handler  at6010_irq.o
    0x08001bd0   0x08001bd0   0x0000000a   Code   RO          677    .text.UART2_Handler  at6010_irq.o
    0x08001bda   0x08001bda   0x00000002   Code   RO          443    .text._sys_exit     retarget.o
    0x08001bdc   0x08001bdc   0x000004fc   Code   RO         1081    .text._to_float     vsprintf.o
    0x080020d8   0x080020d8   0x0000006a   Code   RO         1095    .text._to_x         vsprintf.o
    0x08002142   0x08002142   0x00000002   PAD
    0x08002144   0x08002144   0x00000028   Code   RO         1575    .text.adc_aux_isr   lib_platform.lib(at6010_aux_adc.o)
    0x0800216c   0x0800216c   0x0000003c   Code   RO           43    .text.app_hpd_log_uart_init  app_hpd_ulp.o
    0x080021a8   0x080021a8   0x00000090   Code   RO           45    .text.app_hpd_ulp_init  app_hpd_ulp.o
    0x08002238   0x08002238   0x00000050   Code   RO           47    .text.app_hpd_ulp_proc  app_hpd_ulp.o
    0x08002288   0x08002288   0x00000040   Code   RO         1236    .text.at_malloc_init_pool  at_malloc.o
    0x080022c8   0x080022c8   0x00000078   Code   RO         1238    .text.at_malloc_pool  at_malloc.o
    0x08002340   0x08002340   0x00000090   Code   RO            6    .text.bootmode_check  main_presence_ulp.o
    0x080023d0   0x080023d0   0x0000000c   Code   RO         1253    .text.bootrom_crc32  bootrom_func.o
    0x080023dc   0x080023dc   0x00000024   Code   RO         1589    .text.cache_flush   lib_platform.lib(at6010_cache.o)
    0x08002400   0x08002400   0x0000002c   Code   RO         1587    .text.cache_init    lib_platform.lib(at6010_cache.o)
    0x0800242c   0x0800242c   0x0000000c   Code   RO         1940    .text.cfar_abs_threshold_cfg  lib_radar.lib(at6010_cfar.o)
    0x08002438   0x08002438   0x00000030   Code   RO         1942    .text.cfar_det_bmap_addr_cfg  lib_radar.lib(at6010_cfar.o)
    0x08002468   0x08002468   0x00000010   Code   RO         1932    .text.cfar_enable   lib_radar.lib(at6010_cfar.o)
    0x08002478   0x08002478   0x00000008   Code   RO         1944    .text.cfar_irq_callback_set  lib_radar.lib(at6010_cfar.o)
    0x08002480   0x08002480   0x00000020   Code   RO         1934    .text.cfar_irq_enable  lib_radar.lib(at6010_cfar.o)
    0x080024a0   0x080024a0   0x00000020   Code   RO         1946    .text.cfar_isr      lib_radar.lib(at6010_cfar.o)
    0x080024c0   0x080024c0   0x0000003c   Code   RO         1938    .text.cfar_range_dim_cfg  lib_radar.lib(at6010_cfar.o)
    0x080024fc   0x080024fc   0x00000064   Code   RO          568    .text.cfar_thr_hw_adapt  hal_fft.o
    0x08002560   0x08002560   0x00000034   Code   RO         1936    .text.cfar_vel_dim_cfg  lib_radar.lib(at6010_cfar.o)
    0x08002594   0x08002594   0x00000064   Code   RO         1266    .text.ci_cmd_proc   ci_cmd.o
    0x080025f8   0x080025f8   0x00000058   Code   RO         1288    .text.ci_compltm_get  ci_cmd.o
    0x08002650   0x08002650   0x0000000c   Code   RO         1406    .text.ci_eol_exit_confirm  ci_eol.o
    0x0800265c   0x0800265c   0x00000034   Code   RO         1390    .text.ci_eol_test_mode_antphase_calib  ci_eol.o
    0x08002690   0x08002690   0x00000080   Code   RO         1396    .text.ci_eol_test_mode_calres_apply_tgtget  ci_eol.o
    0x08002710   0x08002710   0x00000070   Code   RO         1392    .text.ci_eol_test_mode_calres_read  ci_eol.o
    0x08002780   0x08002780   0x00000084   Code   RO         1394    .text.ci_eol_test_mode_calres_write  ci_eol.o
    0x08002804   0x08002804   0x0000008c   Code   RO         1380    .text.ci_eol_test_mode_entry  ci_eol.o
    0x08002890   0x08002890   0x00000040   Code   RO         1410    .text.ci_eol_test_mode_exit  ci_eol.o
    0x080028d0   0x080028d0   0x000000a8   Code   RO         1386    .text.ci_eol_test_mode_gpio_test  ci_eol.o
    0x08002978   0x08002978   0x00000048   Code   RO         1398    .text.ci_eol_test_mode_io_out_set  ci_eol.o
    0x080029c0   0x080029c0   0x00000024   Code   RO         1388    .text.ci_eol_test_mode_locale_fft_get  ci_eol.o
    0x080029e4   0x080029e4   0x00000048   Code   RO         1400    .text.ci_eol_test_mode_pwrlvl_set  ci_eol.o
    0x08002a2c   0x08002a2c   0x0000003c   Code   RO         1404    .text.ci_eol_test_mode_rftx_onoff  ci_eol.o
    0x08002a68   0x08002a68   0x00000028   Code   RO         1402    .text.ci_eol_test_mode_slfchk  ci_eol.o
    0x08002a90   0x08002a90   0x0000003c   Code   RO         1384    .text.ci_eol_test_snr_get  ci_eol.o
    0x08002acc   0x08002acc   0x00000014   Code   RO         1408    .text.ci_eol_timeout  ci_eol.o
    0x08002ae0   0x08002ae0   0x0000004c   Code   RO         1284    .text.ci_flash_w    ci_cmd.o
    0x08002b2c   0x08002b2c   0x00000052   Code   RO         1268    .text.ci_frm_parser  ci_cmd.o
    0x08002b7e   0x08002b7e   0x00000002   PAD
    0x08002b80   0x08002b80   0x00000014   Code   RO         1303    .text.ci_main_init  ci_main.o
    0x08002b94   0x08002b94   0x0000000c   Code   RO         1305    .text.ci_main_proc_msg  ci_main.o
    0x08002ba0   0x08002ba0   0x00000040   Code   RO         1280    .text.ci_mem_r      ci_cmd.o
    0x08002be0   0x08002be0   0x00000058   Code   RO         1278    .text.ci_mem_w      ci_cmd.o
    0x08002c38   0x08002c38   0x000000d4   Code   RO         1319    .text.ci_port_init  ci_port.o
    0x08002d0c   0x08002d0c   0x00000014   Code   RO         1323    .text.ci_port_reset  ci_port.o
    0x08002d20   0x08002d20   0x00000018   Code   RO         1321    .text.ci_recv_timeout_cb  ci_port.o
    0x08002d38   0x08002d38   0x0000004c   Code   RO         1276    .text.ci_reg_r      ci_cmd.o
    0x08002d84   0x08002d84   0x0000006c   Code   RO         1274    .text.ci_reg_w      ci_cmd.o
    0x08002df0   0x08002df0   0x00000004   Code   RO         1272    .text.ci_resp_proc  ci_cmd.o
    0x08002df4   0x08002df4   0x0000003c   Code   RO         1309    .text.ci_rx_buf_proc  ci_main.o
    0x08002e30   0x08002e30   0x0000001a   Code   RO         1333    .text.ci_send_bytes  ci_port.o
    0x08002e4a   0x08002e4a   0x0000004e   Code   RO         1286    .text.ci_set_baud   ci_cmd.o
    0x08002e98   0x08002e98   0x00000064   Code   RO         1282    .text.ci_sys_reset  ci_cmd.o
    0x08002efc   0x08002efc   0x00000028   Code   RO         1290    .text.ci_uuid_get   ci_cmd.o
    0x08002f24   0x08002f24   0x0000001e   Code   RO         1292    .text.ci_version_query_rsp  ci_cmd.o
    0x08002f42   0x08002f42   0x00000002   PAD
    0x08002f44   0x08002f44   0x00000008   Code   RO          812    .text.clk_mcu_get   at6010_clock.o
    0x08002f4c   0x08002f4c   0x0000011c   Code   RO          810    .text.clk_mcu_set   at6010_clock.o
    0x08003068   0x08003068   0x00000004   Code   RO          792    .text.clock_xtal_type_get  at6010_clock.o
    0x0800306c   0x0800306c   0x00000074   Code   RO         1264    .text.cmd_resp_para  ci_cmd.o
    0x080030e0   0x080030e0   0x00000080   Code   RO          468    .text.create_timer  sys_timer.o
    0x08003160   0x08003160   0x0000007c   Code   RO         2255    .text.data_frame_header_init  lib_alg_ulp_bhr.lib(frame_header.o)
    0x080031dc   0x080031dc   0x00000050   Code   RO          476    .text.del_timer     sys_timer.o
    0x0800322c   0x0800322c   0x00000008   Code   RO          449    .text.delay_ms      retarget.o
    0x08003234   0x08003234   0x00000008   Code   RO          447    .text.delay_us      retarget.o
    0x0800323c   0x0800323c   0x00000010   Code   RO         1427    .text.dev_fifo_end_handler  eol_radar_cfg.o
    0x0800324c   0x0800324c   0x00000018   Code   RO         1495    .text.dev_fifo_end_handler  lib_alg_ulp_bhr.lib(mdet_fmcw_ulp.o)
    0x08003264   0x08003264   0x00000010   Code   RO         1425    .text.dev_fifo_half_handler  eol_radar_cfg.o
    0x08003274   0x08003274   0x0000001c   Code   RO         1493    .text.dev_fifo_half_handler  lib_alg_ulp_bhr.lib(mdet_fmcw_ulp.o)
    0x08003290   0x08003290   0x00000010   Code   RO         1019    .text.dualtimer_get_default_config  at6010_dualtimer.o
    0x080032a0   0x080032a0   0x0000000c   Code   RO         1031    .text.dualtimer_get_value  at6010_dualtimer.o
    0x080032ac   0x080032ac   0x00000030   Code   RO         1037    .text.dualtimer_hdl_proc  at6010_dualtimer.o
    0x080032dc   0x080032dc   0x00000008   Code   RO         1015    .text.dualtimer_init  at6010_dualtimer.o
    0x080032e4   0x080032e4   0x00000038   Code   RO         1021    .text.dualtimer_set_config  at6010_dualtimer.o
    0x0800331c   0x0800331c   0x00000018   Code   RO         1025    .text.dualtimer_start  at6010_dualtimer.o
    0x08003334   0x08003334   0x00000002   Code   RO         1370    .text.eol_app_deinit  app_eol.o
    0x08003336   0x08003336   0x00000012   Code   RO         1366    .text.eol_app_init  app_eol.o
    0x08003348   0x08003348   0x00000024   Code   RO         1368    .text.eol_app_process  app_eol.o
    0x0800336c   0x0800336c   0x00000044   Code   RO         1431    .text.eol_radar_dev_init  eol_radar_cfg.o
    0x080033b0   0x080033b0   0x00000044   Code   RO         1423    .text.eol_radar_rangefft_cfg  eol_radar_cfg.o
    0x080033f4   0x080033f4   0x00000034   Code   RO         1429    .text.eol_radar_rangefft_get  eol_radar_cfg.o
    0x08003428   0x08003428   0x0000003c   Code   RO         1433    .text.eol_radar_rf_cfg  eol_radar_cfg.o
    0x08003464   0x08003464   0x000000dc   Code   RO         2178    .text.eolcal_angleref_fft_accum  lib_eol.lib(eolcal_main.o)
    0x08003540   0x08003540   0x00000020   Code   RO         2405    .text.eolcal_asin_pi_deg16x  lib_eol.lib(eolcal_comm.o)
    0x08003560   0x08003560   0x00000008   Code   RO         2403    .text.eolcal_atan2_rad  lib_eol.lib(eolcal_comm.o)
    0x08003568   0x08003568   0x000000b8   Code   RO         2411    .text.eolcal_atan2_rad_LUT  lib_eol.lib(eolcal_comm.o)
    0x08003620   0x08003620   0x000000d8   Code   RO         2172    .text.eolcal_calib_dispatch  lib_eol.lib(eolcal_main.o)
    0x080036f8   0x080036f8   0x00000056   Code   RO         2409    .text.eolcal_common_bitscan_MSB32  lib_eol.lib(eolcal_comm.o)
    0x0800374e   0x0800374e   0x00000016   Code   RO         2401    .text.eolcal_common_bitscan_MSB64  lib_eol.lib(eolcal_comm.o)
    0x08003764   0x08003764   0x00000024   Code   RO         2413    .text.eolcal_common_sqrt  lib_eol.lib(eolcal_comm.o)
    0x08003788   0x08003788   0x0000008c   Code   RO         2174    .text.eolcal_data_freqDomain  lib_eol.lib(eolcal_main.o)
    0x08003814   0x08003814   0x0000001c   Code   RO         2204    .text.eolcal_getSumRShift  lib_eol.lib(eolcal_main.o)
    0x08003830   0x08003830   0x00000060   Code   RO         2160    .text.eolcal_info_set  lib_eol.lib(eolcal_main.o)
    0x08003890   0x08003890   0x00000018   Code   RO         2170    .text.eolcal_init   lib_eol.lib(eolcal_main.o)
    0x080038a8   0x080038a8   0x00000148   Code   RO         2176    .text.eolcal_interference_elimination  lib_eol.lib(eolcal_main.o)
    0x080039f0   0x080039f0   0x00000090   Code   RO         2182    .text.eolcal_locale_fft_dump  lib_eol.lib(eolcal_main.o)
    0x08003a80   0x08003a80   0x00000060   Code   RO         2166    .text.eolcal_locale_fft_take  lib_eol.lib(eolcal_main.o)
    0x08003ae0   0x08003ae0   0x00000134   Code   RO         2180    .text.eolcal_locale_info_main  lib_eol.lib(eolcal_main.o)
    0x08003c14   0x08003c14   0x000000e4   Code   RO         2206    .text.eolcal_peek_find  lib_eol.lib(eolcal_main.o)
    0x08003cf8   0x08003cf8   0x0000004c   Code   RO         2162    .text.eolcal_res_apply  lib_eol.lib(eolcal_main.o)
    0x08003d44   0x08003d44   0x00000058   Code   RO         2164    .text.eolcal_res_take  lib_eol.lib(eolcal_main.o)
    0x08003d9c   0x08003d9c   0x000001cc   Code   RO         1382    .text.eolcal_response_timer_cb  ci_eol.o
    0x08003f68   0x08003f68   0x00000054   Code   RO         2184    .text.eolcal_snr_calc_main  lib_eol.lib(eolcal_main.o)
    0x08003fbc   0x08003fbc   0x0000005c   Code   RO         2168    .text.eolcal_snr_take  lib_eol.lib(eolcal_main.o)
    0x08004018   0x08004018   0x00000006   Code   RO          421    .text.ferror        retarget.o
    0x0800401e   0x0800401e   0x00000002   PAD
    0x08004020   0x08004020   0x00000074   Code   RO         1987    .text.fft_adc_1d_fft_cfg  lib_radar.lib(at6010_fft.o)
    0x08004094   0x08004094   0x00000010   Code   RO         1985    .text.fft_adc_1d_fft_enable  lib_radar.lib(at6010_fft.o)
    0x080040a4   0x080040a4   0x00000094   Code   RO         1991    .text.fft_adc_2d_fft_cfg  lib_radar.lib(at6010_fft.o)
    0x08004138   0x08004138   0x00000014   Code   RO         1989    .text.fft_adc_2d_fft_enable  lib_radar.lib(at6010_fft.o)
    0x0800414c   0x0800414c   0x00000028   Code   RO         1983    .text.fft_adc_fft_addr_set  lib_radar.lib(at6010_fft.o)
    0x08004174   0x08004174   0x0000001c   Code   RO         1981    .text.fft_adc_rdat_addr_set  lib_radar.lib(at6010_fft.o)
    0x08004190   0x08004190   0x00000054   Code   RO         1979    .text.fft_adc_rdat_cfg  lib_radar.lib(at6010_fft.o)
    0x080041e4   0x080041e4   0x00000014   Code   RO         1977    .text.fft_adc_rdat_enable  lib_radar.lib(at6010_fft.o)
    0x080041f8   0x080041f8   0x00000038   Code   RO         1969    .text.fft_adc_win_cfg  lib_radar.lib(at6010_fft.o)
    0x08004230   0x08004230   0x00000030   Code   RO         1967    .text.fft_adc_win_enable  lib_radar.lib(at6010_fft.o)
    0x08004260   0x08004260   0x00000014   Code   RO         1971    .text.fft_dc_cut_enable  lib_radar.lib(at6010_fft.o)
    0x08004274   0x08004274   0x00000038   Code   RO         1957    .text.fft_dev_init  lib_radar.lib(at6010_fft.o)
    0x080042ac   0x080042ac   0x0000002c   Code   RO          548    .text.fft_fill_this_buffer  hal_fft.o
    0x080042d8   0x080042d8   0x00000014   Code   RO         1973    .text.fft_input_data_type_set  lib_radar.lib(at6010_fft.o)
    0x080042ec   0x080042ec   0x00000008   Code   RO         1975    .text.fft_irq_callback_set  lib_radar.lib(at6010_fft.o)
    0x080042f4   0x080042f4   0x00000064   Code   RO         1959    .text.fft_irq_enable  lib_radar.lib(at6010_fft.o)
    0x08004358   0x08004358   0x00000038   Code   RO         1997    .text.fft_isr       lib_radar.lib(at6010_fft.o)
    0x08004390   0x08004390   0x0000006a   Code   RO          554    .text.fft_rank_id_get  hal_fft.o
    0x080043fa   0x080043fa   0x00000002   PAD
    0x080043fc   0x080043fc   0x00000070   Code   RO         1993    .text.fft_user_fft_cfg  lib_radar.lib(at6010_fft.o)
    0x0800446c   0x0800446c   0x00000024   Code   RO         1965    .text.fft_user_win_cfg  lib_radar.lib(at6010_fft.o)
    0x08004490   0x08004490   0x0000001c   Code   RO         1963    .text.fft_user_win_enable  lib_radar.lib(at6010_fft.o)
    0x080044ac   0x080044ac   0x00000054   Code   RO         2383    .text.findTopPeaks  lib_eol.lib(findpeaks.o)
    0x08004500   0x08004500   0x0000006c   Code   RO         2050    .text.fmcw_afc_freq_set  lib_radar.lib(at6010_radar.o)
    0x0800456c   0x0800456c   0x0000000c   Code   RO          417    .text.fputc         retarget.o
    0x08004578   0x08004578   0x00000002   Code   RO         2249    .text.frame_hdr_comm_get  lib_alg_ulp_bhr.lib(frame_header.o)
    0x0800457a   0x0800457a   0x0000000a   Code   RO         2253    .text.frame_hdr_subframe_get  lib_alg_ulp_bhr.lib(frame_header.o)
    0x08004584   0x08004584   0x00000030   Code   RO         1499    .text.get_current_data_addr  lib_alg_ulp_bhr.lib(mdet_fmcw_ulp.o)
    0x080045b4   0x080045b4   0x000000b8   Code   RO          757    .text.gpio_init     at6010_gpio.o
    0x0800466c   0x0800466c   0x00000040   Code   RO          735    .text.gpio_set_direction  at6010_gpio.o
    0x080046ac   0x080046ac   0x00000044   Code   RO          745    .text.gpio_set_pinmux  at6010_gpio.o
    0x080046f0   0x080046f0   0x00000040   Code   RO          739    .text.gpio_set_value  at6010_gpio.o
    0x08004730   0x08004730   0x0000000e   Code   RO          526    .text.hal_dualtimer_delay_ms  hal_dualtimer.o
    0x0800473e   0x0800473e   0x00000002   PAD
    0x08004740   0x08004740   0x00000038   Code   RO          524    .text.hal_dualtimer_delay_us  hal_dualtimer.o
    0x08004778   0x08004778   0x00000054   Code   RO          514    .text.hal_dualtimer_init  hal_dualtimer.o
    0x080047cc   0x080047cc   0x00000028   Code   RO          542    .text.hal_fft_init  hal_fft.o
    0x080047f4   0x080047f4   0x00000014   Code   RO          546    .text.hal_fft_notify_set  hal_fft.o
    0x08004808   0x08004808   0x00000348   Code   RO          552    .text.hal_fft_set_config  hal_fft.o
    0x08004b50   0x08004b50   0x000002a0   Code   RO          624    .text.hal_radar_init  hal_radar.o
    0x08004df0   0x08004df0   0x00000018   Code   RO          644    .text.hal_radar_param_get  hal_radar.o
    0x08004e08   0x08004e08   0x0000000c   Code   RO          630    .text.hal_radar_start  hal_radar.o
    0x08004e14   0x08004e14   0x0000000c   Code   RO          628    .text.hal_radar_stop  hal_radar.o
    0x08004e20   0x08004e20   0x00000008   Code   RO          638    .text.hal_radar_ulp_start  hal_radar.o
    0x08004e28   0x08004e28   0x00000008   Code   RO          640    .text.hal_radar_ulp_stop  hal_radar.o
    0x08004e30   0x08004e30   0x000000e0   Code   RO          605    .text.hal_uart_init  hal_uart.o
    0x08004f10   0x08004f10   0x00000056   Code   RO         2389    .text.heapify       lib_eol.lib(findpeaks.o)
    0x08004f66   0x08004f66   0x0000005a   Code   RO         2385    .text.insertHeap    lib_eol.lib(findpeaks.o)
    0x08004fc0   0x08004fc0   0x00000030   Code   RO          566    .text.invoke_cfar_callback  hal_fft.o
    0x08004ff0   0x08004ff0   0x00000054   Code   RO          544    .text.invoke_fft_callback  hal_fft.o
    0x08005044   0x08005044   0x00000018   Code   RO          119    .text.k_msg_init    k_msg.o
    0x0800505c   0x0800505c   0x000000c0   Code   RO          125    .text.k_msg_loop    k_msg.o
    0x0800511c   0x0800511c   0x0000007c   Code   RO          123    .text.k_msg_post    k_msg.o
    0x08005198   0x08005198   0x00000078   Code   RO          121    .text.k_msg_reg_hdl  k_msg.o
    0x08005210   0x08005210   0x0000006c   Code   RO         1221    .text.log_printf    atlog.o
    0x0800527c   0x0800527c   0x0000009c   Code   RO            8    .text.main          main_presence_ulp.o
    0x08005318   0x08005318   0x00000004   Code   RO          388    .text.mdet_fmcw_board_nf_base_param  mdet_para_mgr.o
    0x0800531c   0x0800531c   0x00000010   Code   RO          392    .text.mdet_fmcw_board_nf_high_param  mdet_para_mgr.o
    0x0800532c   0x0800532c   0x00000018   Code   RO         1126    .text.memchr        string.o
    0x08005344   0x08005344   0x00000012   Code   RO          290    .text.osal_task_invalid_msg  osal_task.o
    0x08005356   0x08005356   0x00000002   PAD
    0x08005358   0x08005358   0x00000028   Code   RO          350    .text.osal_timer_create  osal_timer.o
    0x08005380   0x08005380   0x0000001e   Code   RO          352    .text.osal_timer_delete  osal_timer.o
    0x0800539e   0x0800539e   0x00000018   Code   RO          354    .text.osal_timer_start  osal_timer.o
    0x080053b6   0x080053b6   0x00000014   Code   RO          358    .text.osal_timer_stop  osal_timer.o
    0x080053ca   0x080053ca   0x00000002   PAD
    0x080053cc   0x080053cc   0x000000ec   Code   RO         2399    .text.phasecal_angle_common  lib_eol.lib(eolcal_comm.o)
    0x080054b8   0x080054b8   0x00000044   Code   RO         1886    .text.pmu_clk_dcdc_set  lib_platform.lib(at6010_pmu.o)
    0x080054fc   0x080054fc   0x00000010   Code   RO         1908    .text.pmu_enable_wakeup_source  lib_platform.lib(at6010_pmu.o)
    0x0800550c   0x0800550c   0x00000020   Code   RO         1904    .text.pmu_enter_sleep  lib_platform.lib(at6010_pmu.o)
    0x0800552c   0x0800552c   0x00000008   Code   RO         1894    .text.pmu_get_bootmode  lib_platform.lib(at6010_pmu.o)
    0x08005534   0x08005534   0x00000010   Code   RO         1878    .text.pmu_por_osc_disable  lib_platform.lib(at6010_pmu.o)
    0x08005544   0x08005544   0x00000010   Code   RO         1906    .text.pmu_retention_select  lib_platform.lib(at6010_pmu.o)
    0x08005554   0x08005554   0x00000010   Code   RO         1880    .text.pmu_rf_pwr_on  lib_platform.lib(at6010_pmu.o)
    0x08005564   0x08005564   0x00000018   Code   RO         1896    .text.pmu_set_boot_addr  lib_platform.lib(at6010_pmu.o)
    0x0800557c   0x0800557c   0x0000000c   Code   RO         1892    .text.pmu_set_bootmode  lib_platform.lib(at6010_pmu.o)
    0x08005588   0x08005588   0x00000018   Code   RO         1922    .text.pmu_set_dig_vcore  lib_platform.lib(at6010_pmu.o)
    0x080055a0   0x080055a0   0x00000014   Code   RO         1918    .text.pmu_set_dvs   lib_platform.lib(at6010_pmu.o)
    0x080055b4   0x080055b4   0x00000018   Code   RO         1900    .text.pmu_set_retention  lib_platform.lib(at6010_pmu.o)
    0x080055cc   0x080055cc   0x00000014   Code   RO         1898    .text.pmu_set_wakeup_time  lib_platform.lib(at6010_pmu.o)
    0x080055e0   0x080055e0   0x00000040   Code   RO         2381    .text.printHeap     lib_eol.lib(findpeaks.o)
    0x08005620   0x08005620   0x00000054   Code   RO          466    .text.process_timer_expired_msg  sys_timer.o
    0x08005674   0x08005674   0x00000008   Code   RO         2056    .text.radar_ant_rx_num_get  lib_radar.lib(at6010_radar.o)
    0x0800567c   0x0800567c   0x00000010   Code   RO         2058    .text.radar_ant_rx_num_set  lib_radar.lib(at6010_radar.o)
    0x0800568c   0x0800568c   0x00000138   Code   RO         2126    .text.radar_chirp_profile_config  lib_radar.lib(at6010_radar_frame.o)
    0x080057c4   0x080057c4   0x000000ec   Code   RO         2038    .text.radar_deinit  lib_radar.lib(at6010_radar.o)
    0x080058b0   0x080058b0   0x00000008   Code   RO         2232    .text.radar_eol_entry_flag  lib_eol.lib(mdet_eolcal.o)
    0x080058b8   0x080058b8   0x00000018   Code   RO         2142    .text.radar_faston_time_set  lib_radar.lib(at6010_radar_frame.o)
    0x080058d0   0x080058d0   0x00000078   Code   RO         2098    .text.radar_filter_cfg  lib_radar.lib(at6010_radar_adc.o)
    0x08005948   0x08005948   0x0000001c   Code   RO         2102    .text.radar_filter_chirp_size_set  lib_radar.lib(at6010_radar_adc.o)
    0x08005964   0x08005964   0x0000002c   Code   RO         2106    .text.radar_filter_dma_cfg  lib_radar.lib(at6010_radar_adc.o)
    0x08005990   0x08005990   0x00000008   Code   RO         1469    .text.radar_fmcw_active_time_keep  lib_alg_ulp_bhr.lib(mdet_fmcw_ulp.o)
    0x08005998   0x08005998   0x0000001c   Code   RO         2238    .text.radar_fmcw_ca_dispatch  lib_eol.lib(mdet_eolcal.o)
    0x080059b4   0x080059b4   0x00000008   Code   RO         2222    .text.radar_fmcw_ca_info_get  lib_eol.lib(mdet_eolcal.o)
    0x080059bc   0x080059bc   0x00000008   Code   RO         2218    .text.radar_fmcw_ca_loc_fft_dump_req  lib_eol.lib(mdet_eolcal.o)
    0x080059c4   0x080059c4   0x00000008   Code   RO         2216    .text.radar_fmcw_ca_loc_set  lib_eol.lib(mdet_eolcal.o)
    0x080059cc   0x080059cc   0x00000008   Code   RO         2228    .text.radar_fmcw_ca_locale_fft_get  lib_eol.lib(mdet_eolcal.o)
    0x080059d4   0x080059d4   0x0000000c   Code   RO         2224    .text.radar_fmcw_ca_res_set  lib_eol.lib(mdet_eolcal.o)
    0x080059e0   0x080059e0   0x00000008   Code   RO         2230    .text.radar_fmcw_ca_snr_get  lib_eol.lib(mdet_eolcal.o)
    0x080059e8   0x080059e8   0x00000008   Code   RO         2220    .text.radar_fmcw_ca_snr_req  lib_eol.lib(mdet_eolcal.o)
    0x080059f0   0x080059f0   0x00000008   Code   RO         2226    .text.radar_fmcw_ca_tgt_info_get  lib_eol.lib(mdet_eolcal.o)
    0x080059f8   0x080059f8   0x00000108   Code   RO         1455    .text.radar_fmcw_md_init  lib_alg_ulp_bhr.lib(mdet_fmcw_ulp.o)
    0x08005b00   0x08005b00   0x000000cc   Code   RO         1497    .text.radar_fmcw_md_perform  lib_alg_ulp_bhr.lib(mdet_fmcw_ulp.o)
    0x08005bcc   0x08005bcc   0x00000022   Code   RO         1503    .text.radar_fmcw_md_set_det_delta  lib_alg_ulp_bhr.lib(mdet_fmcw_ulp.o)
    0x08005bee   0x08005bee   0x00000024   Code   RO         1501    .text.radar_fmcw_md_set_undet_delta  lib_alg_ulp_bhr.lib(mdet_fmcw_ulp.o)
    0x08005c12   0x08005c12   0x00000002   PAD
    0x08005c14   0x08005c14   0x00000070   Code   RO         2132    .text.radar_frame_config  lib_radar.lib(at6010_radar_frame.o)
    0x08005c84   0x08005c84   0x00000014   Code   RO         2144    .text.radar_frame_interval_get  lib_radar.lib(at6010_radar_frame.o)
    0x08005c98   0x08005c98   0x0000001c   Code   RO         2146    .text.radar_frame_interval_set  lib_radar.lib(at6010_radar_frame.o)
    0x08005cb4   0x08005cb4   0x0000000c   Code   RO         2150    .text.radar_frame_repeat_times_get  lib_radar.lib(at6010_radar_frame.o)
    0x08005cc0   0x08005cc0   0x0000001c   Code   RO         2148    .text.radar_frame_repeat_times_set  lib_radar.lib(at6010_radar_frame.o)
    0x08005cdc   0x08005cdc   0x0000000c   Code   RO         2138    .text.radar_frame_start  lib_radar.lib(at6010_radar_frame.o)
    0x08005ce8   0x08005ce8   0x00000010   Code   RO         2140    .text.radar_frame_stop  lib_radar.lib(at6010_radar_frame.o)
    0x08005cf8   0x08005cf8   0x000003a8   Code   RO         2042    .text.radar_init    lib_radar.lib(at6010_radar.o)
    0x080060a0   0x080060a0   0x0000003c   Code   RO         2012    .text.radar_isr     lib_radar.lib(at6010_radar.o)
    0x080060dc   0x080060dc   0x0000000c   Code   RO         2064    .text.radar_param_hpf1_freq_get  lib_radar.lib(at6010_radar.o)
    0x080060e8   0x080060e8   0x00000024   Code   RO         2066    .text.radar_param_hpf1_freq_set  lib_radar.lib(at6010_radar.o)
    0x0800610c   0x0800610c   0x0000000c   Code   RO         2060    .text.radar_param_hpf1_gain_get  lib_radar.lib(at6010_radar.o)
    0x08006118   0x08006118   0x00000028   Code   RO         2062    .text.radar_param_hpf1_gain_set  lib_radar.lib(at6010_radar.o)
    0x08006140   0x08006140   0x0000000c   Code   RO         2072    .text.radar_param_hpf2_freq_get  lib_radar.lib(at6010_radar.o)
    0x0800614c   0x0800614c   0x00000024   Code   RO         2074    .text.radar_param_hpf2_freq_set  lib_radar.lib(at6010_radar.o)
    0x08006170   0x08006170   0x0000000c   Code   RO         2068    .text.radar_param_hpf2_gain_get  lib_radar.lib(at6010_radar.o)
    0x0800617c   0x0800617c   0x00000028   Code   RO         2070    .text.radar_param_hpf2_gain_set  lib_radar.lib(at6010_radar.o)
    0x080061a4   0x080061a4   0x0000000c   Code   RO         2080    .text.radar_param_lpf_freq_get  lib_radar.lib(at6010_radar.o)
    0x080061b0   0x080061b0   0x00000028   Code   RO         2082    .text.radar_param_lpf_freq_set  lib_radar.lib(at6010_radar.o)
    0x080061d8   0x080061d8   0x0000000c   Code   RO         2076    .text.radar_param_lpf_gain_get  lib_radar.lib(at6010_radar.o)
    0x080061e4   0x080061e4   0x00000028   Code   RO         2078    .text.radar_param_lpf_gain_set  lib_radar.lib(at6010_radar.o)
    0x0800620c   0x0800620c   0x00000048   Code   RO          376    .text.radar_profile_init  radar_profile_init.o
    0x08006254   0x08006254   0x000001d8   Code   RO         2034    .text.radar_rf_init  lib_radar.lib(at6010_radar.o)
    0x0800642c   0x0800642c   0x00000010   Code   RO         2036    .text.radar_rf_pwr_off  lib_radar.lib(at6010_radar.o)
    0x0800643c   0x0800643c   0x00000010   Code   RO         2032    .text.radar_rf_pwr_on  lib_radar.lib(at6010_radar.o)
    0x0800644c   0x0800644c   0x0000005c   Code   RO         2046    .text.radar_rx_pf_cfg  lib_radar.lib(at6010_radar.o)
    0x080064a8   0x080064a8   0x00000080   Code   RO         2130    .text.radar_subframe_profile_config  lib_radar.lib(at6010_radar_frame.o)
    0x08006528   0x08006528   0x00000038   Code   RO         2048    .text.radar_tx_gain_set  lib_radar.lib(at6010_radar.o)
    0x08006560   0x08006560   0x00000034   Code   RO         2010    .text.radar_tx_pa_off  lib_radar.lib(at6010_radar.o)
    0x08006594   0x08006594   0x00000020   Code   RO         2008    .text.radar_tx_pa_on  lib_radar.lib(at6010_radar.o)
    0x080065b4   0x080065b4   0x00000020   Code   RO         2128    .text.radar_tx_profile_config  lib_radar.lib(at6010_radar_frame.o)
    0x080065d4   0x080065d4   0x00000008   Code   RO         2030    .text.radar_ulp_deinit  lib_radar.lib(at6010_radar.o)
    0x080065dc   0x080065dc   0x00000010   Code   RO         2028    .text.radar_ulp_enter  lib_radar.lib(at6010_radar.o)
    0x080065ec   0x080065ec   0x00000010   Code   RO         2026    .text.radar_ulp_init  lib_radar.lib(at6010_radar.o)
    0x080065fc   0x080065fc   0x0000000c   Code   RO         1217    .text.set_log_level  atlog.o
    0x08006608   0x08006608   0x00000088   Code   RO          106    .text.show_version  version.o
    0x08006690   0x08006690   0x000000d4   Code   RO         2407    .text.snr_calculate  lib_eol.lib(eolcal_comm.o)
    0x08006764   0x08006764   0x0000001a   Code   RO         1087    .text.sprintf_out   vsprintf.o
    0x0800677e   0x0800677e   0x00000002   PAD
    0x08006780   0x08006780   0x00000084   Code   RO          472    .text.start_timer   sys_timer.o
    0x08006804   0x08006804   0x00000058   Code   RO          474    .text.stop_timer    sys_timer.o
    0x0800685c   0x0800685c   0x00000012   Code   RO         2387    .text.swap          lib_eol.lib(findpeaks.o)
    0x0800686e   0x0800686e   0x00000002   PAD
    0x08006870   0x08006870   0x00000020   Code   RO          814    .text.sys_clk_adc_sdm_inv_set  at6010_clock.o
    0x08006890   0x08006890   0x00000014   Code   RO          820    .text.sys_clk_enable_dualtimer  at6010_clock.o
    0x080068a4   0x080068a4   0x00000018   Code   RO          816    .text.sys_clk_enable_radar  at6010_clock.o
    0x080068bc   0x080068bc   0x00000014   Code   RO          848    .text.sys_clk_enable_uart0  at6010_clock.o
    0x080068d0   0x080068d0   0x00000014   Code   RO          852    .text.sys_clk_enable_uart1  at6010_clock.o
    0x080068e4   0x080068e4   0x00000018   Code   RO          856    .text.sys_clk_enable_uart2  at6010_clock.o
    0x080068fc   0x080068fc   0x0000000c   Code   RO           90    .text.sys_data_init  sys_data.o
    0x08006908   0x08006908   0x00000040   Code   RO           92    .text.sys_data_item_get  sys_data.o
    0x08006948   0x08006948   0x000000ac   Code   RO           94    .text.sys_data_item_set  sys_data.o
    0x080069f4   0x080069f4   0x00000010   Code   RO          720    .text.sys_tick_handler  jiffies.o
    0x08006a04   0x08006a04   0x00000050   Code   RO          722    .text.sys_tick_init  jiffies.o
    0x08006a54   0x08006a54   0x00000050   Code   RO          464    .text.sys_timer_init  sys_timer.o
    0x08006aa4   0x08006aa4   0x00000050   Code   RO          462    .text.sys_timer_period  sys_timer.o
    0x08006af4   0x08006af4   0x00000020   Code   RO         1004    .text.timer_isr     at6010_timer.o
    0x08006b14   0x08006b14   0x00000044   Code   RO          887    .text.uart_baudrate_reset  at6010_uart.o
    0x08006b58   0x08006b58   0x00000044   Code   RO          885    .text.uart_baudrate_set  at6010_uart.o
    0x08006b9c   0x08006b9c   0x00000014   Code   RO          889    .text.uart_data_width_set  at6010_uart.o
    0x08006bb0   0x08006bb0   0x00000020   Code   RO          915    .text.uart_fifo_init  at6010_uart.o
    0x08006bd0   0x08006bd0   0x00000078   Code   RO          905    .text.uart_get_status  at6010_uart.o
    0x08006c48   0x08006c48   0x00000030   Code   RO          909    .text.uart_irq_enable  at6010_uart.o
    0x08006c78   0x08006c78   0x00000074   Code   RO          913    .text.uart_isr      at6010_uart.o
    0x08006cec   0x08006cec   0x00000028   Code   RO          891    .text.uart_parity_set  at6010_uart.o
    0x08006d14   0x08006d14   0x00000014   Code   RO          903    .text.uart_recv_byte  at6010_uart.o
    0x08006d28   0x08006d28   0x00000014   Code   RO          919    .text.uart_rx_fifo_clr  at6010_uart.o
    0x08006d3c   0x08006d3c   0x00000020   Code   RO          899    .text.uart_send_bs  at6010_uart.o
    0x08006d5c   0x08006d5c   0x00000014   Code   RO          897    .text.uart_send_byte  at6010_uart.o
    0x08006d70   0x08006d70   0x00000020   Code   RO          901    .text.uart_send_str  at6010_uart.o
    0x08006d90   0x08006d90   0x0000000c   Code   RO          895    .text.uart_set_dma_mode  at6010_uart.o
    0x08006d9c   0x08006d9c   0x00000014   Code   RO          907    .text.uart_set_hdl  at6010_uart.o
    0x08006db0   0x08006db0   0x00000018   Code   RO          893    .text.uart_stop_bits_set  at6010_uart.o
    0x08006dc8   0x08006dc8   0x00000018   Code   RO          917    .text.uart_tx_fifo_clr  at6010_uart.o
    0x08006de0   0x08006de0   0x000000a4   Code   RO          402    .text.ulp_mem_init  ulp_mem.o
    0x08006e84   0x08006e84   0x0000000c   Code   RO          406    .text.ulp_mem_set_addr  ulp_mem.o
    0x08006e90   0x08006e90   0x00000044   Code   RO         1347    .text.ulp_prog1_active_timer_cb  ci_ulp.o
    0x08006ed4   0x08006ed4   0x00000020   Code   RO         1349    .text.ulp_prog1_refresh_active_timer  ci_ulp.o
    0x08006ef4   0x08006ef4   0x0000006c   Code   RO         1353    .text.ulp_start_active_timer  ci_ulp.o
    0x08006f60   0x08006f60   0x0000007c   Code   RO         2478    .text.updateReportRBx8  lib_alg_ulp_bhr.lib(vitalmc_psm_det.o)
    0x08006fdc   0x08006fdc   0x00000004   Code   RO         2494    .text.vitalPSM_respiration_mgr_inform_lastMoveFrameId  lib_alg_ulp_bhr.lib(vitalmc_psm_respiration_mgr.o)
    0x08006fe0   0x08006fe0   0x0000000a   Code   RO         2498    .text.vitalPSM_respiration_mgr_isCaptured  lib_alg_ulp_bhr.lib(vitalmc_psm_respiration_mgr.o)
    0x08006fea   0x08006fea   0x0000001a   Code   RO         2488    .text.vitalPSM_respiration_mgr_perFrameInit  lib_alg_ulp_bhr.lib(vitalmc_psm_respiration_mgr.o)
    0x08007004   0x08007004   0x0000000c   Code   RO         2500    .text.vitalPSM_respiration_mgr_reset  lib_alg_ulp_bhr.lib(vitalmc_psm_respiration_mgr.o)
    0x08007010   0x08007010   0x00000224   Code   RO         2496    .text.vitalPSM_respiration_mgr_summary  lib_alg_ulp_bhr.lib(vitalmc_psm_respiration_mgr.o)
    0x08007234   0x08007234   0x0000001e   Code   RO         2490    .text.vitalPSM_respiration_mgr_tag  lib_alg_ulp_bhr.lib(vitalmc_psm_respiration_mgr.o)
    0x08007252   0x08007252   0x0000000e   Code   RO         2492    .text.vitalPSM_respiration_mgr_untag  lib_alg_ulp_bhr.lib(vitalmc_psm_respiration_mgr.o)
    0x08007260   0x08007260   0x00000038   Code   RO         2451    .text.vital_asin_pi_deg16x_LUT  lib_alg_ulp_bhr.lib(vital_common.o)
    0x08007298   0x08007298   0x0000007c   Code   RO         2437    .text.vital_atan2_rad_LUT  lib_alg_ulp_bhr.lib(vital_common.o)
    0x08007314   0x08007314   0x0000003e   Code   RO         2431    .text.vital_common_bitscan_MSB32  lib_alg_ulp_bhr.lib(vital_common.o)
    0x08007352   0x08007352   0x00000016   Code   RO         2433    .text.vital_common_bitscan_MSB64  lib_alg_ulp_bhr.lib(vital_common.o)
    0x08007368   0x08007368   0x00000030   Code   RO         2423    .text.vital_common_get_bitcount16  lib_alg_ulp_bhr.lib(vital_common.o)
    0x08007398   0x08007398   0x00000020   Code   RO         2445    .text.vital_common_get_complexMod  lib_alg_ulp_bhr.lib(vital_common.o)
    0x080073b8   0x080073b8   0x000008e8   Code   RO         2336    .text.vital_sign_PSM  lib_alg_ulp_bhr.lib(vitalmc_psm_core.o)
    0x08007ca0   0x08007ca0   0x00000094   Code   RO         2340    .text.vital_sign_PSM_advance  lib_alg_ulp_bhr.lib(vitalmc_psm_core.o)
    0x08007d34   0x08007d34   0x00000030   Code   RO         2474    .text.vital_sign_PSM_legacyDet_FramePrepare  lib_alg_ulp_bhr.lib(vitalmc_psm_det.o)
    0x08007d64   0x08007d64   0x000002dc   Code   RO         2476    .text.vital_sign_PSM_legacyDet_Process  lib_alg_ulp_bhr.lib(vitalmc_psm_det.o)
    0x08008040   0x08008040   0x000001d8   Code   RO         2338    .text.vital_sign_PSM_modeC_8FPS_Inject  lib_alg_ulp_bhr.lib(vitalmc_psm_core.o)
    0x08008218   0x08008218   0x0000007c   Code   RO         2301    .text.vital_sign_get_octantRB_unit_in_0dot1um_fromHwId  lib_alg_ulp_bhr.lib(vital_config.o)
    0x08008294   0x08008294   0x0000018c   Code   RO         2334    .text.vital_sign_modeB_angle_hit  lib_alg_ulp_bhr.lib(vitalmc_psm_core.o)
    0x08008420   0x08008420   0x0000000c   Code   RO         2305    .text.vital_sign_set_keeptime  lib_alg_ulp_bhr.lib(vital_config.o)
    0x0800842c   0x0800842c   0x0000000c   Code   RO         2293    .text.vital_sign_set_modb_min_rb  lib_alg_ulp_bhr.lib(vital_config.o)
    0x08008438   0x08008438   0x00000010   Code   RO         2279    .text.vital_sign_set_modb_rb  lib_alg_ulp_bhr.lib(vital_config.o)
    0x08008448   0x08008448   0x00000008   Code   RO         2299    .text.vital_sign_set_modh_min_rb  lib_alg_ulp_bhr.lib(vital_config.o)
    0x08008450   0x08008450   0x00000010   Code   RO         2285    .text.vital_sign_set_modh_rb  lib_alg_ulp_bhr.lib(vital_config.o)
    0x08008460   0x08008460   0x00000444   Code   RO         2328    .text.vitalmc_PSM_init  lib_alg_ulp_bhr.lib(vitalmc_psm_core.o)
    0x080088a4   0x080088a4   0x00000034   Code   RO         2188    .text.vitalmc_calib_loc_get  lib_eol.lib(eolcal_main.o)
    0x080088d8   0x080088d8   0x00000010   Code   RO         2186    .text.vitalmc_calib_loc_set  lib_eol.lib(eolcal_main.o)
    0x080088e8   0x080088e8   0x00000020   Code   RO         2190    .text.vitalmc_calib_locale_fft_get_req  lib_eol.lib(eolcal_main.o)
    0x08008908   0x08008908   0x0000000c   Code   RO         2194    .text.vitalmc_calib_locale_fft_get_rsp  lib_eol.lib(eolcal_main.o)
    0x08008914   0x08008914   0x0000000c   Code   RO         2200    .text.vitalmc_calib_locale_info_get  lib_eol.lib(eolcal_main.o)
    0x08008920   0x08008920   0x00000028   Code   RO         2198    .text.vitalmc_calib_result_set  lib_eol.lib(eolcal_main.o)
    0x08008948   0x08008948   0x00000014   Code   RO         2192    .text.vitalmc_calib_snr_get_req  lib_eol.lib(eolcal_main.o)
    0x0800895c   0x0800895c   0x00000010   Code   RO         2196    .text.vitalmc_calib_snr_get_rsp  lib_eol.lib(eolcal_main.o)
    0x0800896c   0x0800896c   0x00000034   Code   RO         2317    .text.vitalmc_common_updateFeaturebitmap  lib_alg_ulp_bhr.lib(vital_config.o)
    0x080089a0   0x080089a0   0x00000010   Code   RO         2202    .text.vitalmc_eol_entry_flag  lib_eol.lib(eolcal_main.o)
    0x080089b0   0x080089b0   0x00000028   Code   RO         1091    .text.vsnprintf     vsprintf.o
    0x080089d8   0x080089d8   0x00000008   Code   RO          808    .text.xtal_freq_get  at6010_clock.o
    0x080089e0   0x080089e0   0x00000444   Code   RO         1083    .text.z_prf         vsprintf.o
    0x08008e24   0x08008e24   0x000001f6   Code   RO         2614    .text_divfast       c_p.l(aeabi_sdivfast.o)
    0x0800901a   0x0800901a   0x00000002   PAD
    0x0800901c   0x0800901c   0x0000000c   Ven    RO         2972    Veneer$$Code        anon$$obj.o
    0x08009028   0x08009028   0x0000000c   Ven    RO         2973    Veneer$$Code        anon$$obj.o
    0x08009034   0x08009034   0x0000000c   Ven    RO         2974    Veneer$$Code        anon$$obj.o
    0x08009040   0x08009040   0x0000000c   Ven    RO         2975    Veneer$$Code        anon$$obj.o
    0x0800904c   0x0800904c   0x0000000c   Ven    RO         2976    Veneer$$Code        anon$$obj.o
    0x08009058   0x08009058   0x0000000c   Ven    RO         2977    Veneer$$Code        anon$$obj.o
    0x08009064   0x08009064   0x00000032   Code   RO         2768    i.__ARM_common_ll_muluu  m_ps.l(rredf.o)
    0x08009096   0x08009096   0x00000022   Code   RO         2744    i.__ARM_fpclassifyf  m_ps.l(fpclassifyf.o)
    0x080090b8   0x080090b8   0x000000ac   Code   RO         2806    i.__kernel_poly     m_ps.l(poly.o)
    0x08009164   0x08009164   0x00000014   Code   RO         2730    i.__mathlib_dbl_divzero  m_ps.l(dunder.o)
    0x08009178   0x08009178   0x0000000a   Code   RO         2731    i.__mathlib_dbl_infnan  m_ps.l(dunder.o)
    0x08009182   0x08009182   0x00000010   Code   RO         2733    i.__mathlib_dbl_invalid  m_ps.l(dunder.o)
    0x08009192   0x08009192   0x0000000e   Code   RO         2746    i.__mathlib_flt_divzero  m_ps.l(funder.o)
    0x080091a0   0x080091a0   0x0000000a   Code   RO         2747    i.__mathlib_flt_infnan  m_ps.l(funder.o)
    0x080091aa   0x080091aa   0x00000008   Code   RO         2748    i.__mathlib_flt_infnan2  m_ps.l(funder.o)
    0x080091b2   0x080091b2   0x0000000c   Code   RO         2749    i.__mathlib_flt_invalid  m_ps.l(funder.o)
    0x080091be   0x080091be   0x0000000e   Code   RO         2750    i.__mathlib_flt_overflow  m_ps.l(funder.o)
    0x080091cc   0x080091cc   0x0000000e   Code   RO         2752    i.__mathlib_flt_underflow  m_ps.l(funder.o)
    0x080091da   0x080091da   0x00000002   PAD
    0x080091dc   0x080091dc   0x00000180   Code   RO         2765    i.__mathlib_rredf2  m_ps.l(rredf.o)
    0x0800935c   0x0800935c   0x00000016   Code   RO         2643    i._fgr              fz_ps.l(fcmp.o)
    0x08009372   0x08009372   0x00000002   PAD
    0x08009374   0x08009374   0x00000178   Code   RO         2667    i.cosf              m_ps.l(cosf.o)
    0x080094ec   0x080094ec   0x00000354   Code   RO         2761    i.log               m_ps.l(log.o)
    0x08009840   0x08009840   0x000000ec   Code   RO         2671    i.log10             m_ps.l(log10.o)
    0x0800992c   0x0800992c   0x00000620   Code   RO         2675    i.powf              m_ps.l(powf.o)
    0x08009f4c   0x08009f4c   0x00000074   Code   RO         2683    i.roundf            m_ps.l(roundf.o)
    0x08009fc0   0x08009fc0   0x00000184   Code   RO         2680    i.sinf              m_ps.l(sinf.o)
    0x0800a144   0x0800a144   0x00000064   Code   RO         2802    x$fpl$deqf          fz_ps.l(deqf.o)
    0x0800a1a8   0x0800a1a8   0x0000008c   Code   RO         2635    x$fpl$fadd          fz_ps.l(faddsub.o)
    0x0800a234   0x0800a234   0x00000054   Code   RO         2719    x$fpl$fgeqf         fz_ps.l(fgef.o)
    0x0800a288   0x0800a288   0x000000b0   Code   RO         2664    x$fpl$fmul          fz_ps.l(fmul.o)
    0x0800a338   0x0800a338   0x00000018   Code   RO         2636    x$fpl$frsb          fz_ps.l(faddsub.o)
    0x0800a350   0x0800a350   0x000000d0   Code   RO         2637    x$fpl$fsub          fz_ps.l(faddsub.o)
    0x0800a420   0x0800a420   0x00000000   Code   RO         2729    x$fpl$usenofp       fz_ps.l(usenofp.o)
    0x0800a420   0x0800a420   0x00000028   Data   RO         2562    .constdata          c_p.l(_printf_hex_int.o)
    0x0800a448   0x0800a448   0x00000040   Data   RO         2654    .constdata          fz_ps.l(fdiv.o)
    0x0800a488   0x0800a488   0x00000140   Data   RO         2676    .constdata          m_ps.l(powf.o)
    0x0800a5c8   0x0800a5c8   0x00000038   Data   RO         2762    .constdata          m_ps.l(log.o)
    0x0800a600   0x0800a600   0x00000020   Data   RO         2766    .constdata          m_ps.l(rredf.o)
    0x0800a620   0x0800a620   0x00000080   Data   RO         2800    .constdata          fz_ps.l(ddiv.o)
    0x0800a6a0   0x0800a6a0   0x00000008   Data   RO         2808    .constdata          m_ps.l(qnan.o)
    0x0800a6a8   0x0800a6a8   0x00000003   Data   RO         1413    .rodata..L__const.ci_eol_test_mode_gpio_test.gpio_cfg  ci_eol.o
    0x0800a6ab   0x0800a6ab   0x00000001   PAD
    0x0800a6ac   0x0800a6ac   0x00000018   Data   RO         1436    .rodata..L__const.eol_radar_rf_cfg.frm_cfg  eol_radar_cfg.o
    0x0800a6c4   0x0800a6c4   0x00000004   PAD
    0x0800a6c8   0x0800a6c8   0x00000008   Data   RO         1438    .rodata..L__const.eol_radar_win_cfg.win_cfg  eol_radar_cfg.o
    0x0800a6d0   0x0800a6d0   0x00000008   Data   RO         1517    .rodata..L__const.radar_md_fft_win_cfg.win_cfg  lib_alg_ulp_bhr.lib(mdet_fmcw_ulp.o)
    0x0800a6d8   0x0800a6d8   0x00000144   Data   RO          380    .rodata..L__const.radar_profile_init.profile  radar_profile_init.o
    0x0800a81c   0x0800a81c   0x00000008   Data   RO         2088    .rodata.cst8        lib_radar.lib(at6010_radar.o)
    0x0800a824   0x0800a824   0x000000c0   Data   RO         1294    .rodata.m_ci_cmd_tbl  ci_cmd.o
    0x0800a8e4   0x0800a8e4   0x0000000c   Data   RO          923    .rodata.m_uart_hwd  at6010_uart.o
    0x0800a8f0   0x0800a8f0   0x00000438   Data   RO          394    .rodata.mdet_para   mdet_para_mgr.o
    0x0800ad28   0x0800ad28   0x00000048   Data   RO          646    .rodata.radar_param_func  hal_radar.o
    0x0800ad70   0x0800ad70   0x00003650   Data   RO           20    .rodata.ramrun_image  ramrun_image.o
    0x0800e3c0   0x0800e3c0   0x00000004   Data   RO           19    .rodata.ramrun_image_len  ramrun_image.o
    0x0800e3c4   0x0800e3c4   0x000000c8   Data   RO         2520    .rodata.s_PNDBEV62  lib_alg_ulp_bhr.lib(vitalmc_threshold.o)
    0x0800e48c   0x0800e48c   0x000000c8   Data   RO         2521    .rodata.s_PNDBHV62  lib_alg_ulp_bhr.lib(vitalmc_threshold.o)
    0x0800e554   0x0800e554   0x00000039   Data   RO          110    .rodata.str1.1      version.o
    0x0800e58d   0x0800e58d   0x00000009   Data   RO         1097    .rodata.str1.1      vsprintf.o
    0x0800e596   0x0800e596   0x0000004f   Data   RO         1414    .rodata.str1.1      ci_eol.o
    0x0800e5e5   0x0800e5e5   0x00000003   PAD
    0x0800e5e8   0x0800e5e8   0x0000000c   Data   RO           97    .rodata.sys_data_default  sys_data.o
    0x0800e5f4   0x0800e5f4   0x00000060   Data   RO         2963    Region$$Table       anon$$obj.o


    Execution Region RET_RAM_ADDR_TBL (Exec base: 0x20004000, Load base: 0x0800e654, Size: 0x00000080, Max: 0x00000080, ABSOLUTE, UNINIT)

    Exec Addr    Load Addr    Size         Type   Attr      Idx    E Section Name        Object

    0x20004000   0x0800e654   0x00000080   Data   RW          408    .sec_ret_ram_addr_tbl  ulp_mem.o


    Execution Region RET_SYS_MEM (Exec base: 0x20004080, Load base: 0x0800e6d4, Size: 0x00000780, Max: 0x00000780, ABSOLUTE)

    Exec Addr    Load Addr    Size         Type   Attr      Idx    E Section Name        Object

    0x20004080        -       0x00000780   Zero   RW            1    RET_SYS_MEM.bss     anon$$obj.o


    Execution Region RET_DSP_MEM (Exec base: 0x20004800, Load base: 0x0800e6d4, Size: 0x00006800, Max: 0x00006800, ABSOLUTE)

    Exec Addr    Load Addr    Size         Type   Attr      Idx    E Section Name        Object

    0x20004800        -       0x00006800   Zero   RW            2    RET_DSP_MEM.bss     anon$$obj.o


    Execution Region RW_RAM (Exec base: 0x20010000, Load base: 0x0800e6d8, Size: 0x00001538, Max: 0x0000fc00, ABSOLUTE)

    Exec Addr    Load Addr    Size         Type   Attr      Idx    E Section Name        Object

    0x20010000   0x0800e6d8   0x00000044   Code   RO         1048    .ram_region         cpu-at601x.o
    0x20010044   0x0800e71c   0x00000160   Code   RO         1335    .ram_region         ci_port.o
    0x200101a4   0x0800e87c   0x00000360   Code   RO         1532    .ram_region         lib_platform.lib(spi_flash_drv.o)
    0x20010504   0x0800ebdc   0x0000003c   Code   RO         1530    .text.radar_drv_get_uuid  lib_platform.lib(spi_flash_drv.o)
    0x20010540   0x0800ec18   0x00000004   Code   RO         2363    .text.spifls_host_clear_fifo_data  lib_platform.lib(spi_flash_host.o)
    0x20010544   0x0800ec1c   0x00000020   Code   RO         2361    .text.spifls_host_get_rx_data  lib_platform.lib(spi_flash_host.o)
    0x20010564   0x0800ec3c   0x00000010   Code   RO         2355    .text.spifls_host_read_disable  lib_platform.lib(spi_flash_host.o)
    0x20010574   0x0800ec4c   0x00000002   Code   RO         2357    .text.spifls_host_read_enable  lib_platform.lib(spi_flash_host.o)
    0x20010576   0x0800ec4e   0x00000002   PAD
    0x20010578   0x0800ec50   0x00000060   Code   RO         2365    .text.spifls_host_send_cmd  lib_platform.lib(spi_flash_host.o)
    0x200105d8   0x0800ecb0   0x0000003c   Code   RO         2359    .text.spifls_host_send_tx_fifo_data  lib_platform.lib(spi_flash_host.o)
    0x20010614   0x0800ecec   0x0000000c   Ven    RO         2978    Veneer$$Code        anon$$obj.o
    0x20010620   0x0800ecf8   0x0000000c   Ven    RO         2979    Veneer$$Code        anon$$obj.o
    0x2001062c   0x0800ed04   0x0000000c   Ven    RO         2980    Veneer$$Code        anon$$obj.o
    0x20010638   0x0800ed10   0x0000000c   Ven    RO         2981    Veneer$$Code        anon$$obj.o
    0x20010644   0x0800ed1c   0x0000000c   Ven    RO         2982    Veneer$$Code        anon$$obj.o
    0x20010650   0x0800ed28   0x00000004   Data   RW         1064    .data.SystemCoreClock  system_cmsdk_cm0plus.o
    0x20010654   0x0800ed2c   0x0000000c   Data   RW         1412    .data.eol_ci_rsp    ci_eol.o
    0x20010660   0x0800ed38   0x00000010   Data   RW         1039    .data.m_dualtimer_dev  at6010_dualtimer.o
    0x20010670   0x0800ed48   0x00000001   Data   RW         1227    .data.m_log_print_level  atlog.o
    0x20010671   0x0800ed49   0x00000003   PAD
    0x20010674   0x0800ed4c   0x00000020   Data   RW         1006    .data.m_timer_dev   at6010_timer.o
    0x20010694   0x0800ed6c   0x00000001   Data   RW         1355    .data.m_ulp_prog1_run_time  ci_ulp.o
    0x20010695   0x0800ed6d   0x00000001   Data   RW         1357    .data.m_ulp_prog1_run_time_setting  ci_ulp.o
    0x20010696   0x0800ed6e   0x00000007   Data   RW         1550    .data.p_flsh_config  lib_platform.lib(spi_flash_drv.o)
    0x2001069d   0x0800ed75   0x00000003   PAD
    0x200106a0        -       0x00000060   Zero   RW         2810    .bss                c_p.l(libspace.o)
    0x20010700        -       0x00000004   Zero   RW          724    .bss.__jiffies      jiffies.o
    0x20010704        -       0x00000054   Zero   RW          451    .bss.__stdout       retarget.o
    0x20010758        -       0x00000004   Zero   RW         1050    .bss._irqs_disabled_counter  cpu-at601x.o
    0x2001075c        -       0x00000004   Zero   RW         1051    .bss._irqs_disabled_flag  cpu-at601x.o
    0x20010760        -       0x00000001   Zero   RW           49    .bss.app_hpd_log_uart_init.init_flag  app_hpd_ulp.o
    0x20010761   0x0800ed75   0x00000003   PAD
    0x20010764        -       0x00000004   Zero   RW         1948    .bss.cfar_dev_irq_cb  lib_radar.lib(at6010_cfar.o)
    0x20010768        -       0x00000004   Zero   RW         1999    .bss.fft_dev_irq_cb  lib_radar.lib(at6010_fft.o)
    0x2001076c        -       0x00000004   Zero   RW          570    .bss.fft_handle     hal_fft.o
    0x20010770        -       0x00000004   Zero   RW         2319    .bss.g_config       lib_alg_ulp_bhr.lib(vital_config.o)
    0x20010774        -       0x00000004   Zero   RW         1577    .bss.m_adc_hdl      lib_platform.lib(at6010_aux_adc.o)
    0x20010778        -       0x00000010   Zero   RW         1338    .bss.m_ci_buf       ci_port.o
    0x20010788        -       0x00000058   Zero   RW         1337    .bss.m_ci_ctxt      ci_port.o
    0x200107e0        -       0x00000004   Zero   RW          876    .bss.m_clk_mcu      at6010_clock.o
    0x200107e4        -       0x0000000c   Zero   RW         1435    .bss.m_eol_radar_cfg_ctx  eol_radar_cfg.o
    0x200107f0        -       0x00000004   Zero   RW           50    .bss.m_hpd_ctx      app_hpd_ulp.o
    0x200107f4        -       0x000000fc   Zero   RW          127    .bss.m_msg_queue    k_msg.o
    0x200108f0        -       0x00000004   Zero   RW         2084    .bss.m_radar_cb     lib_radar.lib(at6010_radar.o)
    0x200108f4        -       0x00000001   Zero   RW         2087    .bss.m_rx_num       lib_radar.lib(at6010_radar.o)
    0x200108f5   0x0800ed75   0x00000003   PAD
    0x200108f8        -       0x0000000c   Zero   RW         1549    .bss.m_spifls_id    lib_platform.lib(spi_flash_drv.o)
    0x20010904        -       0x00000004   Zero   RW           96    .bss.m_sys_data_ptr  sys_data.o
    0x20010908        -       0x000001a8   Zero   RW          480    .bss.m_sys_tim_dev  sys_timer.o
    0x20010ab0        -       0x00000048   Zero   RW          924    .bss.m_uart_hdl     at6010_uart.o
    0x20010af8        -       0x00000003   Zero   RW          615    .bss.m_uart_state   hal_uart.o
    0x20010afb   0x0800ed75   0x00000001   PAD
    0x20010afc        -       0x00000008   Zero   RW         1356    .bss.m_ulp_prog1_active_timer  ci_ulp.o
    0x20010b04        -       0x00000001   Zero   RW         2089    .bss.m_vco_cap      lib_radar.lib(at6010_radar.o)
    0x20010b05   0x0800ed75   0x00000003   PAD
    0x20010b08        -       0x00000004   Zero   RW         1513    .bss.md_handler     lib_alg_ulp_bhr.lib(mdet_fmcw_ulp.o)
    0x20010b0c        -       0x00000004   Zero   RW         2342    .bss.p_psm_sign     lib_alg_ulp_bhr.lib(vitalmc_psm_core.o)
    0x20010b10        -       0x000000a0   Zero   RW         1244    .bss.pools          at_malloc.o
    0x20010bb0        -       0x00000004   Zero   RW         2240    .bss.radar_fmcw_ca_dispatch.framdId  lib_eol.lib(mdet_eolcal.o)
    0x20010bb4   0x0800ed75   0x00000004   PAD
    0x20010bb8        -       0x00000080   Zero   RW         1515    .bss.radar_fmcw_md_perform.algo_det_ret  lib_alg_ulp_bhr.lib(mdet_fmcw_ulp.o)
    0x20010c38        -       0x00000100   Zero   RW         1072    HEAP                startup_cmsdk_cm0plus.o
    0x20010d38        -       0x00000800   Zero   RW         1071    STACK               startup_cmsdk_cm0plus.o


    Execution Region ARM_LIB_HEAP (Exec base: 0x20011538, Load base: 0x0800ed78, Size: 0x00000200, Max: 0x00000200, ABSOLUTE)

    Exec Addr    Load Addr    Size         Type   Attr      Idx    E Section Name        Object

    0x20011538        -       0x00000200   Zero   RW            3    ARM_LIB_HEAP.bss    anon$$obj.o


    Execution Region ARM_LIB_STACK (Exec base: 0x2001fe00, Load base: 0x0800ed78, Size: 0x00000200, Max: 0x00000200, ABSOLUTE)

    Exec Addr    Load Addr    Size         Type   Attr      Idx    E Section Name        Object

    0x2001fe00        -       0x00000200   Zero   RW            4    ARM_LIB_STACK.bss   anon$$obj.o


    Execution Region RADAR_RAM (Exec base: 0x20020000, Load base: 0x0800ed80, Size: 0x00001e00, Max: 0x00010000, ABSOLUTE, COMPRESSED[0x00000040])

    Exec Addr    Load Addr    Size         Type   Attr      Idx    E Section Name        Object

    0x20020000   COMPRESSED   0x00001e00   Data   RW         1514    .radar_mem          lib_alg_ulp_bhr.lib(mdet_fmcw_ulp.o)


    Execution Region FFT_WIN_RAM (Exec base: 0x40011000, Load base: 0x0800edc0, Size: 0x00000400, Max: 0x00001000, ABSOLUTE, COMPRESSED[0x000003ec])

    Exec Addr    Load Addr    Size         Type   Attr      Idx    E Section Name        Object

    0x40011000   COMPRESSED   0x00000200   Data   RW         1437    .fft_win_mem        eol_radar_cfg.o
    0x40011200   COMPRESSED   0x00000200   Data   RW         1516    .fft_win_mem        lib_alg_ulp_bhr.lib(mdet_fmcw_ulp.o)


==============================================================================

Image component sizes


      Code (inc. data)   RO Data    RW Data    ZI Data      Debug   Object Name

        56          0          0          0          0       1220   app_eol.o
       284         16          0          0          5       5183   app_hpd_ulp.o
       444         44          0          0          4       8945   at6010_clock.o
       164          8          0         16          0       4322   at6010_dualtimer.o
       380         20          0          0          0      19302   at6010_gpio.o
       136          0          0          0          0       2947   at6010_irq.o
        32          4          0         32          0       6029   at6010_timer.o
       716        128         12          0         72      11183   at6010_uart.o
       184         12          0          0        160       4245   at_malloc.o
       120         16          0          1          0       2349   atlog.o
        12          4          0          0          0        826   bootrom_func.o
      1050         88        192          0          0      10433   ci_cmd.o
      1628        316         82         12          0      12850   ci_eol.o
        92          4          0          0          0       1934   ci_main.o
       634        114          0          0        104       7707   ci_port.o
       208         96          0          2          8       3067   ci_ulp.o
        68         16          0          0          8       1135   cpu-at601x.o
       280         32         32        512         12       4565   eol_radar_cfg.o
       154         12          0          0          0       5777   hal_dualtimer.o
      1282         56          0          0          4      11461   hal_fft.o
       736         32         72          0          0       9841   hal_radar.o
       224         28          0          0          3       8856   hal_uart.o
        96         20          0          0          4       3015   jiffies.o
       460        140          0          0        252       3655   k_msg.o
       300         92          0          0          0       1683   main_presence_ulp.o
        20          4       1080          0          0       1225   mdet_para_mgr.o
        18          0          0          0          0       6958   osal_task.o
       114          8          0          0          0       4238   osal_timer.o
        72         32        324          0          0       2592   radar_profile_init.o
         0          0      13908          0          0        485   ramrun_image.o
        36          0          0          0         84       3903   retarget.o
        56         26        192          0       2304        724   startup_cmsdk_cm0plus.o
        24          0          0          0          0      13696   string.o
       248         24         12          0          4       2967   sys_data.o
       672        136          0          0        424       8594   sys_timer.o
        56         20          0          4          0       2689   system_cmsdk_cm0plus.o
       176         84          0        128          0       2508   ulp_mem.o
       136         80         57          0          0       1019   version.o
      2540         68          9          0          0      15907   vsprintf.o

    ----------------------------------------------------------------------
     14060       1824      16076        710      33024     220035   Object Totals
       132         44         96          0      29568          0   (incl. Generated)
        20          0          8          3          4          0   (incl. Padding)

    ----------------------------------------------------------------------

      Code (inc. data)   RO Data    RW Data    ZI Data      Debug   Library Member Name

        58          0          0          0          0          0   __dczerorl.o
         8          0          0          0          0         68   __main.o
       108          0          0          0          0         76   __printf.o
         0          0          0          0          0          0   __rtentry.o
        12          0          0          0          0          0   __rtentry2.o
         8          4          0          0          0          0   __rtentry7.o
        60          8          0          0          0          0   __scatter.o
        26          0          0          0          0          0   __scatter_copy.o
        28          0          0          0          0          0   __scatter_zi.o
        46          0          0          0          0        100   _printf_char.o
        48          6          0          0          0         88   _printf_char_common.o
        40          6          0          0          0         72   _printf_char_file.o
        10          0          0          0          0          0   _printf_d.o
       108         18          0          0          0         76   _printf_dec.o
        88          4         40          0          0         72   _printf_hex_int.o
       176          0          0          0          0         84   _printf_intcommon.o
         2          0          0          0          0          0   _printf_percent.o
         4          0          0          0          0          0   _printf_percent_end.o
        10          0          0          0          0          0   _printf_s.o
        82          0          0          0          0         72   _printf_str.o
        10          0          0          0          0          0   _printf_x.o
        22          0          0          0          0         92   _rserrno.o
        10          0          0          0          0         60   _sputc.o
        18          0          0          0          0         68   aeabi_memset.o
       502          0          0          0          0         92   aeabi_sdivfast.o
        16          0          0          0          0         68   exit.o
         6          0          0          0          0        136   heapauxi.o
         2          0          0          0          0          0   libinit.o
         2          0          0          0          0          0   libinit2.o
         2          0          0          0          0          0   libshutdown.o
         2          0          0          0          0          0   libshutdown2.o
         0          0          0          0         96          0   libspace.o
        48          0          0          0          0         72   llmul.o
        32          0          0          0          0         68   llshl.o
        38          0          0          0          0         68   llsshr.o
       272          0          0          0          0         88   lludiv.o
        34          0          0          0          0         68   llushr.o
        28          6          0          0          0         84   noretval__2printf.o
        40          4          0          0          0         84   noretval__2sprintf.o
         8          4          0          0          0         68   rt_errno_addr_intlibspace.o
        64          0          0          0          0        108   rt_memclr.o
       186          0          0          0          0        144   rt_memcpy.o
       150          0          0          0          0        104   rt_memmove.o
         2          0          0          0          0          0   rtexit.o
        10          0          0          0          0          0   rtexit2.o
        40          0          0          0          0         60   rtudiv10.o
         2          0          0          0          0         68   use_no_semi.o
         2          0          0          0          0         68   use_no_semi_2.o
        46          0          0          0          0         60   cmpret.o
       856         20          0          0          0        208   daddsub.o
       160          6          0          0          0         76   dcmpin.o
      1096         26        128          0          0        112   ddiv.o
       100          4          0          0          0         92   deqf.o
       108         10          0          0          0         72   dfixi.o
        72          4          0          0          0         68   dfixui.o
        88          0          0          0          0         92   dflti.o
       584         26          0          0          0         84   dmul.o
        20          6          0          0          0         68   dnan2.o
        96         12          0          0          0         72   dscalbn.o
        84          4          0          0          0         60   f2d.o
       372          8          0          0          0        240   faddsub.o
        22          0          0          0          0         68   fcmp.o
       100          4          0          0          0         68   fcmpin.o
       352         10         64          0          0         92   fdiv.o
        76          0          0          0          0         68   ffixi.o
       138          0          0          0          0         72   ffixir.o
        48          0          0          0          0         60   ffixui.o
        94          0          0          0          0         92   fflti.o
       130          0          0          0          0        100   ffltl.o
        84          4          0          0          0         76   fgef.o
       176          4          0          0          0         80   fmul.o
        16          6          0          0          0         68   fnan2.o
       128          6          0          0          0         68   frnd.o
        68          4          0          0          0         68   fscalbn.o
        94          0          0          0          0         68   retnan.o
         0          0          0          0          0          0   usenofp.o
       136         28          0          0          0       2896   frame_header.o
       646         44          8       8192        132      14933   mdet_fmcw_ulp.o
       344         16          0          0          0       9264   vital_common.o
       240         48          0          0          4       8683   vital_config.o
      4388        208          0          0          4      25674   vitalmc_psm_core.o
       904          4          0          0          0       8829   vitalmc_psm_det.o
       644          8          0          0          0       4752   vitalmc_psm_respiration_mgr.o
         0          0        400          0          0       1047   vitalmc_threshold.o
       816         60          0          0          0       5912   eolcal_comm.o
      2384        444          0          0          0      12284   eolcal_main.o
       342         32          0          0          0       3108   findpeaks.o
       104          4          0          0          4       4682   mdet_eolcal.o
        40          8          0          0          4       8005   at6010_aux_adc.o
        80         20          0          0          0       1135   at6010_cache.o
       296         40          0          0          0       7996   at6010_pmu.o
       924         32          0          7         12      11093   spi_flash_drv.o
       210         32          0          0          0       4503   spi_flash_host.o
       260         36          0          0          4       4975   at6010_cfar.o
      1012        120          0          0          4       8988   at6010_fft.o
      2444        144          8          0          6      16273   at6010_radar.o
       192         16          0          0          0       6773   at6010_radar_adc.o
       724         44          0          0          0       7917   at6010_radar_frame.o
       376         58          0          0          0        104   cosf.o
        46          4          0          0          0        204   dunder.o
        34          0          0          0          0         60   fpclassifyf.o
        72          0          0          0          0        408   funder.o
       852         62         56          0          0        136   log.o
       236         36          0          0          0         76   log10.o
       172          0          0          0          0         76   poly.o
      1568         92        320          0          0        172   powf.o
         0          0          8          0          0          0   qnan.o
       116          0          0          0          0         72   roundf.o
       434         18         32          0          0        168   rredf.o
       388         58          0          0          0        104   sinf.o

    ----------------------------------------------------------------------
     29124       1940       1064       8202        280     186030   Library Totals
        22          0          0          3         10          0   (incl. Padding)

    ----------------------------------------------------------------------

      Code (inc. data)   RO Data    RW Data    ZI Data      Debug   Library Name

      2470         60         40          0         96       2376   c_p.l
      5208        164        192          0          0       2352   fz_ps.l
      7302        356        408       8192        140      76078   lib_alg_ulp_bhr.lib
      3646        540          0          0          4      25986   lib_eol.lib
      1550        132          0          7         16      32732   lib_platform.lib
      4632        360          8          0         14      44926   lib_radar.lib
      4294        328        416          0          0       1580   m_ps.l

    ----------------------------------------------------------------------
     29124       1940       1064       8202        280     186030   Library Totals

    ----------------------------------------------------------------------

==============================================================================


      Code (inc. data)   RO Data    RW Data    ZI Data      Debug   

     43184       3764      17140       8912      33304     401717   Grand Totals
     43184       3764      17140       1276      33304     401717   ELF Image Totals (compressed)
     43184       3764      17140       1276          0          0   ROM Totals

==============================================================================

    Total RO  Size (Code + RO Data)                60324 (  58.91kB)
    Total RW  Size (RW Data + ZI Data)             42216 (  41.23kB)
    Total ROM Size (Code + RO Data + RW Data)      61600 (  60.16kB)

==============================================================================

