<html>
<body>
<pre>
<h1>µVision Build Log</h1>
<h2>Tool Versions:</h2>
IDE-Version: ¦ÌVision V5.28.0.0
Copyright (C) 2019 ARM Ltd and ARM Germany GmbH. All rights reserved.
License Information: 1 1, 1, LIC=BL201-CLUID-ZDSK6-D80ET-QS643-3PYMB
 
Tool Versions:
Toolchain:       MDK-ARM Professional  Version: 5.28.0.0
Toolchain Path:  D:\keil5\KEIL5\ARM\ARMCLANG\Bin
C Compiler:      ArmClang.exe V6.12
Assembler:       Armasm.exe V6.12
Linker/Locator:  ArmLink.exe V6.12
Library Manager: ArmAr.exe V6.12
Hex Converter:   FromElf.exe V6.12
CPU DLL:         SARMCM3.DLL V5.28.0.0
Dialog DLL:      DARMCM1.DLL V1.19.2.0
Target DLL:      Segger\JL2CM3.dll V2.99.36.0
Dialog DLL:      TARMCM1.DLL V1.14.1.0
 
<h2>Project:</h2>
D:\RadarProject\at6010_sdk_v0.4.2_beta_20240802_20250318\examples\dpu\doppler_fft\doppler_fft_base\mdk\doppler_fft_base.uvprojx
Project File Date:  05/28/2025

<h2>Output:</h2>
*** Using Compiler 'V6.12', folder: 'D:\keil5\KEIL5\ARM\ARMCLANG\Bin'
Build target 'BW_5G'
assembling startup_CMSDK_CM0plus.s...
compiling retarget.c...
compiling hal_fft.c...
compiling hal_dualtimer.c...
compiling radar_cfg_hal.c...
compiling hal_clock.c...
compiling system_CMSDK_CM0plus.c...
compiling doppler_fft_base_main.c...
compiling hal_uart.c...
compiling at6010_irq.c...
compiling at6010_dualtimer.c...
compiling hal_timer.c...
compiling at6010_uart.c...
compiling at6010_clock.c...
compiling hal_dma.c...
compiling hal_radar.c...
compiling hal_spi.c...
compiling at6010_timer.c...
compiling at6010_gpio.c...
compiling frame_header.c...
compiling cpu-at601x.c...
compiling output_config.c...
linking...
Program Size: Code=23548 RO-data=1264 RW-data=17784 ZI-data=8716  
FromELF: creating hex file...
After Build - User command #1: D:\keil5\KEIL5\\ARM\ARMCLANG\BIN\fromelf.exe D:\RadarProject\at6010_sdk_v0.4.2_beta_20240802_20250318\examples\dpu\doppler_fft\doppler_fft_base\mdk\out\doppler_fft_base.axf --vhx --8x1 --output radar_test.hex --bin --output out\radar_test.bin
After Build - User command #2: D:\keil5\KEIL5\\ARM\ARMCLANG\BIN\fromelf.exe D:\RadarProject\at6010_sdk_v0.4.2_beta_20240802_20250318\examples\dpu\doppler_fft\doppler_fft_base\mdk\out\doppler_fft_base.axf --text -a -c --output out\radar_test.txt
".\out\doppler_fft_base.axf" - 0 Error(s), 0 Warning(s).

<h2>Software Packages used:</h2>

Package Vendor: Airtouch
                
                Airtouch.AT60xx.0.1.0
                AT60xx Arm Cortex-M0+ Device Family Pack

<h2>Collection of Component include folders:</h2>
  .\RTE\_BW_5G

<h2>Collection of Component Files used:</h2>
Build Time Elapsed:  00:00:15
</pre>
</body>
</html>
